Archive member included to satisfy reference by file (symbol)

../../../../lib/ksdk_platform_lib/armgcc/KL03Z4/release/libksdk_platform.a(fsl_os_abstraction_bm.c.obj)
                              CMakeFiles/Warp.dir/home/students/lpb32/Warp-Coursework-2/build/ksdk1.1/work/demos/Warp/src/boot.c.obj (OSA_TimeGetMsec)
../../../../lib/ksdk_platform_lib/armgcc/KL03Z4/release/libksdk_platform.a(fsl_clock_manager.c.obj)
                              CMakeFiles/Warp.dir/home/students/lpb32/Warp-Coursework-2/build/ksdk1.1/work/demos/Warp/src/boot.c.obj (CLOCK_SYS_Init)
../../../../lib/ksdk_platform_lib/armgcc/KL03Z4/release/libksdk_platform.a(fsl_clock_MKL03Z4.c.obj)
                              ../../../../lib/ksdk_platform_lib/armgcc/KL03Z4/release/libksdk_platform.a(fsl_clock_manager.c.obj) (CLOCK_SYS_SetConfiguration)
../../../../lib/ksdk_platform_lib/armgcc/KL03Z4/release/libksdk_platform.a(fsl_interrupt_manager.c.obj)
                              ../../../../lib/ksdk_platform_lib/armgcc/KL03Z4/release/libksdk_platform.a(fsl_os_abstraction_bm.c.obj) (INT_SYS_InstallHandler)
../../../../lib/ksdk_platform_lib/armgcc/KL03Z4/release/libksdk_platform.a(fsl_power_manager.c.obj)
                              CMakeFiles/Warp.dir/home/students/lpb32/Warp-Coursework-2/build/ksdk1.1/work/demos/Warp/src/boot.c.obj (POWER_SYS_Init)
../../../../lib/ksdk_platform_lib/armgcc/KL03Z4/release/libksdk_platform.a(fsl_gpio_driver.c.obj)
                              ../../../../lib/ksdk_platform_lib/armgcc/KL03Z4/release/libksdk_platform.a(fsl_power_manager.c.obj) (GPIO_DRV_InputPinInit)
../../../../lib/ksdk_platform_lib/armgcc/KL03Z4/release/libksdk_platform.a(fsl_i2c_shared_function.c.obj)
                              CMakeFiles/Warp.dir/home/students/lpb32/Warp-Coursework-2/build/ksdk1.1/work/platform/drivers/src/i2c/fsl_i2c_irq.c.obj (I2C_DRV_IRQHandler)
../../../../lib/ksdk_platform_lib/armgcc/KL03Z4/release/libksdk_platform.a(fsl_i2c_common.c.obj)
                              ../../../../lib/ksdk_platform_lib/armgcc/KL03Z4/release/libksdk_platform.a(fsl_i2c_shared_function.c.obj) (g_i2cBaseAddr)
../../../../lib/ksdk_platform_lib/armgcc/KL03Z4/release/libksdk_platform.a(fsl_i2c_master_driver.c.obj)
                              CMakeFiles/Warp.dir/home/students/lpb32/Warp-Coursework-2/build/ksdk1.1/work/demos/Warp/src/boot.c.obj (I2C_DRV_MasterInit)
../../../../lib/ksdk_platform_lib/armgcc/KL03Z4/release/libksdk_platform.a(fsl_i2c_slave_driver.c.obj)
                              ../../../../lib/ksdk_platform_lib/armgcc/KL03Z4/release/libksdk_platform.a(fsl_i2c_shared_function.c.obj) (I2C_DRV_SlaveIRQHandler)
../../../../lib/ksdk_platform_lib/armgcc/KL03Z4/release/libksdk_platform.a(fsl_llwu_hal.c.obj)
                              CMakeFiles/Warp.dir/home/students/lpb32/Warp-Coursework-2/build/ksdk1.1/work/demos/Warp/src/powermodes.c.obj (LLWU_HAL_SetExternalInputPinMode)
../../../../lib/ksdk_platform_lib/armgcc/KL03Z4/release/libksdk_platform.a(fsl_lpuart_driver.c.obj)
                              CMakeFiles/Warp.dir/home/students/lpb32/Warp-Coursework-2/build/ksdk1.1/work/demos/Warp/src/boot.c.obj (LPUART_DRV_Init)
../../../../lib/ksdk_platform_lib/armgcc/KL03Z4/release/libksdk_platform.a(fsl_lpuart_common.c.obj)
                              ../../../../lib/ksdk_platform_lib/armgcc/KL03Z4/release/libksdk_platform.a(fsl_lpuart_driver.c.obj) (g_lpuartRxTxIrqId)
../../../../lib/ksdk_platform_lib/armgcc/KL03Z4/release/libksdk_platform.a(fsl_mcglite_hal.c.obj)
                              ../../../../lib/ksdk_platform_lib/armgcc/KL03Z4/release/libksdk_platform.a(fsl_clock_MKL03Z4.c.obj) (CLOCK_HAL_GetInternalRefClk)
../../../../lib/ksdk_platform_lib/armgcc/KL03Z4/release/libksdk_platform.a(fsl_mcglite_hal_modes.c.obj)
                              ../../../../lib/ksdk_platform_lib/armgcc/KL03Z4/release/libksdk_platform.a(fsl_power_manager.c.obj) (CLOCK_HAL_GetMode)
../../../../lib/ksdk_platform_lib/armgcc/KL03Z4/release/libksdk_platform.a(fsl_osc_hal.c.obj)
                              ../../../../lib/ksdk_platform_lib/armgcc/KL03Z4/release/libksdk_platform.a(fsl_clock_MKL03Z4.c.obj) (OSC_HAL_SetExternalRefClkCmd)
../../../../lib/ksdk_platform_lib/armgcc/KL03Z4/release/libksdk_platform.a(fsl_rtc_hal.c.obj)
                              CMakeFiles/Warp.dir/home/students/lpb32/Warp-Coursework-2/build/ksdk1.1/work/demos/Warp/src/powermodes.c.obj (RTC_HAL_ConvertSecsToDatetime)
../../../../lib/ksdk_platform_lib/armgcc/KL03Z4/release/libksdk_platform.a(fsl_rtc_driver.c.obj)
                              CMakeFiles/Warp.dir/home/students/lpb32/Warp-Coursework-2/build/ksdk1.1/work/demos/Warp/src/boot.c.obj (RTC_DRV_Init)
../../../../lib/ksdk_platform_lib/armgcc/KL03Z4/release/libksdk_platform.a(fsl_rtc_common.c.obj)
                              ../../../../lib/ksdk_platform_lib/armgcc/KL03Z4/release/libksdk_platform.a(fsl_rtc_driver.c.obj) (g_rtcSecondsIrqId)
[...]
Memory Configuration

Name             Origin             Length             Attributes
m_interrupts     0x0000000000000000 0x0000000000000100 xr
m_flash_config   0x0000000000000400 0x0000000000000010 xr
m_text           0x0000000000000410 0x0000000000007bf0 xr
m_data           0x000000001ffffe00 0x0000000000000800 rw
*default*        0x0000000000000000 0xffffffffffffffff

Linker script and memory map

LOAD /usr/lib/gcc/arm-none-eabi/9.2.1/thumb/v6-m/nofp/crti.o
LOAD /usr/lib/gcc/arm-none-eabi/9.2.1/thumb/v6-m/nofp/crtbegin.o
LOAD /usr/lib/gcc/arm-none-eabi/9.2.1/../../../arm-none-eabi/lib/thumb/v6-m/nofp/crt0.o
LOAD /usr/lib/gcc/arm-none-eabi/9.2.1/../../../arm-none-eabi/lib/thumb/v6-m/nofp/libm.a
                0x0000000000000200                __stack_size__ = 0x200
                0x0000000000000000                __heap_size__ = 0x0
LOAD CMakeFiles/Warp.dir/home/students/lpb32/Warp-Coursework-2/build/ksdk1.1/work/platform/utilities/src/fsl_misc_utilities.c.obj
LOAD CMakeFiles/Warp.dir/home/students/lpb32/Warp-Coursework-2/build/ksdk1.1/work/platform/startup/MKL03Z4/gcc/startup_MKL03Z4.S.obj
LOAD CMakeFiles/Warp.dir/home/students/lpb32/Warp-Coursework-2/build/ksdk1.1/work/demos/Warp/src/boot.c.obj
LOAD CMakeFiles/Warp.dir/home/students/lpb32/Warp-Coursework-2/build/ksdk1.1/work/demos/Warp/src/errstrsEN.c.obj
LOAD CMakeFiles/Warp.dir/home/students/lpb32/Warp-Coursework-2/build/ksdk1.1/work/demos/Warp/src/powermodes.c.obj
LOAD CMakeFiles/Warp.dir/home/students/lpb32/Warp-Coursework-2/build/ksdk1.1/work/demos/Warp/src/devMMA8451Q.c.obj
LOAD CMakeFiles/Warp.dir/home/students/lpb32/Warp-Coursework-2/build/ksdk1.1/work/demos/Warp/src/SEGGER_RTT.c.obj
LOAD CMakeFiles/Warp.dir/home/students/lpb32/Warp-Coursework-2/build/ksdk1.1/work/demos/Warp/src/SEGGER_RTT_printf.c.obj
LOAD CMakeFiles/Warp.dir/home/students/lpb32/Warp-Coursework-2/build/ksdk1.1/work/demos/Warp/src/devSSD1331.c.obj
LOAD CMakeFiles/Warp.dir/home/students/lpb32/Warp-Coursework-2/build/ksdk1.1/work/demos/Warp/src/activityClassifier.c.obj
LOAD CMakeFiles/Warp.dir/home/students/lpb32/Warp-Coursework-2/build/ksdk1.1/work/platform/drivers/src/i2c/fsl_i2c_irq.c.obj
LOAD CMakeFiles/Warp.dir/home/students/lpb32/Warp-Coursework-2/build/ksdk1.1/work/platform/drivers/src/spi/fsl_spi_irq.c.obj
LOAD CMakeFiles/Warp.dir/home/students/lpb32/Warp-Coursework-2/build/ksdk1.1/work/platform/drivers/src/lpuart/fsl_lpuart_irq.c.obj
LOAD CMakeFiles/Warp.dir/home/students/lpb32/Warp-Coursework-2/build/ksdk1.1/work/platform/startup/MKL03Z4/system_MKL03Z4.c.obj
LOAD CMakeFiles/Warp.dir/home/students/lpb32/Warp-Coursework-2/build/ksdk1.1/work/platform/startup/startup.c.obj
LOAD CMakeFiles/Warp.dir/home/students/lpb32/Warp-Coursework-2/build/ksdk1.1/work/boards/Warp/gpio_pins.c.obj
START GROUP
LOAD ../../../../lib/ksdk_platform_lib/armgcc/KL03Z4/release/libksdk_platform.a
LOAD /usr/lib/gcc/arm-none-eabi/9.2.1/../../../arm-none-eabi/lib/thumb/v6-m/nofp/libm.a
LOAD /usr/lib/gcc/arm-none-eabi/9.2.1/../../../arm-none-eabi/lib/thumb/v6-m/nofp/libc_nano.a
LOAD /usr/lib/gcc/arm-none-eabi/9.2.1/thumb/v6-m/nofp/libgcc.a
LOAD /usr/lib/gcc/arm-none-eabi/9.2.1/../../../arm-none-eabi/lib/thumb/v6-m/nofp/libnosys.a
END GROUP
START GROUP
LOAD /usr/lib/gcc/arm-none-eabi/9.2.1/thumb/v6-m/nofp/libgcc.a
LOAD /usr/lib/gcc/arm-none-eabi/9.2.1/../../../arm-none-eabi/lib/thumb/v6-m/nofp/libc_nano.a
END GROUP
START GROUP
LOAD /usr/lib/gcc/arm-none-eabi/9.2.1/thumb/v6-m/nofp/libgcc.a
LOAD /usr/lib/gcc/arm-none-eabi/9.2.1/../../../arm-none-eabi/lib/thumb/v6-m/nofp/libc_nano.a
END GROUP
LOAD /usr/lib/gcc/arm-none-eabi/9.2.1/thumb/v6-m/nofp/crtend.o
LOAD /usr/lib/gcc/arm-none-eabi/9.2.1/thumb/v6-m/nofp/crtn.o
                0x0000000000000000                HEAP_SIZE = DEFINED (__heap_size__)?__heap_size__:0x200
                0x0000000000000200                STACK_SIZE = DEFINED (__stack_size__)?__stack_size__:0x50
                0x0000000000000000                M_VECTOR_RAM_SIZE = DEFINED (__ram_vector_table__)?0x100:0x0

.interrupts     0x0000000000000000       0xc0
                0x0000000000000000                __VECTOR_TABLE = .
                0x0000000000000000                . = ALIGN (0x4)
 *(.isr_vector)
 .isr_vector    0x0000000000000000       0xc0 CMakeFiles/Warp.dir/home/students/lpb32/Warp-Coursework-2/build/ksdk1.1/work/platform/startup/MKL03Z4/gcc/startup_MKL03Z4.S.obj
                0x0000000000000000                __isr_vector
                0x00000000000000c0                . = ALIGN (0x4)

.flash_config   0x0000000000000400       0x10
                0x0000000000000400                . = ALIGN (0x4)
 *(.FlashConfig)
 .FlashConfig   0x0000000000000400       0x10 CMakeFiles/Warp.dir/home/students/lpb32/Warp-Coursework-2/build/ksdk1.1/work/platform/startup/MKL03Z4/gcc/startup_MKL03Z4.S.obj
                0x0000000000000410                . = ALIGN (0x4)

.text           0x0000000000000410     0x79a0
                0x0000000000000410                . = ALIGN (0x4)
 *(.text)
 .text          0x0000000000000410       0x98 /usr/lib/gcc/arm-none-eabi/9.2.1/thumb/v6-m/nofp/crtbegin.o
 .text          0x00000000000004a8       0x74 /usr/lib/gcc/arm-none-eabi/9.2.1/../../../arm-none-eabi/lib/thumb/v6-m/nofp/crt0.o
                0x00000000000004a8                _stack_init
                0x00000000000004b4                _mainCRTStartup
                0x00000000000004b4                _start
 .text          0x000000000000051c       0x30 CMakeFiles/Warp.dir/home/students/lpb32/Warp-Coursework-2/build/ksdk1.1/work/platform/startup/MKL03Z4/gcc/startup_MKL03Z4.S.obj
                0x000000000000051c                Reset_Handler
                0x0000000000000544                Reserved18_IRQHandler
                0x0000000000000544                Reserved16_IRQHandler
                0x0000000000000544                HardFault_Handler
                0x0000000000000544                SysTick_Handler
                0x0000000000000544                PendSV_Handler
                0x0000000000000544                NMI_Handler
                0x0000000000000544                Reserved19_IRQHandler
                0x0000000000000544                Reserved29_IRQHandler
                0x0000000000000544                TPM0_IRQHandler
                0x0000000000000544                Reserved42_IRQHandler
                0x0000000000000544                ADC0_IRQHandler
                0x0000000000000544                Reserved39_IRQHandler
                0x0000000000000544                DefaultISR
                0x0000000000000544                Reserved25_IRQHandler
                0x0000000000000544                PORTB_IRQHandler
                0x0000000000000544                Reserved43_IRQHandler
                0x0000000000000544                Reserved27_IRQHandler
                0x0000000000000544                Reserved35_IRQHandler
                0x0000000000000544                Reserved20_IRQHandler
                0x0000000000000544                Reserved17_IRQHandler
                0x0000000000000544                Reserved41_IRQHandler
                0x0000000000000544                SVC_Handler
                0x0000000000000544                Reserved45_IRQHandler
                0x0000000000000544                Reserved30_IRQHandler
                0x0000000000000544                PMC_IRQHandler
                0x0000000000000544                TPM1_IRQHandler
                0x0000000000000544                FTFA_IRQHandler
                0x0000000000000544                Reserved40_IRQHandler
                0x0000000000000544                Reserved38_IRQHandler
                0x0000000000000544                LPTMR0_IRQHandler
                0x0000000000000544                CMP0_IRQHandler
 .text          0x000000000000054c        0x8 /usr/lib/gcc/arm-none-eabi/9.2.1/../../../arm-none-eabi/lib/thumb/v6-m/nofp/libc_nano.a(lib_a-abs.o)
                0x000000000000054c                abs
 .text          0x0000000000000554       0x10 /usr/lib/gcc/arm-none-eabi/9.2.1/../../../arm-none-eabi/lib/thumb/v6-m/nofp/libc_nano.a(lib_a-atexit.o)
                0x0000000000000554                atexit
 .text          0x0000000000000564        0xc /usr/lib/gcc/arm-none-eabi/9.2.1/../../../arm-none-eabi/lib/thumb/v6-m/nofp/libc_nano.a(lib_a-bzero.o)
                0x0000000000000564                bzero
 .text          0x0000000000000570        0xc /usr/lib/gcc/arm-none-eabi/9.2.1/../../../arm-none-eabi/lib/thumb/v6-m/nofp/libc_nano.a(lib_a-errno.o)
                0x0000000000000570                __errno
 .text          0x000000000000057c       0x2c /usr/lib/gcc/arm-none-eabi/9.2.1/../../../arm-none-eabi/lib/thumb/v6-m/nofp/libc_nano.a(lib_a-exit.o)
                0x000000000000057c                exit
 .text          0x00000000000005a8       0x28 /usr/lib/gcc/arm-none-eabi/9.2.1/../../../arm-none-eabi/lib/thumb/v6-m/nofp/libc_nano.a(lib_a-fini.o)
                0x00000000000005a8                __libc_fini_array
 .text          0x00000000000005d0       0x44 /usr/lib/gcc/arm-none-eabi/9.2.1/../../../arm-none-eabi/lib/thumb/v6-m/nofp/libc_nano.a(lib_a-init.o)
                0x00000000000005d0                __libc_init_array
 .text          0x0000000000000614       0x28 /usr/lib/gcc/arm-none-eabi/9.2.1/../../../arm-none-eabi/lib/thumb/v6-m/nofp/libc_nano.a(lib_a-malloc.o)
                0x0000000000000614                malloc
                0x0000000000000628                free
 .text          0x000000000000063c       0xa8 /usr/lib/gcc/arm-none-eabi/9.2.1/../../../arm-none-eabi/lib/thumb/v6-m/nofp/libc_nano.a(lib_a-memcpy-stub.o)
                0x000000000000063c                memcpy
 .text          0x00000000000006e4       0xa8 /usr/lib/gcc/arm-none-eabi/9.2.1/../../../arm-none-eabi/lib/thumb/v6-m/nofp/libc_nano.a(lib_a-memset.o)
                0x00000000000006e4                memset
 .text          0x000000000000078c       0xac /usr/lib/gcc/arm-none-eabi/9.2.1/../../../arm-none-eabi/lib/thumb/v6-m/nofp/libc_nano.a(lib_a-nano-freer.o)
                0x000000000000078c                _free_r
 .text          0x0000000000000838       0xcc /usr/lib/gcc/arm-none-eabi/9.2.1/../../../arm-none-eabi/lib/thumb/v6-m/nofp/libc_nano.a(lib_a-nano-mallocr.o)
                0x0000000000000838                _malloc_r
 .text          0x0000000000000904       0x24 /usr/lib/gcc/arm-none-eabi/9.2.1/../../../arm-none-eabi/lib/thumb/v6-m/nofp/libc_nano.a(lib_a-sbrkr.o)
                0x0000000000000904                _sbrk_r
 .text          0x0000000000000928       0x10 /usr/lib/gcc/arm-none-eabi/9.2.1/../../../arm-none-eabi/lib/thumb/v6-m/nofp/libc_nano.a(lib_a-strcpy.o)
                0x0000000000000928                strcpy
 .text          0x0000000000000938       0x68 /usr/lib/gcc/arm-none-eabi/9.2.1/../../../arm-none-eabi/lib/thumb/v6-m/nofp/libc_nano.a(lib_a-strlen-stub.o)
                0x0000000000000938                strlen
 .text          0x00000000000009a0       0xdc /usr/lib/gcc/arm-none-eabi/9.2.1/../../../arm-none-eabi/lib/thumb/v6-m/nofp/libc_nano.a(lib_a-__atexit.o)
                0x00000000000009a0                __register_exitproc
 .text          0x0000000000000a7c       0xbc /usr/lib/gcc/arm-none-eabi/9.2.1/../../../arm-none-eabi/lib/thumb/v6-m/nofp/libc_nano.a(lib_a-__call_atexit.o)
                0x0000000000000a7c                __call_exitprocs
 .text          0x0000000000000b38        0x8 /usr/lib/gcc/arm-none-eabi/9.2.1/../../../arm-none-eabi/lib/thumb/v6-m/nofp/libc_nano.a(lib_a-mlock.o)
                0x0000000000000b38                __malloc_lock
                0x0000000000000b3c                __malloc_unlock
 .text          0x0000000000000b40       0x14 /usr/lib/gcc/arm-none-eabi/9.2.1/thumb/v6-m/nofp/libgcc.a(_thumb1_case_uqi.o)
                0x0000000000000b40                __gnu_thumb1_case_uqi
 .text          0x0000000000000b54       0x14 /usr/lib/gcc/arm-none-eabi/9.2.1/thumb/v6-m/nofp/libgcc.a(_thumb1_case_shi.o)
                0x0000000000000b54                __gnu_thumb1_case_shi
 .text          0x0000000000000b68      0x114 /usr/lib/gcc/arm-none-eabi/9.2.1/thumb/v6-m/nofp/libgcc.a(_udivsi3.o)
                0x0000000000000b68                __udivsi3
                0x0000000000000b68                __aeabi_uidiv
                0x0000000000000c74                __aeabi_uidivmod
 .text          0x0000000000000c7c      0x1d4 /usr/lib/gcc/arm-none-eabi/9.2.1/thumb/v6-m/nofp/libgcc.a(_divsi3.o)
                0x0000000000000c7c                __aeabi_idiv
                0x0000000000000c7c                __divsi3
                0x0000000000000e48                __aeabi_idivmod
 .text          0x0000000000000e50        0x4 /usr/lib/gcc/arm-none-eabi/9.2.1/thumb/v6-m/nofp/libgcc.a(_dvmd_tls.o)
                0x0000000000000e50                __aeabi_ldiv0
                0x0000000000000e50                __aeabi_idiv0
 .text          0x0000000000000e54       0x7c /usr/lib/gcc/arm-none-eabi/9.2.1/thumb/v6-m/nofp/libgcc.a(_arm_cmpdf2.o)
                0x0000000000000e54                __aeabi_cdrcmple
                0x0000000000000e64                __aeabi_cdcmple
                0x0000000000000e64                __aeabi_cdcmpeq
                0x0000000000000e74                __aeabi_dcmpeq
                0x0000000000000e80                __aeabi_dcmplt
                0x0000000000000e94                __aeabi_dcmple
                0x0000000000000ea8                __aeabi_dcmpgt
                0x0000000000000ebc                __aeabi_dcmpge
 .text          0x0000000000000ed0      0x218 /usr/lib/gcc/arm-none-eabi/9.2.1/thumb/v6-m/nofp/libgcc.a(divsf3.o)
                0x0000000000000ed0                __aeabi_fdiv
 .text          0x00000000000010e8      0x234 /usr/lib/gcc/arm-none-eabi/9.2.1/thumb/v6-m/nofp/libgcc.a(mulsf3.o)
                0x00000000000010e8                __aeabi_fmul
 .text          0x000000000000131c       0x78 /usr/lib/gcc/arm-none-eabi/9.2.1/thumb/v6-m/nofp/libgcc.a(floatunsisf.o)
                0x000000000000131c                __aeabi_ui2f
 .text          0x0000000000001394       0x78 /usr/lib/gcc/arm-none-eabi/9.2.1/thumb/v6-m/nofp/libgcc.a(eqdf2.o)
                0x0000000000001394                __eqdf2
                0x0000000000001394                __nedf2
 .text          0x000000000000140c       0xe4 /usr/lib/gcc/arm-none-eabi/9.2.1/thumb/v6-m/nofp/libgcc.a(gedf2.o)
                0x000000000000140c                __gtdf2
                0x000000000000140c                __gedf2
 .text          0x00000000000014f0       0xe0 /usr/lib/gcc/arm-none-eabi/9.2.1/thumb/v6-m/nofp/libgcc.a(ledf2.o)
                0x00000000000014f0                __ltdf2
                0x00000000000014f0                __ledf2
 .text          0x00000000000015d0      0x4d8 /usr/lib/gcc/arm-none-eabi/9.2.1/thumb/v6-m/nofp/libgcc.a(muldf3.o)
                0x00000000000015d0                __aeabi_dmul
 .text          0x0000000000001aa8       0x60 /usr/lib/gcc/arm-none-eabi/9.2.1/thumb/v6-m/nofp/libgcc.a(floatsidf.o)
                0x0000000000001aa8                __aeabi_i2d
 .text          0x0000000000001b08       0x90 /usr/lib/gcc/arm-none-eabi/9.2.1/thumb/v6-m/nofp/libgcc.a(extendsfdf2.o)
                0x0000000000001b08                __aeabi_f2d
 .text          0x0000000000001b98      0x110 /usr/lib/gcc/arm-none-eabi/9.2.1/thumb/v6-m/nofp/libgcc.a(truncdfsf2.o)
                0x0000000000001b98                __aeabi_d2f
 .text          0x0000000000001ca8       0x3c /usr/lib/gcc/arm-none-eabi/9.2.1/thumb/v6-m/nofp/libgcc.a(_clzsi2.o)
                0x0000000000001ca8                __clzsi2
 .text          0x0000000000001ce4        0x4 /usr/lib/gcc/arm-none-eabi/9.2.1/../../../arm-none-eabi/lib/thumb/v6-m/nofp/libnosys.a(_exit.o)
                0x0000000000001ce4                _exit
 *(.text*)
 .text._sbrk    0x0000000000001ce8       0x38 CMakeFiles/Warp.dir/home/students/lpb32/Warp-Coursework-2/build/ksdk1.1/work/platform/utilities/src/fsl_misc_utilities.c.obj
                0x0000000000001ce8                _sbrk
 .text.clockManagerCallbackRoutine
                0x0000000000001d20        0xc CMakeFiles/Warp.dir/home/students/lpb32/Warp-Coursework-2/build/ksdk1.1/work/demos/Warp/src/boot.c.obj
                0x0000000000001d20                clockManagerCallbackRoutine
 .text.callback0
                0x0000000000001d2c       0x14 CMakeFiles/Warp.dir/home/students/lpb32/Warp-Coursework-2/build/ksdk1.1/work/demos/Warp/src/boot.c.obj
                0x0000000000001d2c                callback0
 .text.lowPowerPinStates
                0x0000000000001d40       0xb8 CMakeFiles/Warp.dir/home/students/lpb32/Warp-Coursework-2/build/ksdk1.1/work/demos/Warp/src/boot.c.obj
 .text.char2int
                0x0000000000001df8       0x24 CMakeFiles/Warp.dir/home/students/lpb32/Warp-Coursework-2/build/ksdk1.1/work/demos/Warp/src/boot.c.obj
 .text.RTC_IRQHandler
                0x0000000000001e1c       0x16 CMakeFiles/Warp.dir/home/students/lpb32/Warp-Coursework-2/build/ksdk1.1/work/demos/Warp/src/boot.c.obj
                0x0000000000001e1c                RTC_IRQHandler
 *fill*         0x0000000000001e32        0x2 
 .text.RTC_Seconds_IRQHandler
                0x0000000000001e34       0x10 CMakeFiles/Warp.dir/home/students/lpb32/Warp-Coursework-2/build/ksdk1.1/work/demos/Warp/src/boot.c.obj
                0x0000000000001e34                RTC_Seconds_IRQHandler
 .text.LLWU_IRQHandler
                0x0000000000001e44       0x10 CMakeFiles/Warp.dir/home/students/lpb32/Warp-Coursework-2/build/ksdk1.1/work/demos/Warp/src/boot.c.obj
                0x0000000000001e44                LLWU_IRQHandler
 .text.PORTA_IRQHandler
                0x0000000000001e54       0x10 CMakeFiles/Warp.dir/home/students/lpb32/Warp-Coursework-2/build/ksdk1.1/work/demos/Warp/src/boot.c.obj
                0x0000000000001e54                PORTA_IRQHandler
 .text.warpEnableSPIpins
                0x0000000000001e64       0x5c CMakeFiles/Warp.dir/home/students/lpb32/Warp-Coursework-2/build/ksdk1.1/work/demos/Warp/src/boot.c.obj
                0x0000000000001e64                warpEnableSPIpins
 .text.warpDisableSPIpins
                0x0000000000001ec0       0x40 CMakeFiles/Warp.dir/home/students/lpb32/Warp-Coursework-2/build/ksdk1.1/work/demos/Warp/src/boot.c.obj
                0x0000000000001ec0                warpDisableSPIpins
 .text.warpEnableI2Cpins
                0x0000000000001f00       0x2c CMakeFiles/Warp.dir/home/students/lpb32/Warp-Coursework-2/build/ksdk1.1/work/demos/Warp/src/boot.c.obj
                0x0000000000001f00                warpEnableI2Cpins
 .text.warpDisableI2Cpins
                0x0000000000001f2c       0x20 CMakeFiles/Warp.dir/home/students/lpb32/Warp-Coursework-2/build/ksdk1.1/work/demos/Warp/src/boot.c.obj
                0x0000000000001f2c                warpDisableI2Cpins
 .text.warpScaleSupplyVoltage
                0x0000000000001f4c        0xc CMakeFiles/Warp.dir/home/students/lpb32/Warp-Coursework-2/build/ksdk1.1/work/demos/Warp/src/boot.c.obj
                0x0000000000001f4c                warpScaleSupplyVoltage
 .text.warpPrint
                0x0000000000001f58       0x4c CMakeFiles/Warp.dir/home/students/lpb32/Warp-Coursework-2/build/ksdk1.1/work/demos/Warp/src/boot.c.obj
                0x0000000000001f58                warpPrint
 .text.warpLowPowerSecondsSleep
                0x0000000000001fa4       0x2c CMakeFiles/Warp.dir/home/students/lpb32/Warp-Coursework-2/build/ksdk1.1/work/demos/Warp/src/boot.c.obj
                0x0000000000001fa4                warpLowPowerSecondsSleep
 .text.printBootSplash
                0x0000000000001fd0      0x104 CMakeFiles/Warp.dir/home/students/lpb32/Warp-Coursework-2/build/ksdk1.1/work/demos/Warp/src/boot.c.obj
                0x0000000000001fd0                printBootSplash
 .text.warpWaitKey
                0x00000000000020d4        0xc CMakeFiles/Warp.dir/home/students/lpb32/Warp-Coursework-2/build/ksdk1.1/work/demos/Warp/src/boot.c.obj
                0x00000000000020d4                warpWaitKey
 .text.readHexByte
                0x00000000000020e0       0x2a CMakeFiles/Warp.dir/home/students/lpb32/Warp-Coursework-2/build/ksdk1.1/work/demos/Warp/src/boot.c.obj
 .text.read4digits
                0x000000000000210a       0x40 CMakeFiles/Warp.dir/home/students/lpb32/Warp-Coursework-2/build/ksdk1.1/work/demos/Warp/src/boot.c.obj
 *fill*         0x000000000000214a        0x2 
 .text.loopForSensor
                0x000000000000214c      0x1c4 CMakeFiles/Warp.dir/home/students/lpb32/Warp-Coursework-2/build/ksdk1.1/work/demos/Warp/src/boot.c.obj
                0x000000000000214c                loopForSensor
 .text.writeByteToI2cDeviceRegister
                0x0000000000002310       0x44 CMakeFiles/Warp.dir/home/students/lpb32/Warp-Coursework-2/build/ksdk1.1/work/demos/Warp/src/boot.c.obj
                0x0000000000002310                writeByteToI2cDeviceRegister
 .text.writeBytesToSpi
                0x0000000000002354       0x44 CMakeFiles/Warp.dir/home/students/lpb32/Warp-Coursework-2/build/ksdk1.1/work/demos/Warp/src/boot.c.obj
                0x0000000000002354                writeBytesToSpi
 .text.startup.main
                0x0000000000002398      0xab4 CMakeFiles/Warp.dir/home/students/lpb32/Warp-Coursework-2/build/ksdk1.1/work/demos/Warp/src/boot.c.obj
                0x0000000000002398                main
 .text.setSleepRtcAlarm
                0x0000000000002e4c       0x2e CMakeFiles/Warp.dir/home/students/lpb32/Warp-Coursework-2/build/ksdk1.1/work/demos/Warp/src/powermodes.c.obj
 *fill*         0x0000000000002e7a        0x2 
 .text.gpioDisableWakeUp
                0x0000000000002e7c       0x18 CMakeFiles/Warp.dir/home/students/lpb32/Warp-Coursework-2/build/ksdk1.1/work/demos/Warp/src/powermodes.c.obj
                0x0000000000002e7c                gpioDisableWakeUp
 .text.warpSetLowPowerMode
                0x0000000000002e94      0x110 CMakeFiles/Warp.dir/home/students/lpb32/Warp-Coursework-2/build/ksdk1.1/work/demos/Warp/src/powermodes.c.obj
                0x0000000000002e94                warpSetLowPowerMode
 .text.writeSensorRegisterMMA8451Q.part.0
                0x0000000000002fa4       0x58 CMakeFiles/Warp.dir/home/students/lpb32/Warp-Coursework-2/build/ksdk1.1/work/demos/Warp/src/devMMA8451Q.c.obj
 .text.configureSensorMMA8451Q
                0x0000000000002ffc       0x5c CMakeFiles/Warp.dir/home/students/lpb32/Warp-Coursework-2/build/ksdk1.1/work/demos/Warp/src/devMMA8451Q.c.obj
                0x0000000000002ffc                configureSensorMMA8451Q
 .text.initMMA8451Q
                0x0000000000003058       0x5c CMakeFiles/Warp.dir/home/students/lpb32/Warp-Coursework-2/build/ksdk1.1/work/demos/Warp/src/devMMA8451Q.c.obj
                0x0000000000003058                initMMA8451Q
 .text.readSensorRegisterMMA8451Q
                0x00000000000030b4       0x7c CMakeFiles/Warp.dir/home/students/lpb32/Warp-Coursework-2/build/ksdk1.1/work/demos/Warp/src/devMMA8451Q.c.obj
                0x00000000000030b4                readSensorRegisterMMA8451Q
 .text.printSensorDataMMA8451Q
                0x0000000000003130       0xe0 CMakeFiles/Warp.dir/home/students/lpb32/Warp-Coursework-2/build/ksdk1.1/work/demos/Warp/src/devMMA8451Q.c.obj
                0x0000000000003130                printSensorDataMMA8451Q
 .text._GetAvailWriteSpace
                0x0000000000003210       0x12 CMakeFiles/Warp.dir/home/students/lpb32/Warp-Coursework-2/build/ksdk1.1/work/demos/Warp/src/SEGGER_RTT.c.obj
 .text._WriteNoCheck
                0x0000000000003222       0x30 CMakeFiles/Warp.dir/home/students/lpb32/Warp-Coursework-2/build/ksdk1.1/work/demos/Warp/src/SEGGER_RTT.c.obj
 .text._WriteBlocking
                0x0000000000003252       0x5a CMakeFiles/Warp.dir/home/students/lpb32/Warp-Coursework-2/build/ksdk1.1/work/demos/Warp/src/SEGGER_RTT.c.obj
 .text._DoInit  0x00000000000032ac       0x5c CMakeFiles/Warp.dir/home/students/lpb32/Warp-Coursework-2/build/ksdk1.1/work/demos/Warp/src/SEGGER_RTT.c.obj
 .text.SEGGER_RTT_ReadNoLock
                0x0000000000003308       0xa4 CMakeFiles/Warp.dir/home/students/lpb32/Warp-Coursework-2/build/ksdk1.1/work/demos/Warp/src/SEGGER_RTT.c.obj
                0x0000000000003308                SEGGER_RTT_ReadNoLock
 .text.SEGGER_RTT_Read
                0x00000000000033ac       0x1a CMakeFiles/Warp.dir/home/students/lpb32/Warp-Coursework-2/build/ksdk1.1/work/demos/Warp/src/SEGGER_RTT.c.obj
                0x00000000000033ac                SEGGER_RTT_Read
 *fill*         0x00000000000033c6        0x2 
 .text.SEGGER_RTT_WriteNoLock
                0x00000000000033c8       0x6c CMakeFiles/Warp.dir/home/students/lpb32/Warp-Coursework-2/build/ksdk1.1/work/demos/Warp/src/SEGGER_RTT.c.obj
                0x00000000000033c8                SEGGER_RTT_WriteNoLock
 .text.SEGGER_RTT_Write
                0x0000000000003434       0x34 CMakeFiles/Warp.dir/home/students/lpb32/Warp-Coursework-2/build/ksdk1.1/work/demos/Warp/src/SEGGER_RTT.c.obj
                0x0000000000003434                SEGGER_RTT_Write
 .text.SEGGER_RTT_WriteString
                0x0000000000003468       0x18 CMakeFiles/Warp.dir/home/students/lpb32/Warp-Coursework-2/build/ksdk1.1/work/demos/Warp/src/SEGGER_RTT.c.obj
                0x0000000000003468                SEGGER_RTT_WriteString
 .text.SEGGER_RTT_GetKey
                0x0000000000003480       0x1e CMakeFiles/Warp.dir/home/students/lpb32/Warp-Coursework-2/build/ksdk1.1/work/demos/Warp/src/SEGGER_RTT.c.obj
                0x0000000000003480                SEGGER_RTT_GetKey
 *fill*         0x000000000000349e        0x2 
 .text.SEGGER_RTT_ConfigUpBuffer
                0x00000000000034a0       0x60 CMakeFiles/Warp.dir/home/students/lpb32/Warp-Coursework-2/build/ksdk1.1/work/demos/Warp/src/SEGGER_RTT.c.obj
                0x00000000000034a0                SEGGER_RTT_ConfigUpBuffer
 .text._StoreChar
                0x0000000000003500       0x3e CMakeFiles/Warp.dir/home/students/lpb32/Warp-Coursework-2/build/ksdk1.1/work/demos/Warp/src/SEGGER_RTT_printf.c.obj
 *fill*         0x000000000000353e        0x2 
 .text._PrintUnsigned
                0x0000000000003540       0xe0 CMakeFiles/Warp.dir/home/students/lpb32/Warp-Coursework-2/build/ksdk1.1/work/demos/Warp/src/SEGGER_RTT_printf.c.obj
 .text.SEGGER_RTT_vprintf
                0x0000000000003620      0x26e CMakeFiles/Warp.dir/home/students/lpb32/Warp-Coursework-2/build/ksdk1.1/work/demos/Warp/src/SEGGER_RTT_printf.c.obj
                0x0000000000003620                SEGGER_RTT_vprintf
 *fill*         0x000000000000388e        0x2 
 .text.writeCommand
                0x0000000000003890       0x4c CMakeFiles/Warp.dir/home/students/lpb32/Warp-Coursework-2/build/ksdk1.1/work/demos/Warp/src/devSSD1331.c.obj
 .text.devSSD1331init
                0x00000000000038dc      0x240 CMakeFiles/Warp.dir/home/students/lpb32/Warp-Coursework-2/build/ksdk1.1/work/demos/Warp/src/devSSD1331.c.obj
                0x00000000000038dc                devSSD1331init
 .text.simpleDiff
                0x0000000000003b1c       0x54 CMakeFiles/Warp.dir/home/students/lpb32/Warp-Coursework-2/build/ksdk1.1/work/demos/Warp/src/activityClassifier.c.obj
                0x0000000000003b1c                simpleDiff
 .text.sqrtInt  0x0000000000003b70       0x28 CMakeFiles/Warp.dir/home/students/lpb32/Warp-Coursework-2/build/ksdk1.1/work/demos/Warp/src/activityClassifier.c.obj
                0x0000000000003b70                sqrtInt
 .text.updateAccelerations
                0x0000000000003b98      0x160 CMakeFiles/Warp.dir/home/students/lpb32/Warp-Coursework-2/build/ksdk1.1/work/demos/Warp/src/activityClassifier.c.obj
                0x0000000000003b98                updateAccelerations
 .text.classifierAlgorithm
                0x0000000000003cf8      0x170 CMakeFiles/Warp.dir/home/students/lpb32/Warp-Coursework-2/build/ksdk1.1/work/demos/Warp/src/activityClassifier.c.obj
                0x0000000000003cf8                classifierAlgorithm
 .text.I2C0_IRQHandler
                0x0000000000003e68        0xa CMakeFiles/Warp.dir/home/students/lpb32/Warp-Coursework-2/build/ksdk1.1/work/platform/drivers/src/i2c/fsl_i2c_irq.c.obj
                0x0000000000003e68                I2C0_IRQHandler
 .text.SPI0_IRQHandler
                0x0000000000003e72        0xa CMakeFiles/Warp.dir/home/students/lpb32/Warp-Coursework-2/build/ksdk1.1/work/platform/drivers/src/spi/fsl_spi_irq.c.obj
                0x0000000000003e72                SPI0_IRQHandler
 .text.LPUART0_IRQHandler
                0x0000000000003e7c        0xa CMakeFiles/Warp.dir/home/students/lpb32/Warp-Coursework-2/build/ksdk1.1/work/platform/drivers/src/lpuart/fsl_lpuart_irq.c.obj
                0x0000000000003e7c                LPUART0_IRQHandler
 *fill*         0x0000000000003e86        0x2 
 .text.SystemInit
                0x0000000000003e88       0x84 CMakeFiles/Warp.dir/home/students/lpb32/Warp-Coursework-2/build/ksdk1.1/work/platform/startup/MKL03Z4/system_MKL03Z4.c.obj
                0x0000000000003e88                SystemInit
 .text.init_data_bss
                0x0000000000003f0c       0x70 CMakeFiles/Warp.dir/home/students/lpb32/Warp-Coursework-2/build/ksdk1.1/work/platform/startup/startup.c.obj
                0x0000000000003f0c                init_data_bss
 .text.OSA_SemaCreate
                0x0000000000003f7c        0xe ../../../../lib/ksdk_platform_lib/armgcc/KL03Z4/release/libksdk_platform.a(fsl_os_abstraction_bm.c.obj)
                0x0000000000003f7c                OSA_SemaCreate
 .text.OSA_SemaPost
                0x0000000000003f8a       0x20 ../../../../lib/ksdk_platform_lib/armgcc/KL03Z4/release/libksdk_platform.a(fsl_os_abstraction_bm.c.obj)
                0x0000000000003f8a                OSA_SemaPost
 .text.OSA_SemaDestroy
                0x0000000000003faa        0x4 ../../../../lib/ksdk_platform_lib/armgcc/KL03Z4/release/libksdk_platform.a(fsl_os_abstraction_bm.c.obj)
                0x0000000000003faa                OSA_SemaDestroy
 .text.OSA_EventSet
                0x0000000000003fae       0x18 ../../../../lib/ksdk_platform_lib/armgcc/KL03Z4/release/libksdk_platform.a(fsl_os_abstraction_bm.c.obj)
                0x0000000000003fae                OSA_EventSet
 *fill*         0x0000000000003fc6        0x2 
 .text.task_init
                0x0000000000003fc8       0x38 ../../../../lib/ksdk_platform_lib/armgcc/KL03Z4/release/libksdk_platform.a(fsl_os_abstraction_bm.c.obj)
                0x0000000000003fc8                task_init
 .text.OSA_TimeGetMsec
                0x0000000000004000       0x10 ../../../../lib/ksdk_platform_lib/armgcc/KL03Z4/release/libksdk_platform.a(fsl_os_abstraction_bm.c.obj)
                0x0000000000004000                OSA_TimeGetMsec
 .text.OSA_SemaWait
                0x0000000000004010       0x7a ../../../../lib/ksdk_platform_lib/armgcc/KL03Z4/release/libksdk_platform.a(fsl_os_abstraction_bm.c.obj)
                0x0000000000004010                OSA_SemaWait
 .text.OSA_TimeDelay
                0x000000000000408a       0x26 ../../../../lib/ksdk_platform_lib/armgcc/KL03Z4/release/libksdk_platform.a(fsl_os_abstraction_bm.c.obj)
                0x000000000000408a                OSA_TimeDelay
 .text.OSA_EnterCritical
                0x00000000000040b0        0xc ../../../../lib/ksdk_platform_lib/armgcc/KL03Z4/release/libksdk_platform.a(fsl_os_abstraction_bm.c.obj)
                0x00000000000040b0                OSA_EnterCritical
 .text.OSA_ExitCritical
                0x00000000000040bc        0xc ../../../../lib/ksdk_platform_lib/armgcc/KL03Z4/release/libksdk_platform.a(fsl_os_abstraction_bm.c.obj)
                0x00000000000040bc                OSA_ExitCritical
 .text.OSA_Init
                0x00000000000040c8       0x48 ../../../../lib/ksdk_platform_lib/armgcc/KL03Z4/release/libksdk_platform.a(fsl_os_abstraction_bm.c.obj)
                0x00000000000040c8                OSA_Init
 .text.CLOCK_SYS_Init
                0x0000000000004110       0x18 ../../../../lib/ksdk_platform_lib/armgcc/KL03Z4/release/libksdk_platform.a(fsl_clock_manager.c.obj)
                0x0000000000004110                CLOCK_SYS_Init
 .text.CLOCK_SYS_UpdateConfiguration
                0x0000000000004128       0xfc ../../../../lib/ksdk_platform_lib/armgcc/KL03Z4/release/libksdk_platform.a(fsl_clock_manager.c.obj)
                0x0000000000004128                CLOCK_SYS_UpdateConfiguration
 .text.CLOCK_SYS_GetCurrentConfiguration
                0x0000000000004224        0xc ../../../../lib/ksdk_platform_lib/armgcc/KL03Z4/release/libksdk_platform.a(fsl_clock_manager.c.obj)
                0x0000000000004224                CLOCK_SYS_GetCurrentConfiguration
 .text.CLOCK_SYS_SetMcgliteMode
                0x0000000000004230       0x84 ../../../../lib/ksdk_platform_lib/armgcc/KL03Z4/release/libksdk_platform.a(fsl_clock_manager.c.obj)
                0x0000000000004230                CLOCK_SYS_SetMcgliteMode
 .text.SIM_HAL_GetGateCmd.constprop.0
                0x00000000000042b4       0x28 ../../../../lib/ksdk_platform_lib/armgcc/KL03Z4/release/libksdk_platform.a(fsl_clock_MKL03Z4.c.obj)
 .text.SIM_HAL_DisableClock.constprop.0
                0x00000000000042dc       0x24 ../../../../lib/ksdk_platform_lib/armgcc/KL03Z4/release/libksdk_platform.a(fsl_clock_MKL03Z4.c.obj)
 .text.SIM_HAL_EnableClock.constprop.0
                0x0000000000004300       0x28 ../../../../lib/ksdk_platform_lib/armgcc/KL03Z4/release/libksdk_platform.a(fsl_clock_MKL03Z4.c.obj)
 .text.CLOCK_SYS_SetConfiguration
                0x0000000000004328       0x58 ../../../../lib/ksdk_platform_lib/armgcc/KL03Z4/release/libksdk_platform.a(fsl_clock_MKL03Z4.c.obj)
                0x0000000000004328                CLOCK_SYS_SetConfiguration
 .text.CLOCK_SYS_GetCoreClockFreq
                0x0000000000004380       0x20 ../../../../lib/ksdk_platform_lib/armgcc/KL03Z4/release/libksdk_platform.a(fsl_clock_MKL03Z4.c.obj)
                0x0000000000004380                CLOCK_SYS_GetCoreClockFreq
 .text.CLOCK_SYS_GetSystemClockFreq
                0x00000000000043a0        0x8 ../../../../lib/ksdk_platform_lib/armgcc/KL03Z4/release/libksdk_platform.a(fsl_clock_MKL03Z4.c.obj)
                0x00000000000043a0                CLOCK_SYS_GetSystemClockFreq
 .text.CLOCK_SYS_GetBusClockFreq
                0x00000000000043a8       0x20 ../../../../lib/ksdk_platform_lib/armgcc/KL03Z4/release/libksdk_platform.a(fsl_clock_MKL03Z4.c.obj)
                0x00000000000043a8                CLOCK_SYS_GetBusClockFreq
 .text.CLOCK_SYS_GetFlashClockFreq
                0x00000000000043c8        0x8 ../../../../lib/ksdk_platform_lib/armgcc/KL03Z4/release/libksdk_platform.a(fsl_clock_MKL03Z4.c.obj)
                0x00000000000043c8                CLOCK_SYS_GetFlashClockFreq
 .text.CLOCK_SYS_GetExternalRefClock32kFreq
                0x00000000000043d0       0x3c ../../../../lib/ksdk_platform_lib/armgcc/KL03Z4/release/libksdk_platform.a(fsl_clock_MKL03Z4.c.obj)
                0x00000000000043d0                CLOCK_SYS_GetExternalRefClock32kFreq
 .text.CLOCK_SYS_GetRtcFreq
                0x000000000000440c        0x8 ../../../../lib/ksdk_platform_lib/armgcc/KL03Z4/release/libksdk_platform.a(fsl_clock_MKL03Z4.c.obj)
                0x000000000000440c                CLOCK_SYS_GetRtcFreq
 .text.CLOCK_SYS_GetOsc0ExternalRefClockFreq
                0x0000000000004414       0x20 ../../../../lib/ksdk_platform_lib/armgcc/KL03Z4/release/libksdk_platform.a(fsl_clock_MKL03Z4.c.obj)
                0x0000000000004414                CLOCK_SYS_GetOsc0ExternalRefClockFreq
 .text.CLOCK_SYS_GetRtcOutFreq
                0x0000000000004434       0x18 ../../../../lib/ksdk_platform_lib/armgcc/KL03Z4/release/libksdk_platform.a(fsl_clock_MKL03Z4.c.obj)
                0x0000000000004434                CLOCK_SYS_GetRtcOutFreq
 .text.CLOCK_SYS_GetFreq
                0x000000000000444c       0x70 ../../../../lib/ksdk_platform_lib/armgcc/KL03Z4/release/libksdk_platform.a(fsl_clock_MKL03Z4.c.obj)
                0x000000000000444c                CLOCK_SYS_GetFreq
 .text.CLOCK_SYS_EnablePortClock
                0x00000000000044bc       0x10 ../../../../lib/ksdk_platform_lib/armgcc/KL03Z4/release/libksdk_platform.a(fsl_clock_MKL03Z4.c.obj)
                0x00000000000044bc                CLOCK_SYS_EnablePortClock
 .text.CLOCK_SYS_GetPortGateCmd
                0x00000000000044cc       0x10 ../../../../lib/ksdk_platform_lib/armgcc/KL03Z4/release/libksdk_platform.a(fsl_clock_MKL03Z4.c.obj)
                0x00000000000044cc                CLOCK_SYS_GetPortGateCmd
 .text.CLOCK_SYS_GetAdcGateCmd
                0x00000000000044dc        0xa ../../../../lib/ksdk_platform_lib/armgcc/KL03Z4/release/libksdk_platform.a(fsl_clock_MKL03Z4.c.obj)
                0x00000000000044dc                CLOCK_SYS_GetAdcGateCmd
 .text.CLOCK_SYS_EnableSpiClock
                0x00000000000044e6        0xa ../../../../lib/ksdk_platform_lib/armgcc/KL03Z4/release/libksdk_platform.a(fsl_clock_MKL03Z4.c.obj)
                0x00000000000044e6                CLOCK_SYS_EnableSpiClock
 .text.CLOCK_SYS_DisableSpiClock
                0x00000000000044f0        0xa ../../../../lib/ksdk_platform_lib/armgcc/KL03Z4/release/libksdk_platform.a(fsl_clock_MKL03Z4.c.obj)
                0x00000000000044f0                CLOCK_SYS_DisableSpiClock
 .text.CLOCK_SYS_GetSpiGateCmd
                0x00000000000044fa        0xa ../../../../lib/ksdk_platform_lib/armgcc/KL03Z4/release/libksdk_platform.a(fsl_clock_MKL03Z4.c.obj)
                0x00000000000044fa                CLOCK_SYS_GetSpiGateCmd
 .text.CLOCK_SYS_EnableI2cClock
                0x0000000000004504        0xa ../../../../lib/ksdk_platform_lib/armgcc/KL03Z4/release/libksdk_platform.a(fsl_clock_MKL03Z4.c.obj)
                0x0000000000004504                CLOCK_SYS_EnableI2cClock
 .text.CLOCK_SYS_DisableI2cClock
                0x000000000000450e        0xa ../../../../lib/ksdk_platform_lib/armgcc/KL03Z4/release/libksdk_platform.a(fsl_clock_MKL03Z4.c.obj)
                0x000000000000450e                CLOCK_SYS_DisableI2cClock
 .text.CLOCK_SYS_GetI2cGateCmd
                0x0000000000004518        0xa ../../../../lib/ksdk_platform_lib/armgcc/KL03Z4/release/libksdk_platform.a(fsl_clock_MKL03Z4.c.obj)
                0x0000000000004518                CLOCK_SYS_GetI2cGateCmd
 .text.CLOCK_SYS_GetLpuartGateCmd
                0x0000000000004522        0xa ../../../../lib/ksdk_platform_lib/armgcc/KL03Z4/release/libksdk_platform.a(fsl_clock_MKL03Z4.c.obj)
                0x0000000000004522                CLOCK_SYS_GetLpuartGateCmd
 .text.CLOCK_SYS_GetTpmGateCmd
                0x000000000000452c       0x10 ../../../../lib/ksdk_platform_lib/armgcc/KL03Z4/release/libksdk_platform.a(fsl_clock_MKL03Z4.c.obj)
                0x000000000000452c                CLOCK_SYS_GetTpmGateCmd
 .text.INT_SYS_EnableIRQGlobal
                0x000000000000453c       0x18 ../../../../lib/ksdk_platform_lib/armgcc/KL03Z4/release/libksdk_platform.a(fsl_interrupt_manager.c.obj)
                0x000000000000453c                INT_SYS_EnableIRQGlobal
 .text.INT_SYS_DisableIRQGlobal
                0x0000000000004554       0x10 ../../../../lib/ksdk_platform_lib/armgcc/KL03Z4/release/libksdk_platform.a(fsl_interrupt_manager.c.obj)
                0x0000000000004554                INT_SYS_DisableIRQGlobal
 .text.POWER_SYS_WaitForVlprStatus
                0x0000000000004564       0x24 ../../../../lib/ksdk_platform_lib/armgcc/KL03Z4/release/libksdk_platform.a(fsl_power_manager.c.obj)
 .text.POWER_SYS_WaitForRunStatus
                0x0000000000004588       0x3c ../../../../lib/ksdk_platform_lib/armgcc/KL03Z4/release/libksdk_platform.a(fsl_power_manager.c.obj)
 .text.POWER_SYS_Init
                0x00000000000045c4       0x44 ../../../../lib/ksdk_platform_lib/armgcc/KL03Z4/release/libksdk_platform.a(fsl_power_manager.c.obj)
                0x00000000000045c4                POWER_SYS_Init
 .text.POWER_SYS_SetMode
                0x0000000000004608      0x2e8 ../../../../lib/ksdk_platform_lib/armgcc/KL03Z4/release/libksdk_platform.a(fsl_power_manager.c.obj)
                0x0000000000004608                POWER_SYS_SetMode
 .text.POWER_SYS_GetCurrentMode
                0x00000000000048f0       0x20 ../../../../lib/ksdk_platform_lib/armgcc/KL03Z4/release/libksdk_platform.a(fsl_power_manager.c.obj)
                0x00000000000048f0                POWER_SYS_GetCurrentMode
 .text.GPIO_DRV_InputPinInit
                0x0000000000004910       0x90 ../../../../lib/ksdk_platform_lib/armgcc/KL03Z4/release/libksdk_platform.a(fsl_gpio_driver.c.obj)
                0x0000000000004910                GPIO_DRV_InputPinInit
 .text.GPIO_DRV_OutputPinInit
                0x00000000000049a0       0x58 ../../../../lib/ksdk_platform_lib/armgcc/KL03Z4/release/libksdk_platform.a(fsl_gpio_driver.c.obj)
                0x00000000000049a0                GPIO_DRV_OutputPinInit
 .text.GPIO_DRV_Init
                0x00000000000049f8       0x34 ../../../../lib/ksdk_platform_lib/armgcc/KL03Z4/release/libksdk_platform.a(fsl_gpio_driver.c.obj)
                0x00000000000049f8                GPIO_DRV_Init
 .text.GPIO_DRV_SetPinOutput
                0x0000000000004a2c       0x1c ../../../../lib/ksdk_platform_lib/armgcc/KL03Z4/release/libksdk_platform.a(fsl_gpio_driver.c.obj)
                0x0000000000004a2c                GPIO_DRV_SetPinOutput
 .text.GPIO_DRV_ClearPinOutput
                0x0000000000004a48       0x1c ../../../../lib/ksdk_platform_lib/armgcc/KL03Z4/release/libksdk_platform.a(fsl_gpio_driver.c.obj)
                0x0000000000004a48                GPIO_DRV_ClearPinOutput
 .text.I2C_DRV_IRQHandler
                0x0000000000004a64       0x28 ../../../../lib/ksdk_platform_lib/armgcc/KL03Z4/release/libksdk_platform.a(fsl_i2c_shared_function.c.obj)
                0x0000000000004a64                I2C_DRV_IRQHandler
 .text.I2C_HAL_WriteByte
                0x0000000000004a8c       0x14 ../../../../lib/ksdk_platform_lib/armgcc/KL03Z4/release/libksdk_platform.a(fsl_i2c_master_driver.c.obj)
 .text.I2C_DRV_MasterWait
                0x0000000000004aa0       0x2c ../../../../lib/ksdk_platform_lib/armgcc/KL03Z4/release/libksdk_platform.a(fsl_i2c_master_driver.c.obj)
 .text.I2C_DRV_CompleteTransfer
                0x0000000000004acc       0x4c ../../../../lib/ksdk_platform_lib/armgcc/KL03Z4/release/libksdk_platform.a(fsl_i2c_master_driver.c.obj)
 .text.I2C_DRV_SendAddress.isra.0
                0x0000000000004b18       0xe8 ../../../../lib/ksdk_platform_lib/armgcc/KL03Z4/release/libksdk_platform.a(fsl_i2c_master_driver.c.obj)
 .text.I2C_DRV_MasterInit
                0x0000000000004c00       0x78 ../../../../lib/ksdk_platform_lib/armgcc/KL03Z4/release/libksdk_platform.a(fsl_i2c_master_driver.c.obj)
                0x0000000000004c00                I2C_DRV_MasterInit
 .text.I2C_DRV_MasterDeinit
                0x0000000000004c78       0x4c ../../../../lib/ksdk_platform_lib/armgcc/KL03Z4/release/libksdk_platform.a(fsl_i2c_master_driver.c.obj)
                0x0000000000004c78                I2C_DRV_MasterDeinit
 .text.I2C_DRV_MasterSetBaudRate
                0x0000000000004cc4       0x34 ../../../../lib/ksdk_platform_lib/armgcc/KL03Z4/release/libksdk_platform.a(fsl_i2c_master_driver.c.obj)
                0x0000000000004cc4                I2C_DRV_MasterSetBaudRate
 .text.I2C_DRV_MasterSend
                0x0000000000004cf8       0xe0 ../../../../lib/ksdk_platform_lib/armgcc/KL03Z4/release/libksdk_platform.a(fsl_i2c_master_driver.c.obj)
 .text.I2C_DRV_MasterReceive
                0x0000000000004dd8       0xf0 ../../../../lib/ksdk_platform_lib/armgcc/KL03Z4/release/libksdk_platform.a(fsl_i2c_master_driver.c.obj)
 .text.I2C_DRV_MasterSendDataBlocking
                0x0000000000004ec8       0x1a ../../../../lib/ksdk_platform_lib/armgcc/KL03Z4/release/libksdk_platform.a(fsl_i2c_master_driver.c.obj)
                0x0000000000004ec8                I2C_DRV_MasterSendDataBlocking
 .text.I2C_DRV_MasterReceiveDataBlocking
                0x0000000000004ee2       0x1a ../../../../lib/ksdk_platform_lib/armgcc/KL03Z4/release/libksdk_platform.a(fsl_i2c_master_driver.c.obj)
                0x0000000000004ee2                I2C_DRV_MasterReceiveDataBlocking
 .text.I2C_DRV_MasterIRQHandler
                0x0000000000004efc       0x9c ../../../../lib/ksdk_platform_lib/armgcc/KL03Z4/release/libksdk_platform.a(fsl_i2c_master_driver.c.obj)
                0x0000000000004efc                I2C_DRV_MasterIRQHandler
 .text.I2C_HAL_ClearInt
                0x0000000000004f98        0xe ../../../../lib/ksdk_platform_lib/armgcc/KL03Z4/release/libksdk_platform.a(fsl_i2c_slave_driver.c.obj)
 *fill*         0x0000000000004fa6        0x2 
 .text.I2C_DRV_SlaveIRQHandler
                0x0000000000004fa8      0x250 ../../../../lib/ksdk_platform_lib/armgcc/KL03Z4/release/libksdk_platform.a(fsl_i2c_slave_driver.c.obj)
                0x0000000000004fa8                I2C_DRV_SlaveIRQHandler
 .text.LLWU_HAL_ClearExternalPinWakeupFlag
                0x00000000000051f8       0x24 ../../../../lib/ksdk_platform_lib/armgcc/KL03Z4/release/libksdk_platform.a(fsl_llwu_hal.c.obj)
                0x00000000000051f8                LLWU_HAL_ClearExternalPinWakeupFlag
 .text.LPUART_DRV_CompleteSendData
                0x000000000000521c       0x34 ../../../../lib/ksdk_platform_lib/armgcc/KL03Z4/release/libksdk_platform.a(fsl_lpuart_driver.c.obj)
 .text.LPUART_DRV_CompleteReceiveData
                0x0000000000005250       0x40 ../../../../lib/ksdk_platform_lib/armgcc/KL03Z4/release/libksdk_platform.a(fsl_lpuart_driver.c.obj)
 .text.LPUART_DRV_IrqHandler
                0x0000000000005290       0xbc ../../../../lib/ksdk_platform_lib/armgcc/KL03Z4/release/libksdk_platform.a(fsl_lpuart_driver.c.obj)
                0x0000000000005290                LPUART_DRV_IrqHandler
 .text.CLOCK_HAL_GetLircClk
                0x000000000000534c       0x34 ../../../../lib/ksdk_platform_lib/armgcc/KL03Z4/release/libksdk_platform.a(fsl_mcglite_hal.c.obj)
                0x000000000000534c                CLOCK_HAL_GetLircClk
 .text.CLOCK_HAL_GetInternalRefClk
                0x0000000000005380       0x2c ../../../../lib/ksdk_platform_lib/armgcc/KL03Z4/release/libksdk_platform.a(fsl_mcglite_hal.c.obj)
                0x0000000000005380                CLOCK_HAL_GetInternalRefClk
 .text.CLOCK_HAL_GetOutClk
                0x00000000000053ac       0x48 ../../../../lib/ksdk_platform_lib/armgcc/KL03Z4/release/libksdk_platform.a(fsl_mcglite_hal.c.obj)
                0x00000000000053ac                CLOCK_HAL_GetOutClk
 .text.CLOCK_HAL_GetMode
                0x00000000000053f4       0x38 ../../../../lib/ksdk_platform_lib/armgcc/KL03Z4/release/libksdk_platform.a(fsl_mcglite_hal_modes.c.obj)
                0x00000000000053f4                CLOCK_HAL_GetMode
 .text.CLOCK_HAL_SetHircMode
                0x000000000000542c       0x38 ../../../../lib/ksdk_platform_lib/armgcc/KL03Z4/release/libksdk_platform.a(fsl_mcglite_hal_modes.c.obj)
                0x000000000000542c                CLOCK_HAL_SetHircMode
 .text.CLOCK_HAL_SetLircMode
                0x0000000000005464       0x84 ../../../../lib/ksdk_platform_lib/armgcc/KL03Z4/release/libksdk_platform.a(fsl_mcglite_hal_modes.c.obj)
                0x0000000000005464                CLOCK_HAL_SetLircMode
 .text.CLOCK_HAL_SetExtMode
                0x00000000000054e8       0x38 ../../../../lib/ksdk_platform_lib/armgcc/KL03Z4/release/libksdk_platform.a(fsl_mcglite_hal_modes.c.obj)
                0x00000000000054e8                CLOCK_HAL_SetExtMode
 .text.OSC_HAL_SetExternalRefClkCmd
                0x0000000000005520        0xe ../../../../lib/ksdk_platform_lib/armgcc/KL03Z4/release/libksdk_platform.a(fsl_osc_hal.c.obj)
                0x0000000000005520                OSC_HAL_SetExternalRefClkCmd
 .text.OSC_HAL_GetExternalRefClkCmd
                0x000000000000552e       0x10 ../../../../lib/ksdk_platform_lib/armgcc/KL03Z4/release/libksdk_platform.a(fsl_osc_hal.c.obj)
                0x000000000000552e                OSC_HAL_GetExternalRefClkCmd
 .text.OSC_HAL_SetExternalRefClkInStopModeCmd
                0x000000000000553e        0xe ../../../../lib/ksdk_platform_lib/armgcc/KL03Z4/release/libksdk_platform.a(fsl_osc_hal.c.obj)
                0x000000000000553e                OSC_HAL_SetExternalRefClkInStopModeCmd
 .text.RTC_HAL_ConvertSecsToDatetime
                0x000000000000554c       0x9c ../../../../lib/ksdk_platform_lib/armgcc/KL03Z4/release/libksdk_platform.a(fsl_rtc_hal.c.obj)
                0x000000000000554c                RTC_HAL_ConvertSecsToDatetime
 .text.RTC_HAL_IsDatetimeCorrectFormat
                0x00000000000055e8       0x54 ../../../../lib/ksdk_platform_lib/armgcc/KL03Z4/release/libksdk_platform.a(fsl_rtc_hal.c.obj)
                0x00000000000055e8                RTC_HAL_IsDatetimeCorrectFormat
 .text.RTC_HAL_ConvertDatetimeToSecs
                0x000000000000563c       0x5c ../../../../lib/ksdk_platform_lib/armgcc/KL03Z4/release/libksdk_platform.a(fsl_rtc_hal.c.obj)
                0x000000000000563c                RTC_HAL_ConvertDatetimeToSecs
 .text.RTC_HAL_Enable
                0x0000000000005698       0x28 ../../../../lib/ksdk_platform_lib/armgcc/KL03Z4/release/libksdk_platform.a(fsl_rtc_hal.c.obj)
                0x0000000000005698                RTC_HAL_Enable
 .text.RTC_HAL_Init
                0x00000000000056c0       0x38 ../../../../lib/ksdk_platform_lib/armgcc/KL03Z4/release/libksdk_platform.a(fsl_rtc_hal.c.obj)
                0x00000000000056c0                RTC_HAL_Init
 .text.RTC_HAL_SetDatetimeInsecs
                0x00000000000056f8       0x18 ../../../../lib/ksdk_platform_lib/armgcc/KL03Z4/release/libksdk_platform.a(fsl_rtc_hal.c.obj)
                0x00000000000056f8                RTC_HAL_SetDatetimeInsecs
 .text.RTC_HAL_GetDatetimeInSecs
                0x0000000000005710        0x6 ../../../../lib/ksdk_platform_lib/armgcc/KL03Z4/release/libksdk_platform.a(fsl_rtc_hal.c.obj)
                0x0000000000005710                RTC_HAL_GetDatetimeInSecs
 *fill*         0x0000000000005716        0x2 
 .text.RTC_DRV_Init
                0x0000000000005718       0x58 ../../../../lib/ksdk_platform_lib/armgcc/KL03Z4/release/libksdk_platform.a(fsl_rtc_driver.c.obj)
                0x0000000000005718                RTC_DRV_Init
 .text.RTC_DRV_SetDatetime
                0x0000000000005770       0x50 ../../../../lib/ksdk_platform_lib/armgcc/KL03Z4/release/libksdk_platform.a(fsl_rtc_driver.c.obj)
                0x0000000000005770                RTC_DRV_SetDatetime
 .text.RTC_DRV_GetDatetime
                0x00000000000057c0       0x58 ../../../../lib/ksdk_platform_lib/armgcc/KL03Z4/release/libksdk_platform.a(fsl_rtc_driver.c.obj)
                0x00000000000057c0                RTC_DRV_GetDatetime
 .text.RTC_DRV_SetAlarm
                0x0000000000005818       0x6c ../../../../lib/ksdk_platform_lib/armgcc/KL03Z4/release/libksdk_platform.a(fsl_rtc_driver.c.obj)
                0x0000000000005818                RTC_DRV_SetAlarm
 .text.RTC_DRV_SetAlarmIntCmd
                0x0000000000005884       0x18 ../../../../lib/ksdk_platform_lib/armgcc/KL03Z4/release/libksdk_platform.a(fsl_rtc_driver.c.obj)
                0x0000000000005884                RTC_DRV_SetAlarmIntCmd
 .text.RTC_DRV_IsAlarmPending
                0x000000000000589c       0x1c ../../../../lib/ksdk_platform_lib/armgcc/KL03Z4/release/libksdk_platform.a(fsl_rtc_driver.c.obj)
                0x000000000000589c                RTC_DRV_IsAlarmPending
 .text.CLOCK_HAL_SetOutDiv
                0x00000000000058b8       0x1c ../../../../lib/ksdk_platform_lib/armgcc/KL03Z4/release/libksdk_platform.a(fsl_sim_hal_MKL03Z4.c.obj)
                0x00000000000058b8                CLOCK_HAL_SetOutDiv
 .text.SPI_DRV_IRQHandler
                0x00000000000058d4       0x28 ../../../../lib/ksdk_platform_lib/armgcc/KL03Z4/release/libksdk_platform.a(fsl_spi_shared_function.c.obj)
                0x00000000000058d4                SPI_DRV_IRQHandler
 .text.SPI_DRV_MasterCompleteTransfer
                0x00000000000058fc       0x3c ../../../../lib/ksdk_platform_lib/armgcc/KL03Z4/release/libksdk_platform.a(fsl_spi_master_driver.c.obj)
 .text.SPI_DRV_MasterInit
                0x0000000000005938       0x84 ../../../../lib/ksdk_platform_lib/armgcc/KL03Z4/release/libksdk_platform.a(fsl_spi_master_driver.c.obj)
                0x0000000000005938                SPI_DRV_MasterInit
 .text.SPI_DRV_MasterDeinit
                0x00000000000059bc       0x48 ../../../../lib/ksdk_platform_lib/armgcc/KL03Z4/release/libksdk_platform.a(fsl_spi_master_driver.c.obj)
                0x00000000000059bc                SPI_DRV_MasterDeinit
 .text.SPI_DRV_MasterConfigureBus
                0x0000000000005a04       0x34 ../../../../lib/ksdk_platform_lib/armgcc/KL03Z4/release/libksdk_platform.a(fsl_spi_master_driver.c.obj)
                0x0000000000005a04                SPI_DRV_MasterConfigureBus
 .text.SPI_DRV_MasterStartTransfer
                0x0000000000005a38       0x84 ../../../../lib/ksdk_platform_lib/armgcc/KL03Z4/release/libksdk_platform.a(fsl_spi_master_driver.c.obj)
 .text.SPI_DRV_MasterTransferBlocking
                0x0000000000005abc       0x58 ../../../../lib/ksdk_platform_lib/armgcc/KL03Z4/release/libksdk_platform.a(fsl_spi_master_driver.c.obj)
                0x0000000000005abc                SPI_DRV_MasterTransferBlocking
 .text.SPI_DRV_MasterIRQHandler
                0x0000000000005b14       0x84 ../../../../lib/ksdk_platform_lib/armgcc/KL03Z4/release/libksdk_platform.a(fsl_spi_master_driver.c.obj)
                0x0000000000005b14                SPI_DRV_MasterIRQHandler
 .text.SPI_DRV_SlaveCompleteTransfer
                0x0000000000005b98       0x4c ../../../../lib/ksdk_platform_lib/armgcc/KL03Z4/release/libksdk_platform.a(fsl_spi_slave_driver.c.obj)
 .text.SPI_DRV_SlaveIRQHandler
                0x0000000000005be4       0xa0 ../../../../lib/ksdk_platform_lib/armgcc/KL03Z4/release/libksdk_platform.a(fsl_spi_slave_driver.c.obj)
                0x0000000000005be4                SPI_DRV_SlaveIRQHandler
 .text.SMC_HAL_GetProtectionMode
                0x0000000000005c84       0x20 ../../../../lib/ksdk_platform_lib/armgcc/KL03Z4/release/libksdk_platform.a(fsl_smc_hal.c.obj)
                0x0000000000005c84                SMC_HAL_GetProtectionMode
 .text.SMC_HAL_SetRunMode
                0x0000000000005ca4       0x14 ../../../../lib/ksdk_platform_lib/armgcc/KL03Z4/release/libksdk_platform.a(fsl_smc_hal.c.obj)
                0x0000000000005ca4                SMC_HAL_SetRunMode
 .text.SMC_HAL_SetPorMode
                0x0000000000005cb8       0x10 ../../../../lib/ksdk_platform_lib/armgcc/KL03Z4/release/libksdk_platform.a(fsl_smc_hal.c.obj)
                0x0000000000005cb8                SMC_HAL_SetPorMode
 .text.SMC_HAL_SetPstopMode
                0x0000000000005cc8       0x14 ../../../../lib/ksdk_platform_lib/armgcc/KL03Z4/release/libksdk_platform.a(fsl_smc_hal.c.obj)
                0x0000000000005cc8                SMC_HAL_SetPstopMode
 .text.SMC_HAL_SetLpoMode
                0x0000000000005cdc       0x10 ../../../../lib/ksdk_platform_lib/armgcc/KL03Z4/release/libksdk_platform.a(fsl_smc_hal.c.obj)
                0x0000000000005cdc                SMC_HAL_SetLpoMode
 .text.SMC_HAL_SetMode
                0x0000000000005cec       0xf0 ../../../../lib/ksdk_platform_lib/armgcc/KL03Z4/release/libksdk_platform.a(fsl_smc_hal.c.obj)
                0x0000000000005cec                SMC_HAL_SetMode
 .text.SMC_HAL_GetStat
                0x0000000000005ddc       0x10 ../../../../lib/ksdk_platform_lib/armgcc/KL03Z4/release/libksdk_platform.a(fsl_smc_hal.c.obj)
                0x0000000000005ddc                SMC_HAL_GetStat
 .text.GPIO_HAL_SetPinDir
                0x0000000000005dec       0x1e ../../../../lib/ksdk_platform_lib/armgcc/KL03Z4/release/libksdk_platform.a(fsl_gpio_hal.c.obj)
                0x0000000000005dec                GPIO_HAL_SetPinDir
 .text.GPIO_HAL_WritePinOutput
                0x0000000000005e0a       0x10 ../../../../lib/ksdk_platform_lib/armgcc/KL03Z4/release/libksdk_platform.a(fsl_gpio_hal.c.obj)
                0x0000000000005e0a                GPIO_HAL_WritePinOutput
 .text.I2C_HAL_Init
                0x0000000000005e1a       0x1c ../../../../lib/ksdk_platform_lib/armgcc/KL03Z4/release/libksdk_platform.a(fsl_i2c_hal.c.obj)
                0x0000000000005e1a                I2C_HAL_Init
 *fill*         0x0000000000005e36        0x2 
 .text.I2C_HAL_SetBaudRate
                0x0000000000005e38       0x8c ../../../../lib/ksdk_platform_lib/armgcc/KL03Z4/release/libksdk_platform.a(fsl_i2c_hal.c.obj)
                0x0000000000005e38                I2C_HAL_SetBaudRate
 .text.I2C_HAL_SendStart
                0x0000000000005ec4       0x24 ../../../../lib/ksdk_platform_lib/armgcc/KL03Z4/release/libksdk_platform.a(fsl_i2c_hal.c.obj)
                0x0000000000005ec4                I2C_HAL_SendStart
 .text.I2C_HAL_SendStop
                0x0000000000005ee8       0x42 ../../../../lib/ksdk_platform_lib/armgcc/KL03Z4/release/libksdk_platform.a(fsl_i2c_hal.c.obj)
                0x0000000000005ee8                I2C_HAL_SendStop
 .text.LPUART_HAL_SetIntMode
                0x0000000000005f2a       0x50 ../../../../lib/ksdk_platform_lib/armgcc/KL03Z4/release/libksdk_platform.a(fsl_lpuart_hal.c.obj)
                0x0000000000005f2a                LPUART_HAL_SetIntMode
 .text.LPUART_HAL_GetIntMode
                0x0000000000005f7a       0x32 ../../../../lib/ksdk_platform_lib/armgcc/KL03Z4/release/libksdk_platform.a(fsl_lpuart_hal.c.obj)
                0x0000000000005f7a                LPUART_HAL_GetIntMode
 .text.LPUART_HAL_GetStatusFlag
                0x0000000000005fac        0x8 ../../../../lib/ksdk_platform_lib/armgcc/KL03Z4/release/libksdk_platform.a(fsl_lpuart_hal.c.obj)
                0x0000000000005fac                LPUART_HAL_GetStatusFlag
 .text.LPUART_HAL_ClearStatusFlag
                0x0000000000005fb4       0xac ../../../../lib/ksdk_platform_lib/armgcc/KL03Z4/release/libksdk_platform.a(fsl_lpuart_hal.c.obj)
                0x0000000000005fb4                LPUART_HAL_ClearStatusFlag
 .text.SPI_HAL_Init
                0x0000000000006060        0xe ../../../../lib/ksdk_platform_lib/armgcc/KL03Z4/release/libksdk_platform.a(fsl_spi_hal.c.obj)
                0x0000000000006060                SPI_HAL_Init
 .text.SPI_HAL_SetBaud
                0x000000000000606e       0x6e ../../../../lib/ksdk_platform_lib/armgcc/KL03Z4/release/libksdk_platform.a(fsl_spi_hal.c.obj)
                0x000000000000606e                SPI_HAL_SetBaud
 .text.SPI_HAL_SetSlaveSelectOutputMode
                0x00000000000060dc       0x24 ../../../../lib/ksdk_platform_lib/armgcc/KL03Z4/release/libksdk_platform.a(fsl_spi_hal.c.obj)
                0x00000000000060dc                SPI_HAL_SetSlaveSelectOutputMode
 .text.SPI_HAL_SetDataFormat
                0x0000000000006100       0x26 ../../../../lib/ksdk_platform_lib/armgcc/KL03Z4/release/libksdk_platform.a(fsl_spi_hal.c.obj)
                0x0000000000006100                SPI_HAL_SetDataFormat
 .text.SPI_HAL_SetPinMode
                0x0000000000006126       0x1e ../../../../lib/ksdk_platform_lib/armgcc/KL03Z4/release/libksdk_platform.a(fsl_spi_hal.c.obj)
                0x0000000000006126                SPI_HAL_SetPinMode
 *(.rodata)
 .rodata        0x0000000000006144        0x4 /usr/lib/gcc/arm-none-eabi/9.2.1/../../../arm-none-eabi/lib/thumb/v6-m/nofp/libc_nano.a(lib_a-impure.o)
                0x0000000000006144                _global_impure_ptr
 .rodata        0x0000000000006148       0x80 /usr/lib/gcc/arm-none-eabi/9.2.1/thumb/v6-m/nofp/libgcc.a(divsf3.o)
 .rodata        0x00000000000061c8       0x40 /usr/lib/gcc/arm-none-eabi/9.2.1/thumb/v6-m/nofp/libgcc.a(mulsf3.o)
 .rodata        0x0000000000006208       0x40 /usr/lib/gcc/arm-none-eabi/9.2.1/thumb/v6-m/nofp/libgcc.a(muldf3.o)
 *(.rodata*)
 .rodata.debugPrintSPIsinkBuffer.str1.1
                0x0000000000006248       0x2a CMakeFiles/Warp.dir/home/students/lpb32/Warp-Coursework-2/build/ksdk1.1/work/demos/Warp/src/boot.c.obj
                                         0x2c (size before relaxing)
 .rodata.warpLowPowerSecondsSleep.str1.1
                0x0000000000006272       0x5e CMakeFiles/Warp.dir/home/students/lpb32/Warp-Coursework-2/build/ksdk1.1/work/demos/Warp/src/boot.c.obj
 .rodata.printBootSplash.str1.1
                0x00000000000062d0      0x24b CMakeFiles/Warp.dir/home/students/lpb32/Warp-Coursework-2/build/ksdk1.1/work/demos/Warp/src/boot.c.obj
 .rodata.loopForSensor.str1.1
                0x000000000000651b       0xd8 CMakeFiles/Warp.dir/home/students/lpb32/Warp-Coursework-2/build/ksdk1.1/work/demos/Warp/src/boot.c.obj
 .rodata.main.str1.1
                0x00000000000065f3     0x12ea CMakeFiles/Warp.dir/home/students/lpb32/Warp-Coursework-2/build/ksdk1.1/work/demos/Warp/src/boot.c.obj
                                       0x12f9 (size before relaxing)
 .rodata.gWarpEfmt
                0x00000000000078dd       0x26 CMakeFiles/Warp.dir/home/students/lpb32/Warp-Coursework-2/build/ksdk1.1/work/demos/Warp/src/errstrsEN.c.obj
                0x00000000000078dd                gWarpEfmt
 .rodata.initMMA8451Q.str1.1
                0x0000000000007903       0x68 CMakeFiles/Warp.dir/home/students/lpb32/Warp-Coursework-2/build/ksdk1.1/work/demos/Warp/src/devMMA8451Q.c.obj
 .rodata.readSensorRegisterMMA8451Q.str1.1
                0x000000000000796b        0x2 CMakeFiles/Warp.dir/home/students/lpb32/Warp-Coursework-2/build/ksdk1.1/work/demos/Warp/src/devMMA8451Q.c.obj
 .rodata.printSensorDataMMA8451Q.str1.1
                0x000000000000796d       0x1c CMakeFiles/Warp.dir/home/students/lpb32/Warp-Coursework-2/build/ksdk1.1/work/demos/Warp/src/devMMA8451Q.c.obj
 .rodata._DoInit.str1.1
                0x0000000000007989       0x14 CMakeFiles/Warp.dir/home/students/lpb32/Warp-Coursework-2/build/ksdk1.1/work/demos/Warp/src/SEGGER_RTT.c.obj
 .rodata._aV2C.4439
                0x000000000000799d       0x10 CMakeFiles/Warp.dir/home/students/lpb32/Warp-Coursework-2/build/ksdk1.1/work/demos/Warp/src/SEGGER_RTT_printf.c.obj
 .rodata.devSSD1331init.str1.1
                0x00000000000079ad       0x86 CMakeFiles/Warp.dir/home/students/lpb32/Warp-Coursework-2/build/ksdk1.1/work/demos/Warp/src/devSSD1331.c.obj
 .rodata.updateAccelerations.str1.1
                0x0000000000007a33       0xc4 CMakeFiles/Warp.dir/home/students/lpb32/Warp-Coursework-2/build/ksdk1.1/work/demos/Warp/src/activityClassifier.c.obj
 .rodata.classifierAlgorithm.str1.1
                0x0000000000007af7      0x167 CMakeFiles/Warp.dir/home/students/lpb32/Warp-Coursework-2/build/ksdk1.1/work/demos/Warp/src/activityClassifier.c.obj
 .rodata.portGateTable
                0x0000000000007c5e        0x2 ../../../../lib/ksdk_platform_lib/armgcc/KL03Z4/release/libksdk_platform.a(fsl_clock_MKL03Z4.c.obj)
 .rodata.tpmGateTable
                0x0000000000007c60        0x2 ../../../../lib/ksdk_platform_lib/armgcc/KL03Z4/release/libksdk_platform.a(fsl_clock_MKL03Z4.c.obj)
 *fill*         0x0000000000007c62        0x2 
 .rodata.g_i2cBaseAddr
                0x0000000000007c64        0x4 ../../../../lib/ksdk_platform_lib/armgcc/KL03Z4/release/libksdk_platform.a(fsl_i2c_common.c.obj)
                0x0000000000007c64                g_i2cBaseAddr
 .rodata.g_i2cIrqId
                0x0000000000007c68        0x1 ../../../../lib/ksdk_platform_lib/armgcc/KL03Z4/release/libksdk_platform.a(fsl_i2c_common.c.obj)
                0x0000000000007c68                g_i2cIrqId
 *fill*         0x0000000000007c69        0x3 
 .rodata.g_lpuartBaseAddr
                0x0000000000007c6c        0x4 ../../../../lib/ksdk_platform_lib/armgcc/KL03Z4/release/libksdk_platform.a(fsl_lpuart_common.c.obj)
                0x0000000000007c6c                g_lpuartBaseAddr
 .rodata.LY     0x0000000000007c70        0xd ../../../../lib/ksdk_platform_lib/armgcc/KL03Z4/release/libksdk_platform.a(fsl_rtc_hal.c.obj)
 *fill*         0x0000000000007c7d        0x1 
 .rodata.MONTH_DAYS
                0x0000000000007c7e       0x1a ../../../../lib/ksdk_platform_lib/armgcc/KL03Z4/release/libksdk_platform.a(fsl_rtc_hal.c.obj)
 .rodata.ULY    0x0000000000007c98        0xd ../../../../lib/ksdk_platform_lib/armgcc/KL03Z4/release/libksdk_platform.a(fsl_rtc_hal.c.obj)
 *fill*         0x0000000000007ca5        0x3 
 .rodata.g_rtcBaseAddr
                0x0000000000007ca8        0x4 ../../../../lib/ksdk_platform_lib/armgcc/KL03Z4/release/libksdk_platform.a(fsl_rtc_common.c.obj)
                0x0000000000007ca8                g_rtcBaseAddr
 .rodata.g_rtcIrqId
                0x0000000000007cac        0x1 ../../../../lib/ksdk_platform_lib/armgcc/KL03Z4/release/libksdk_platform.a(fsl_rtc_common.c.obj)
                0x0000000000007cac                g_rtcIrqId
 .rodata.g_rtcSecondsIrqId
                0x0000000000007cad        0x1 ../../../../lib/ksdk_platform_lib/armgcc/KL03Z4/release/libksdk_platform.a(fsl_rtc_common.c.obj)
                0x0000000000007cad                g_rtcSecondsIrqId
 *fill*         0x0000000000007cae        0x2 
 .rodata.g_spiBaseAddr
                0x0000000000007cb0        0x4 ../../../../lib/ksdk_platform_lib/armgcc/KL03Z4/release/libksdk_platform.a(fsl_spi_common.c.obj)
                0x0000000000007cb0                g_spiBaseAddr
 .rodata.g_spiIrqId
                0x0000000000007cb4        0x1 ../../../../lib/ksdk_platform_lib/armgcc/KL03Z4/release/libksdk_platform.a(fsl_spi_common.c.obj)
                0x0000000000007cb4                g_spiIrqId
 *fill*         0x0000000000007cb5        0x3 
 .rodata.g_oscBaseAddr
                0x0000000000007cb8        0x4 ../../../../lib/ksdk_platform_lib/armgcc/KL03Z4/release/libksdk_platform.a(fsl_clock_manager_common.c.obj)
                0x0000000000007cb8                g_oscBaseAddr
 .rodata.g_gpioBaseAddr
                0x0000000000007cbc        0x8 ../../../../lib/ksdk_platform_lib/armgcc/KL03Z4/release/libksdk_platform.a(fsl_gpio_common.c.obj)
                0x0000000000007cbc                g_gpioBaseAddr
 .rodata.g_portBaseAddr
                0x0000000000007cc4        0x8 ../../../../lib/ksdk_platform_lib/armgcc/KL03Z4/release/libksdk_platform.a(fsl_gpio_common.c.obj)
                0x0000000000007cc4                g_portBaseAddr
 .rodata.g_portIrqId
                0x0000000000007ccc        0x2 ../../../../lib/ksdk_platform_lib/armgcc/KL03Z4/release/libksdk_platform.a(fsl_gpio_common.c.obj)
                0x0000000000007ccc                g_portIrqId
 .rodata.kI2CDividerTable
                0x0000000000007cce       0xc8 ../../../../lib/ksdk_platform_lib/armgcc/KL03Z4/release/libksdk_platform.a(fsl_i2c_hal.c.obj)
                0x0000000000007cce                kI2CDividerTable
 *(.glue_7)
 .glue_7        0x0000000000007d96        0x0 linker stubs
 *(.glue_7t)
 .glue_7t       0x0000000000007d96        0x0 linker stubs
 *(.eh_frame)
 *fill*         0x0000000000007d96        0x2 
 .eh_frame      0x0000000000007d98        0x0 /usr/lib/gcc/arm-none-eabi/9.2.1/thumb/v6-m/nofp/crtbegin.o
 *(.init)
 .init          0x0000000000007d98        0x4 /usr/lib/gcc/arm-none-eabi/9.2.1/thumb/v6-m/nofp/crti.o
                0x0000000000007d98                _init
 .init          0x0000000000007d9c        0x8 /usr/lib/gcc/arm-none-eabi/9.2.1/thumb/v6-m/nofp/crtn.o
 *(.fini)
 .fini          0x0000000000007da4        0x4 /usr/lib/gcc/arm-none-eabi/9.2.1/thumb/v6-m/nofp/crti.o
                0x0000000000007da4                _fini
 .fini          0x0000000000007da8        0x8 /usr/lib/gcc/arm-none-eabi/9.2.1/thumb/v6-m/nofp/crtn.o
                0x0000000000007db0                . = ALIGN (0x4)

.vfp11_veneer   0x0000000000007db0        0x0
 .vfp11_veneer  0x0000000000007db0        0x0 linker stubs

.v4_bx          0x0000000000007db0        0x0
 .v4_bx         0x0000000000007db0        0x0 linker stubs

.iplt           0x0000000000007db0        0x0
 .iplt          0x0000000000007db0        0x0 /usr/lib/gcc/arm-none-eabi/9.2.1/thumb/v6-m/nofp/crtbegin.o

.ARM.extab
 *(.ARM.extab* .gnu.linkonce.armextab.*)

.ARM            0x0000000000007db0        0x8
                0x0000000000007db0                __exidx_start = .
 *(.ARM.exidx*)
 .ARM.exidx     0x0000000000007db0        0x8 /usr/lib/gcc/arm-none-eabi/9.2.1/../../../arm-none-eabi/lib/thumb/v6-m/nofp/crt0.o
                                         0x10 (size before relaxing)
                0x0000000000007db8                __exidx_end = .

.rel.dyn        0x0000000000007db8        0x0
 .rel.iplt      0x0000000000007db8        0x0 /usr/lib/gcc/arm-none-eabi/9.2.1/thumb/v6-m/nofp/crtbegin.o

.ctors          0x0000000000007db8        0x0
                0x0000000000007db8                __CTOR_LIST__ = .
 *crtbegin.o(.ctors)
 *crtbegin?.o(.ctors)
 *(EXCLUDE_FILE(*crtend.o *crtend?.o) .ctors)
 *(SORT_BY_NAME(.ctors.*))
 *(.ctors)
                0x0000000000007db8                __CTOR_END__ = .

.dtors          0x0000000000007db8        0x0
                0x0000000000007db8                __DTOR_LIST__ = .
 *crtbegin.o(.dtors)
 *crtbegin?.o(.dtors)
 *(EXCLUDE_FILE(*crtend.o *crtend?.o) .dtors)
 *(SORT_BY_NAME(.dtors.*))
 *(.dtors)
                0x0000000000007db8                __DTOR_END__ = .

.preinit_array  0x0000000000007db8        0x0
                0x0000000000007db8                PROVIDE (__preinit_array_start = .)
 *(.preinit_array*)
                0x0000000000007db8                PROVIDE (__preinit_array_end = .)

.init_array     0x0000000000007db8        0x4
                0x0000000000007db8                PROVIDE (__init_array_start = .)
 *(SORT_BY_NAME(.init_array.*))
 *(.init_array*)
 .init_array    0x0000000000007db8        0x4 /usr/lib/gcc/arm-none-eabi/9.2.1/thumb/v6-m/nofp/crtbegin.o
                0x0000000000007dbc                PROVIDE (__init_array_end = .)

.fini_array     0x0000000000007dbc        0x4
                0x0000000000007dbc                PROVIDE (__fini_array_start = .)
 *(SORT_BY_NAME(.fini_array.*))
 *(.fini_array*)
 .fini_array    0x0000000000007dbc        0x4 /usr/lib/gcc/arm-none-eabi/9.2.1/thumb/v6-m/nofp/crtbegin.o
                0x0000000000007dc0                PROVIDE (__fini_array_end = .)
                0x0000000000007dc0                __etext = .
                0x0000000000007dc0                __DATA_ROM = .

.mtb            0x000000001ffffe00        0x0
                0x000000001ffffe00                . = ALIGN (0x8)
                0x000000001ffffe00                _mtb_start = .
 *(.mtb_buf)
                0x000000001ffffe00                . = ALIGN (0x8)
                0x000000001ffffe00                _mtb_end = .

.interrupts_ram
                0x000000001ffffe00        0x0
                0x000000001ffffe00                . = ALIGN (0x4)
                0x000000001ffffe00                __VECTOR_RAM__ = .
                0x000000001ffffe00                __interrupts_ram_start__ = .
 *(.m_interrupts_ram)
                0x000000001ffffe00                . = (. + M_VECTOR_RAM_SIZE)
                0x000000001ffffe00                . = ALIGN (0x4)
                0x000000001ffffe00                __interrupts_ram_end__ = .
                0x0000000000000000                __VECTOR_RAM = DEFINED (__ram_vector_table__)?__VECTOR_RAM__:ORIGIN (m_interrupts)
                0x0000000000000000                __RAM_VECTOR_TABLE_SIZE_BYTES = DEFINED (__ram_vector_table__)?(__interrupts_ram_end__ - __interrupts_ram_start__):0x0

.data           0x000000001ffffe00      0x138 load address 0x0000000000007dc0
                0x000000001ffffe00                . = ALIGN (0x4)
                0x000000001ffffe00                __DATA_RAM = .
                0x000000001ffffe00                __data_start__ = .
 *(.data)
 .data          0x000000001ffffe00       0x64 /usr/lib/gcc/arm-none-eabi/9.2.1/../../../arm-none-eabi/lib/thumb/v6-m/nofp/libc_nano.a(lib_a-impure.o)
                0x000000001ffffe00                _impure_ptr
 *(.data*)
 .data.clockCallbackTable
                0x000000001ffffe64        0x4 CMakeFiles/Warp.dir/home/students/lpb32/Warp-Coursework-2/build/ksdk1.1/work/demos/Warp/src/boot.c.obj
 .data.clockManagerCallbackUserlevelStructure
                0x000000001ffffe68        0xc CMakeFiles/Warp.dir/home/students/lpb32/Warp-Coursework-2/build/ksdk1.1/work/demos/Warp/src/boot.c.obj
                0x000000001ffffe68                clockManagerCallbackUserlevelStructure
 .data.gWarpCurrentSupplyVoltage
                0x000000001ffffe74        0x2 CMakeFiles/Warp.dir/home/students/lpb32/Warp-Coursework-2/build/ksdk1.1/work/demos/Warp/src/boot.c.obj
                0x000000001ffffe74                gWarpCurrentSupplyVoltage
 .data.gWarpExtraQuietMode
                0x000000001ffffe76        0x1 CMakeFiles/Warp.dir/home/students/lpb32/Warp-Coursework-2/build/ksdk1.1/work/demos/Warp/src/boot.c.obj
                0x000000001ffffe76                gWarpExtraQuietMode
 *fill*         0x000000001ffffe77        0x1 
 .data.gWarpI2cBaudRateKbps
                0x000000001ffffe78        0x4 CMakeFiles/Warp.dir/home/students/lpb32/Warp-Coursework-2/build/ksdk1.1/work/demos/Warp/src/boot.c.obj
                0x000000001ffffe78                gWarpI2cBaudRateKbps
 .data.gWarpI2cTimeoutMilliseconds
                0x000000001ffffe7c        0x4 CMakeFiles/Warp.dir/home/students/lpb32/Warp-Coursework-2/build/ksdk1.1/work/demos/Warp/src/boot.c.obj
                0x000000001ffffe7c                gWarpI2cTimeoutMilliseconds
 .data.gWarpSleeptimeSeconds
                0x000000001ffffe80        0x4 CMakeFiles/Warp.dir/home/students/lpb32/Warp-Coursework-2/build/ksdk1.1/work/demos/Warp/src/boot.c.obj
                0x000000001ffffe80                gWarpSleeptimeSeconds
 .data.gWarpSpiBaudRateKbps
                0x000000001ffffe84        0x4 CMakeFiles/Warp.dir/home/students/lpb32/Warp-Coursework-2/build/ksdk1.1/work/demos/Warp/src/boot.c.obj
                0x000000001ffffe84                gWarpSpiBaudRateKbps
 .data.gWarpSpiTimeoutMicroseconds
                0x000000001ffffe88        0x4 CMakeFiles/Warp.dir/home/students/lpb32/Warp-Coursework-2/build/ksdk1.1/work/demos/Warp/src/boot.c.obj
                0x000000001ffffe88                gWarpSpiTimeoutMicroseconds
 .data.gWarpUartBaudRateBps
                0x000000001ffffe8c        0x4 CMakeFiles/Warp.dir/home/students/lpb32/Warp-Coursework-2/build/ksdk1.1/work/demos/Warp/src/boot.c.obj
                0x000000001ffffe8c                gWarpUartBaudRateBps
 .data.LPFWeights
                0x000000001ffffe90       0x26 CMakeFiles/Warp.dir/home/students/lpb32/Warp-Coursework-2/build/ksdk1.1/work/demos/Warp/src/activityClassifier.c.obj
 *fill*         0x000000001ffffeb6        0x2 
 .data.inputPins
                0x000000001ffffeb8        0x8 CMakeFiles/Warp.dir/home/students/lpb32/Warp-Coursework-2/build/ksdk1.1/work/boards/Warp/gpio_pins.c.obj
                0x000000001ffffeb8                inputPins
 .data.outputPins
                0x000000001ffffec0       0x60 CMakeFiles/Warp.dir/home/students/lpb32/Warp-Coursework-2/build/ksdk1.1/work/boards/Warp/gpio_pins.c.obj
                0x000000001ffffec0                outputPins
 .data.g_defaultClockConfigurations
                0x000000001fffff20       0x18 ../../../../lib/ksdk_platform_lib/armgcc/KL03Z4/release/libksdk_platform.a(fsl_clock_MKL03Z4.c.obj)
                0x000000001fffff20                g_defaultClockConfigurations
 *(.jcr*)
                0x000000001fffff38                . = ALIGN (0x4)
                0x000000001fffff38                __data_end__ = .
                0x0000000000007ef8                __DATA_END = (__DATA_ROM + (__data_end__ - __data_start__))

.tm_clone_table
                0x000000001fffff38        0x0 load address 0x0000000000007ef8
 .tm_clone_table
                0x000000001fffff38        0x0 /usr/lib/gcc/arm-none-eabi/9.2.1/thumb/v6-m/nofp/crtbegin.o
 .tm_clone_table
                0x000000001fffff38        0x0 /usr/lib/gcc/arm-none-eabi/9.2.1/thumb/v6-m/nofp/crtend.o

.igot.plt       0x000000001fffff38        0x0 load address 0x0000000000007ef8
 .igot.plt      0x000000001fffff38        0x0 /usr/lib/gcc/arm-none-eabi/9.2.1/thumb/v6-m/nofp/crtbegin.o

.bss            0x000000001fffff38      0x424 load address 0x0000000000007ef8
                0x000000001fffff38                . = ALIGN (0x4)
                0x000000001fffff38                __START_BSS = .
                0x000000001fffff38                __bss_start__ = .
 *(.bss)
 .bss           0x000000001fffff38       0x1c /usr/lib/gcc/arm-none-eabi/9.2.1/thumb/v6-m/nofp/crtbegin.o
 .bss           0x000000001fffff54        0x8 /usr/lib/gcc/arm-none-eabi/9.2.1/../../../arm-none-eabi/lib/thumb/v6-m/nofp/libc_nano.a(lib_a-nano-mallocr.o)
                0x000000001fffff54                __malloc_free_list
                0x000000001fffff58                __malloc_sbrk_start
 .bss           0x000000001fffff5c       0x8c /usr/lib/gcc/arm-none-eabi/9.2.1/../../../arm-none-eabi/lib/thumb/v6-m/nofp/libc_nano.a(lib_a-__atexit.o)
 .bss           0x000000001fffffe8        0x4 /usr/lib/gcc/arm-none-eabi/9.2.1/../../../arm-none-eabi/lib/thumb/v6-m/nofp/libc_nano.a(lib_a-__call_atexit.o)
                0x000000001fffffe8                _global_atexit
 *(.bss*)
 .bss.heap_end.5296
                0x000000001fffffec        0x4 CMakeFiles/Warp.dir/home/students/lpb32/Warp-Coursework-2/build/ksdk1.1/work/platform/utilities/src/fsl_misc_utilities.c.obj
 .bss.deviceMMA8451QState
                0x000000001ffffff0        0xa CMakeFiles/Warp.dir/home/students/lpb32/Warp-Coursework-2/build/ksdk1.1/work/demos/Warp/src/boot.c.obj
                0x000000001ffffff0                deviceMMA8451QState
 .bss.gWarpBooted
                0x000000001ffffffa        0x1 CMakeFiles/Warp.dir/home/students/lpb32/Warp-Coursework-2/build/ksdk1.1/work/demos/Warp/src/boot.c.obj
                0x000000001ffffffa                gWarpBooted
 .bss.gWarpPrintBuffer
                0x000000001ffffffb       0x40 CMakeFiles/Warp.dir/home/students/lpb32/Warp-Coursework-2/build/ksdk1.1/work/demos/Warp/src/boot.c.obj
                0x000000001ffffffb                gWarpPrintBuffer
 *fill*         0x000000002000003b        0x1 
 .bss.i2cMasterState
                0x000000002000003c       0x24 CMakeFiles/Warp.dir/home/students/lpb32/Warp-Coursework-2/build/ksdk1.1/work/demos/Warp/src/boot.c.obj
                0x000000002000003c                i2cMasterState
 .bss.spiMasterState
                0x0000000020000060       0x30 CMakeFiles/Warp.dir/home/students/lpb32/Warp-Coursework-2/build/ksdk1.1/work/demos/Warp/src/boot.c.obj
                0x0000000020000060                spiMasterState
 .bss.spiUserConfig
                0x0000000020000090        0x8 CMakeFiles/Warp.dir/home/students/lpb32/Warp-Coursework-2/build/ksdk1.1/work/demos/Warp/src/boot.c.obj
                0x0000000020000090                spiUserConfig
 .bss.AccelerationBuffer
                0x0000000020000098       0x26 CMakeFiles/Warp.dir/home/students/lpb32/Warp-Coursework-2/build/ksdk1.1/work/demos/Warp/src/devMMA8451Q.c.obj
 *fill*         0x00000000200000be        0x2 
 .bss.LPFBuffer
                0x00000000200000c0       0x4c CMakeFiles/Warp.dir/home/students/lpb32/Warp-Coursework-2/build/ksdk1.1/work/demos/Warp/src/devMMA8451Q.c.obj
 .bss._SEGGER_RTT
                0x000000002000010c       0x78 CMakeFiles/Warp.dir/home/students/lpb32/Warp-Coursework-2/build/ksdk1.1/work/demos/Warp/src/SEGGER_RTT.c.obj
                0x000000002000010c                _SEGGER_RTT
 .bss._acDownBuffer
                0x0000000020000184        0x4 CMakeFiles/Warp.dir/home/students/lpb32/Warp-Coursework-2/build/ksdk1.1/work/demos/Warp/src/SEGGER_RTT.c.obj
 .bss._acUpBuffer
                0x0000000020000188       0x64 CMakeFiles/Warp.dir/home/students/lpb32/Warp-Coursework-2/build/ksdk1.1/work/demos/Warp/src/SEGGER_RTT.c.obj
 .bss.inBuffer  0x00000000200001ec       0x20 CMakeFiles/Warp.dir/home/students/lpb32/Warp-Coursework-2/build/ksdk1.1/work/demos/Warp/src/devSSD1331.c.obj
                0x00000000200001ec                inBuffer
 .bss.payloadBytes
                0x000000002000020c       0x20 CMakeFiles/Warp.dir/home/students/lpb32/Warp-Coursework-2/build/ksdk1.1/work/demos/Warp/src/devSSD1331.c.obj
                0x000000002000020c                payloadBytes
 .bss.AccelerationBuffer
                0x000000002000022c       0x26 CMakeFiles/Warp.dir/home/students/lpb32/Warp-Coursework-2/build/ksdk1.1/work/demos/Warp/src/activityClassifier.c.obj
 *fill*         0x0000000020000252        0x2 
 .bss.LPFBuffer
                0x0000000020000254       0x4c CMakeFiles/Warp.dir/home/students/lpb32/Warp-Coursework-2/build/ksdk1.1/work/demos/Warp/src/activityClassifier.c.obj
 .bss.XCombined
                0x00000000200002a0        0x2 CMakeFiles/Warp.dir/home/students/lpb32/Warp-Coursework-2/build/ksdk1.1/work/demos/Warp/src/activityClassifier.c.obj
 .bss.YCombined
                0x00000000200002a2        0x2 CMakeFiles/Warp.dir/home/students/lpb32/Warp-Coursework-2/build/ksdk1.1/work/demos/Warp/src/activityClassifier.c.obj
 .bss.ZCombined
                0x00000000200002a4        0x2 CMakeFiles/Warp.dir/home/students/lpb32/Warp-Coursework-2/build/ksdk1.1/work/demos/Warp/src/activityClassifier.c.obj
 *fill*         0x00000000200002a6        0x2 
 .bss.accelerationMagnitude
                0x00000000200002a8        0x4 CMakeFiles/Warp.dir/home/students/lpb32/Warp-Coursework-2/build/ksdk1.1/work/demos/Warp/src/activityClassifier.c.obj
 .bss.activityReading
                0x00000000200002ac        0x1 CMakeFiles/Warp.dir/home/students/lpb32/Warp-Coursework-2/build/ksdk1.1/work/demos/Warp/src/activityClassifier.c.obj
 *fill*         0x00000000200002ad        0x3 
 .bss.distance  0x00000000200002b0        0x4 CMakeFiles/Warp.dir/home/students/lpb32/Warp-Coursework-2/build/ksdk1.1/work/demos/Warp/src/activityClassifier.c.obj
 .bss.numberOfInflectionPoints
                0x00000000200002b4        0x2 CMakeFiles/Warp.dir/home/students/lpb32/Warp-Coursework-2/build/ksdk1.1/work/demos/Warp/src/activityClassifier.c.obj
 .bss.numberOfSteps
                0x00000000200002b6        0x2 CMakeFiles/Warp.dir/home/students/lpb32/Warp-Coursework-2/build/ksdk1.1/work/demos/Warp/src/activityClassifier.c.obj
 .bss.speed     0x00000000200002b8        0x4 CMakeFiles/Warp.dir/home/students/lpb32/Warp-Coursework-2/build/ksdk1.1/work/demos/Warp/src/activityClassifier.c.obj
 .bss.g_freeTaskControlBlock
                0x00000000200002bc        0x4 ../../../../lib/ksdk_platform_lib/armgcc/KL03Z4/release/libksdk_platform.a(fsl_os_abstraction_bm.c.obj)
 .bss.g_taskControlBlockPool
                0x00000000200002c0       0x50 ../../../../lib/ksdk_platform_lib/armgcc/KL03Z4/release/libksdk_platform.a(fsl_os_abstraction_bm.c.obj)
 .bss.g_taskListHead
                0x0000000020000310       0x10 ../../../../lib/ksdk_platform_lib/armgcc/KL03Z4/release/libksdk_platform.a(fsl_os_abstraction_bm.c.obj)
 .bss.g_clockState
                0x0000000020000320       0x10 ../../../../lib/ksdk_platform_lib/armgcc/KL03Z4/release/libksdk_platform.a(fsl_clock_manager.c.obj)
 .bss.g_interruptDisableCount
                0x0000000020000330        0x4 ../../../../lib/ksdk_platform_lib/armgcc/KL03Z4/release/libksdk_platform.a(fsl_interrupt_manager.c.obj)
                0x0000000020000330                g_interruptDisableCount
 .bss.gPowerManagerState
                0x0000000020000334       0x10 ../../../../lib/ksdk_platform_lib/armgcc/KL03Z4/release/libksdk_platform.a(fsl_power_manager.c.obj)
 .bss.g_i2cStatePtr
                0x0000000020000344        0x4 ../../../../lib/ksdk_platform_lib/armgcc/KL03Z4/release/libksdk_platform.a(fsl_i2c_common.c.obj)
                0x0000000020000344                g_i2cStatePtr
 .bss.g_lpuartStatePtr
                0x0000000020000348        0x4 ../../../../lib/ksdk_platform_lib/armgcc/KL03Z4/release/libksdk_platform.a(fsl_lpuart_common.c.obj)
                0x0000000020000348                g_lpuartStatePtr
 .bss.g_xtal0ClkFreq
                0x000000002000034c        0x4 ../../../../lib/ksdk_platform_lib/armgcc/KL03Z4/release/libksdk_platform.a(fsl_mcglite_hal.c.obj)
                0x000000002000034c                g_xtal0ClkFreq
 .bss.g_xtalRtcClkFreq
                0x0000000020000350        0x4 ../../../../lib/ksdk_platform_lib/armgcc/KL03Z4/release/libksdk_platform.a(fsl_mcglite_hal.c.obj)
                0x0000000020000350                g_xtalRtcClkFreq
 .bss.g_spiStatePtr
                0x0000000020000354        0x4 ../../../../lib/ksdk_platform_lib/armgcc/KL03Z4/release/libksdk_platform.a(fsl_spi_shared_function.c.obj)
                0x0000000020000354                g_spiStatePtr
 *(COMMON)
 COMMON         0x0000000020000358        0x4 /usr/lib/gcc/arm-none-eabi/9.2.1/../../../arm-none-eabi/lib/thumb/v6-m/nofp/libc_nano.a(lib_a-reent.o)
                0x0000000020000358                errno
                0x000000002000035c                . = ALIGN (0x4)
                0x000000002000035c                __bss_end__ = .
                0x000000002000035c                __END_BSS = .

.heap           0x000000002000035c        0x4 load address 0x000000000000831c
                0x0000000020000360                . = ALIGN (0x8)
 *fill*         0x000000002000035c        0x4 
                0x0000000020000360                __end__ = .
                0x0000000020000360                PROVIDE (end = .)
                0x0000000020000360                __HeapBase = .
                0x0000000020000360                . = (. + HEAP_SIZE)
                0x0000000020000360                __HeapLimit = .

.stack          0x0000000020000360      0x200 load address 0x0000000000008320
                0x0000000020000360                . = ALIGN (0x8)
                0x0000000020000560                . = (. + STACK_SIZE)
 *fill*         0x0000000020000360      0x200 
                0x0000000020000600                __StackTop = (ORIGIN (m_data) + LENGTH (m_data))
                0x0000000020000400                __StackLimit = (__StackTop - STACK_SIZE)
                0x0000000020000600                PROVIDE (__stack = __StackTop)

.ARM.attributes
                0x0000000000000000       0x28
 *(.ARM.attributes)
 .ARM.attributes
                0x0000000000000000       0x1e /usr/lib/gcc/arm-none-eabi/9.2.1/thumb/v6-m/nofp/crti.o
 .ARM.attributes
                0x000000000000001e       0x2c /usr/lib/gcc/arm-none-eabi/9.2.1/thumb/v6-m/nofp/crtbegin.o
 .ARM.attributes
                0x000000000000004a       0x1b /usr/lib/gcc/arm-none-eabi/9.2.1/../../../arm-none-eabi/lib/thumb/v6-m/nofp/crt0.o
 .ARM.attributes
                0x0000000000000065       0x2c CMakeFiles/Warp.dir/home/students/lpb32/Warp-Coursework-2/build/ksdk1.1/work/platform/utilities/src/fsl_misc_utilities.c.obj
 .ARM.attributes
                0x0000000000000091       0x1b CMakeFiles/Warp.dir/home/students/lpb32/Warp-Coursework-2/build/ksdk1.1/work/platform/startup/MKL03Z4/gcc/startup_MKL03Z4.S.obj
 .ARM.attributes
                0x00000000000000ac       0x2c CMakeFiles/Warp.dir/home/students/lpb32/Warp-Coursework-2/build/ksdk1.1/work/demos/Warp/src/boot.c.obj
 .ARM.attributes
                0x00000000000000d8       0x32 CMakeFiles/Warp.dir/home/students/lpb32/Warp-Coursework-2/build/ksdk1.1/work/demos/Warp/src/errstrsEN.c.obj
 .ARM.attributes
                0x000000000000010a       0x2c CMakeFiles/Warp.dir/home/students/lpb32/Warp-Coursework-2/build/ksdk1.1/work/demos/Warp/src/powermodes.c.obj
 .ARM.attributes
                0x0000000000000136       0x2c CMakeFiles/Warp.dir/home/students/lpb32/Warp-Coursework-2/build/ksdk1.1/work/demos/Warp/src/devMMA8451Q.c.obj
 .ARM.attributes
                0x0000000000000162       0x2c CMakeFiles/Warp.dir/home/students/lpb32/Warp-Coursework-2/build/ksdk1.1/work/demos/Warp/src/SEGGER_RTT.c.obj
 .ARM.attributes
                0x000000000000018e       0x2c CMakeFiles/Warp.dir/home/students/lpb32/Warp-Coursework-2/build/ksdk1.1/work/demos/Warp/src/SEGGER_RTT_printf.c.obj
 .ARM.attributes
                0x00000000000001ba       0x2c CMakeFiles/Warp.dir/home/students/lpb32/Warp-Coursework-2/build/ksdk1.1/work/demos/Warp/src/devSSD1331.c.obj
 .ARM.attributes
                0x00000000000001e6       0x2c CMakeFiles/Warp.dir/home/students/lpb32/Warp-Coursework-2/build/ksdk1.1/work/demos/Warp/src/activityClassifier.c.obj
 .ARM.attributes
                0x0000000000000212       0x2c CMakeFiles/Warp.dir/home/students/lpb32/Warp-Coursework-2/build/ksdk1.1/work/platform/drivers/src/i2c/fsl_i2c_irq.c.obj
 .ARM.attributes
                0x000000000000023e       0x2c CMakeFiles/Warp.dir/home/students/lpb32/Warp-Coursework-2/build/ksdk1.1/work/platform/drivers/src/spi/fsl_spi_irq.c.obj
 .ARM.attributes
                0x000000000000026a       0x2c CMakeFiles/Warp.dir/home/students/lpb32/Warp-Coursework-2/build/ksdk1.1/work/platform/drivers/src/lpuart/fsl_lpuart_irq.c.obj
 .ARM.attributes
                0x0000000000000296       0x2c CMakeFiles/Warp.dir/home/students/lpb32/Warp-Coursework-2/build/ksdk1.1/work/platform/startup/MKL03Z4/system_MKL03Z4.c.obj
 .ARM.attributes
                0x00000000000002c2       0x2c CMakeFiles/Warp.dir/home/students/lpb32/Warp-Coursework-2/build/ksdk1.1/work/platform/startup/startup.c.obj
 .ARM.attributes
                0x00000000000002ee       0x32 CMakeFiles/Warp.dir/home/students/lpb32/Warp-Coursework-2/build/ksdk1.1/work/boards/Warp/gpio_pins.c.obj
 .ARM.attributes
                0x0000000000000320       0x2c ../../../../lib/ksdk_platform_lib/armgcc/KL03Z4/release/libksdk_platform.a(fsl_os_abstraction_bm.c.obj)
 .ARM.attributes
                0x000000000000034c       0x2c ../../../../lib/ksdk_platform_lib/armgcc/KL03Z4/release/libksdk_platform.a(fsl_clock_manager.c.obj)
 .ARM.attributes
                0x0000000000000378       0x2c ../../../../lib/ksdk_platform_lib/armgcc/KL03Z4/release/libksdk_platform.a(fsl_clock_MKL03Z4.c.obj)
 .ARM.attributes
                0x00000000000003a4       0x2c ../../../../lib/ksdk_platform_lib/armgcc/KL03Z4/release/libksdk_platform.a(fsl_interrupt_manager.c.obj)
 .ARM.attributes
                0x00000000000003d0       0x2c ../../../../lib/ksdk_platform_lib/armgcc/KL03Z4/release/libksdk_platform.a(fsl_power_manager.c.obj)
 .ARM.attributes
                0x00000000000003fc       0x2c ../../../../lib/ksdk_platform_lib/armgcc/KL03Z4/release/libksdk_platform.a(fsl_gpio_driver.c.obj)
 .ARM.attributes
                0x0000000000000428       0x2c ../../../../lib/ksdk_platform_lib/armgcc/KL03Z4/release/libksdk_platform.a(fsl_i2c_shared_function.c.obj)
 .ARM.attributes
                0x0000000000000454       0x32 ../../../../lib/ksdk_platform_lib/armgcc/KL03Z4/release/libksdk_platform.a(fsl_i2c_common.c.obj)
 .ARM.attributes
                0x0000000000000486       0x2c ../../../../lib/ksdk_platform_lib/armgcc/KL03Z4/release/libksdk_platform.a(fsl_i2c_master_driver.c.obj)
 .ARM.attributes
                0x00000000000004b2       0x2c ../../../../lib/ksdk_platform_lib/armgcc/KL03Z4/release/libksdk_platform.a(fsl_i2c_slave_driver.c.obj)
 .ARM.attributes
                0x00000000000004de       0x2c ../../../../lib/ksdk_platform_lib/armgcc/KL03Z4/release/libksdk_platform.a(fsl_llwu_hal.c.obj)
 .ARM.attributes
                0x000000000000050a       0x2c ../../../../lib/ksdk_platform_lib/armgcc/KL03Z4/release/libksdk_platform.a(fsl_lpuart_driver.c.obj)
 .ARM.attributes
                0x0000000000000536       0x32 ../../../../lib/ksdk_platform_lib/armgcc/KL03Z4/release/libksdk_platform.a(fsl_lpuart_common.c.obj)
 .ARM.attributes
                0x0000000000000568       0x2c ../../../../lib/ksdk_platform_lib/armgcc/KL03Z4/release/libksdk_platform.a(fsl_mcglite_hal.c.obj)
 .ARM.attributes
                0x0000000000000594       0x2c ../../../../lib/ksdk_platform_lib/armgcc/KL03Z4/release/libksdk_platform.a(fsl_mcglite_hal_modes.c.obj)
 .ARM.attributes
                0x00000000000005c0       0x2c ../../../../lib/ksdk_platform_lib/armgcc/KL03Z4/release/libksdk_platform.a(fsl_osc_hal.c.obj)
 .ARM.attributes
                0x00000000000005ec       0x2c ../../../../lib/ksdk_platform_lib/armgcc/KL03Z4/release/libksdk_platform.a(fsl_rtc_hal.c.obj)
 .ARM.attributes
                0x0000000000000618       0x2c ../../../../lib/ksdk_platform_lib/armgcc/KL03Z4/release/libksdk_platform.a(fsl_rtc_driver.c.obj)
 .ARM.attributes
                0x0000000000000644       0x32 ../../../../lib/ksdk_platform_lib/armgcc/KL03Z4/release/libksdk_platform.a(fsl_rtc_common.c.obj)
 .ARM.attributes
                0x0000000000000676       0x2c ../../../../lib/ksdk_platform_lib/armgcc/KL03Z4/release/libksdk_platform.a(fsl_sim_hal_MKL03Z4.c.obj)
 .ARM.attributes
                0x00000000000006a2       0x2c ../../../../lib/ksdk_platform_lib/armgcc/KL03Z4/release/libksdk_platform.a(fsl_spi_shared_function.c.obj)
 .ARM.attributes
                0x00000000000006ce       0x2c ../../../../lib/ksdk_platform_lib/armgcc/KL03Z4/release/libksdk_platform.a(fsl_spi_master_driver.c.obj)
 .ARM.attributes
                0x00000000000006fa       0x2c ../../../../lib/ksdk_platform_lib/armgcc/KL03Z4/release/libksdk_platform.a(fsl_spi_slave_driver.c.obj)
 .ARM.attributes
                0x0000000000000726       0x32 ../../../../lib/ksdk_platform_lib/armgcc/KL03Z4/release/libksdk_platform.a(fsl_spi_common.c.obj)
 .ARM.attributes
                0x0000000000000758       0x2c ../../../../lib/ksdk_platform_lib/armgcc/KL03Z4/release/libksdk_platform.a(fsl_smc_hal.c.obj)
 .ARM.attributes
                0x0000000000000784       0x32 ../../../../lib/ksdk_platform_lib/armgcc/KL03Z4/release/libksdk_platform.a(fsl_clock_manager_common.c.obj)
 .ARM.attributes
                0x00000000000007b6       0x2c ../../../../lib/ksdk_platform_lib/armgcc/KL03Z4/release/libksdk_platform.a(fsl_gpio_hal.c.obj)
 .ARM.attributes
                0x00000000000007e2       0x32 ../../../../lib/ksdk_platform_lib/armgcc/KL03Z4/release/libksdk_platform.a(fsl_gpio_common.c.obj)
 .ARM.attributes
                0x0000000000000814       0x2c ../../../../lib/ksdk_platform_lib/armgcc/KL03Z4/release/libksdk_platform.a(fsl_i2c_hal.c.obj)
 .ARM.attributes
                0x0000000000000840       0x2c ../../../../lib/ksdk_platform_lib/armgcc/KL03Z4/release/libksdk_platform.a(fsl_lpuart_hal.c.obj)
 .ARM.attributes