Archive member included to satisfy reference by file (symbol)

../../../../lib/ksdk_platform_lib/armgcc/KL03Z4/release/libksdk_platform.a(fsl_os_abstraction_bm.c.obj)
                              CMakeFiles/Warp.dir/home/students/lpb32/Warp-Coursework-2/build/ksdk1.1/work/demos/Warp/src/boot.c.obj (OSA_TimeGetMsec)
../../../../lib/ksdk_platform_lib/armgcc/KL03Z4/release/libksdk_platform.a(fsl_clock_manager.c.obj)
                              CMakeFiles/Warp.dir/home/students/lpb32/Warp-Coursework-2/build/ksdk1.1/work/demos/Warp/src/boot.c.obj (CLOCK_SYS_Init)
../../../../lib/ksdk_platform_lib/armgcc/KL03Z4/release/libksdk_platform.a(fsl_clock_MKL03Z4.c.obj)
                              ../../../../lib/ksdk_platform_lib/armgcc/KL03Z4/release/libksdk_platform.a(fsl_clock_manager.c.obj) (CLOCK_SYS_SetConfiguration)
../../../../lib/ksdk_platform_lib/armgcc/KL03Z4/release/libksdk_platform.a(fsl_interrupt_manager.c.obj)
                              ../../../../lib/ksdk_platform_lib/armgcc/KL03Z4/release/libksdk_platform.a(fsl_os_abstraction_bm.c.obj) (INT_SYS_InstallHandler)
../../../../lib/ksdk_platform_lib/armgcc/KL03Z4/release/libksdk_platform.a(fsl_power_manager.c.obj)
                              CMakeFiles/Warp.dir/home/students/lpb32/Warp-Coursework-2/build/ksdk1.1/work/demos/Warp/src/boot.c.obj (POWER_SYS_Init)
../../../../lib/ksdk_platform_lib/armgcc/KL03Z4/release/libksdk_platform.a(fsl_gpio_driver.c.obj)
                              ../../../../lib/ksdk_platform_lib/armgcc/KL03Z4/release/libksdk_platform.a(fsl_power_manager.c.obj) (GPIO_DRV_InputPinInit)
../../../../lib/ksdk_platform_lib/armgcc/KL03Z4/release/libksdk_platform.a(fsl_i2c_shared_function.c.obj)
                              CMakeFiles/Warp.dir/home/students/lpb32/Warp-Coursework-2/build/ksdk1.1/work/platform/drivers/src/i2c/fsl_i2c_irq.c.obj (I2C_DRV_IRQHandler)
../../../../lib/ksdk_platform_lib/armgcc/KL03Z4/release/libksdk_platform.a(fsl_i2c_common.c.obj)
                              ../../../../lib/ksdk_platform_lib/armgcc/KL03Z4/release/libksdk_platform.a(fsl_i2c_shared_function.c.obj) (g_i2cBaseAddr)
../../../../lib/ksdk_platform_lib/armgcc/KL03Z4/release/libksdk_platform.a(fsl_i2c_master_driver.c.obj)
                              CMakeFiles/Warp.dir/home/students/lpb32/Warp-Coursework-2/build/ksdk1.1/work/demos/Warp/src/boot.c.obj (I2C_DRV_MasterInit)
../../../../lib/ksdk_platform_lib/armgcc/KL03Z4/release/libksdk_platform.a(fsl_i2c_slave_driver.c.obj)
                              ../../../../lib/ksdk_platform_lib/armgcc/KL03Z4/release/libksdk_platform.a(fsl_i2c_shared_function.c.obj) (I2C_DRV_SlaveIRQHandler)
../../../../lib/ksdk_platform_lib/armgcc/KL03Z4/release/libksdk_platform.a(fsl_llwu_hal.c.obj)
                              CMakeFiles/Warp.dir/home/students/lpb32/Warp-Coursework-2/build/ksdk1.1/work/demos/Warp/src/powermodes.c.obj (LLWU_HAL_SetExternalInputPinMode)
../../../../lib/ksdk_platform_lib/armgcc/KL03Z4/release/libksdk_platform.a(fsl_lpuart_driver.c.obj)
                              CMakeFiles/Warp.dir/home/students/lpb32/Warp-Coursework-2/build/ksdk1.1/work/demos/Warp/src/boot.c.obj (LPUART_DRV_Init)
../../../../lib/ksdk_platform_lib/armgcc/KL03Z4/release/libksdk_platform.a(fsl_lpuart_common.c.obj)
                              ../../../../lib/ksdk_platform_lib/armgcc/KL03Z4/release/libksdk_platform.a(fsl_lpuart_driver.c.obj) (g_lpuartRxTxIrqId)
../../../../lib/ksdk_platform_lib/armgcc/KL03Z4/release/libksdk_platform.a(fsl_mcglite_hal.c.obj)
                              ../../../../lib/ksdk_platform_lib/armgcc/KL03Z4/release/libksdk_platform.a(fsl_clock_MKL03Z4.c.obj) (CLOCK_HAL_GetInternalRefClk)
../../../../lib/ksdk_platform_lib/armgcc/KL03Z4/release/libksdk_platform.a(fsl_mcglite_hal_modes.c.obj)
                              ../../../../lib/ksdk_platform_lib/armgcc/KL03Z4/release/libksdk_platform.a(fsl_power_manager.c.obj) (CLOCK_HAL_GetMode)
../../../../lib/ksdk_platform_lib/armgcc/KL03Z4/release/libksdk_platform.a(fsl_osc_hal.c.obj)
                              ../../../../lib/ksdk_platform_lib/armgcc/KL03Z4/release/libksdk_platform.a(fsl_clock_MKL03Z4.c.obj) (OSC_HAL_SetExternalRefClkCmd)
../../../../lib/ksdk_platform_lib/armgcc/KL03Z4/release/libksdk_platform.a(fsl_rtc_hal.c.obj)
                              CMakeFiles/Warp.dir/home/students/lpb32/Warp-Coursework-2/build/ksdk1.1/work/demos/Warp/src/powermodes.c.obj (RTC_HAL_ConvertSecsToDatetime)
../../../../lib/ksdk_platform_lib/armgcc/KL03Z4/release/libksdk_platform.a(fsl_rtc_driver.c.obj)
                              CMakeFiles/Warp.dir/home/students/lpb32/Warp-Coursework-2/build/ksdk1.1/work/demos/Warp/src/boot.c.obj (RTC_DRV_Init)
../../../../lib/ksdk_platform_lib/armgcc/KL03Z4/release/libksdk_platform.a(fsl_rtc_common.c.obj)
                              ../../../../lib/ksdk_platform_lib/armgcc/KL03Z4/release/libksdk_platform.a(fsl_rtc_driver.c.obj) (g_rtcSecondsIrqId)
[...]
Memory Configuration

Name             Origin             Length             Attributes
m_interrupts     0x0000000000000000 0x0000000000000100 xr
m_flash_config   0x0000000000000400 0x0000000000000010 xr
m_text           0x0000000000000410 0x0000000000007bf0 xr
m_data           0x000000001ffffe00 0x0000000000000800 rw
*default*        0x0000000000000000 0xffffffffffffffff

Linker script and memory map

LOAD /usr/lib/gcc/arm-none-eabi/9.2.1/thumb/v6-m/nofp/crti.o
LOAD /usr/lib/gcc/arm-none-eabi/9.2.1/thumb/v6-m/nofp/crtbegin.o
LOAD /usr/lib/gcc/arm-none-eabi/9.2.1/../../../arm-none-eabi/lib/thumb/v6-m/nofp/crt0.o
LOAD /usr/lib/gcc/arm-none-eabi/9.2.1/../../../arm-none-eabi/lib/thumb/v6-m/nofp/libm.a
                0x0000000000000200                __stack_size__ = 0x200
                0x0000000000000000                __heap_size__ = 0x0
LOAD CMakeFiles/Warp.dir/home/students/lpb32/Warp-Coursework-2/build/ksdk1.1/work/platform/utilities/src/fsl_misc_utilities.c.obj
LOAD CMakeFiles/Warp.dir/home/students/lpb32/Warp-Coursework-2/build/ksdk1.1/work/platform/startup/MKL03Z4/gcc/startup_MKL03Z4.S.obj
LOAD CMakeFiles/Warp.dir/home/students/lpb32/Warp-Coursework-2/build/ksdk1.1/work/demos/Warp/src/boot.c.obj
LOAD CMakeFiles/Warp.dir/home/students/lpb32/Warp-Coursework-2/build/ksdk1.1/work/demos/Warp/src/errstrsEN.c.obj
LOAD CMakeFiles/Warp.dir/home/students/lpb32/Warp-Coursework-2/build/ksdk1.1/work/demos/Warp/src/powermodes.c.obj
LOAD CMakeFiles/Warp.dir/home/students/lpb32/Warp-Coursework-2/build/ksdk1.1/work/demos/Warp/src/devMMA8451Q.c.obj
LOAD CMakeFiles/Warp.dir/home/students/lpb32/Warp-Coursework-2/build/ksdk1.1/work/demos/Warp/src/SEGGER_RTT.c.obj
LOAD CMakeFiles/Warp.dir/home/students/lpb32/Warp-Coursework-2/build/ksdk1.1/work/demos/Warp/src/SEGGER_RTT_printf.c.obj
LOAD CMakeFiles/Warp.dir/home/students/lpb32/Warp-Coursework-2/build/ksdk1.1/work/demos/Warp/src/devSSD1331.c.obj
LOAD CMakeFiles/Warp.dir/home/students/lpb32/Warp-Coursework-2/build/ksdk1.1/work/demos/Warp/src/activityClassifier.c.obj
LOAD CMakeFiles/Warp.dir/home/students/lpb32/Warp-Coursework-2/build/ksdk1.1/work/platform/drivers/src/i2c/fsl_i2c_irq.c.obj
LOAD CMakeFiles/Warp.dir/home/students/lpb32/Warp-Coursework-2/build/ksdk1.1/work/platform/drivers/src/spi/fsl_spi_irq.c.obj
LOAD CMakeFiles/Warp.dir/home/students/lpb32/Warp-Coursework-2/build/ksdk1.1/work/platform/drivers/src/lpuart/fsl_lpuart_irq.c.obj
LOAD CMakeFiles/Warp.dir/home/students/lpb32/Warp-Coursework-2/build/ksdk1.1/work/platform/startup/MKL03Z4/system_MKL03Z4.c.obj
LOAD CMakeFiles/Warp.dir/home/students/lpb32/Warp-Coursework-2/build/ksdk1.1/work/platform/startup/startup.c.obj
LOAD CMakeFiles/Warp.dir/home/students/lpb32/Warp-Coursework-2/build/ksdk1.1/work/boards/Warp/gpio_pins.c.obj
START GROUP
LOAD ../../../../lib/ksdk_platform_lib/armgcc/KL03Z4/release/libksdk_platform.a
LOAD /usr/lib/gcc/arm-none-eabi/9.2.1/../../../arm-none-eabi/lib/thumb/v6-m/nofp/libm.a
LOAD /usr/lib/gcc/arm-none-eabi/9.2.1/../../../arm-none-eabi/lib/thumb/v6-m/nofp/libc_nano.a
LOAD /usr/lib/gcc/arm-none-eabi/9.2.1/thumb/v6-m/nofp/libgcc.a
LOAD /usr/lib/gcc/arm-none-eabi/9.2.1/../../../arm-none-eabi/lib/thumb/v6-m/nofp/libnosys.a
END GROUP
START GROUP
LOAD /usr/lib/gcc/arm-none-eabi/9.2.1/thumb/v6-m/nofp/libgcc.a
LOAD /usr/lib/gcc/arm-none-eabi/9.2.1/../../../arm-none-eabi/lib/thumb/v6-m/nofp/libc_nano.a
END GROUP
START GROUP
LOAD /usr/lib/gcc/arm-none-eabi/9.2.1/thumb/v6-m/nofp/libgcc.a
LOAD /usr/lib/gcc/arm-none-eabi/9.2.1/../../../arm-none-eabi/lib/thumb/v6-m/nofp/libc_nano.a
END GROUP
LOAD /usr/lib/gcc/arm-none-eabi/9.2.1/thumb/v6-m/nofp/crtend.o
LOAD /usr/lib/gcc/arm-none-eabi/9.2.1/thumb/v6-m/nofp/crtn.o
                0x0000000000000000                HEAP_SIZE = DEFINED (__heap_size__)?__heap_size__:0x200
                0x0000000000000200                STACK_SIZE = DEFINED (__stack_size__)?__stack_size__:0x50
                0x0000000000000000                M_VECTOR_RAM_SIZE = DEFINED (__ram_vector_table__)?0x100:0x0

.interrupts     0x0000000000000000       0xc0
                0x0000000000000000                __VECTOR_TABLE = .
                0x0000000000000000                . = ALIGN (0x4)
 *(.isr_vector)
 .isr_vector    0x0000000000000000       0xc0 CMakeFiles/Warp.dir/home/students/lpb32/Warp-Coursework-2/build/ksdk1.1/work/platform/startup/MKL03Z4/gcc/startup_MKL03Z4.S.obj
                0x0000000000000000                __isr_vector
                0x00000000000000c0                . = ALIGN (0x4)

.flash_config   0x0000000000000400       0x10
                0x0000000000000400                . = ALIGN (0x4)
 *(.FlashConfig)
 .FlashConfig   0x0000000000000400       0x10 CMakeFiles/Warp.dir/home/students/lpb32/Warp-Coursework-2/build/ksdk1.1/work/platform/startup/MKL03Z4/gcc/startup_MKL03Z4.S.obj
                0x0000000000000410                . = ALIGN (0x4)

.text           0x0000000000000410     0x6684
                0x0000000000000410                . = ALIGN (0x4)
 *(.text)
 .text          0x0000000000000410       0x98 /usr/lib/gcc/arm-none-eabi/9.2.1/thumb/v6-m/nofp/crtbegin.o
 .text          0x00000000000004a8       0x74 /usr/lib/gcc/arm-none-eabi/9.2.1/../../../arm-none-eabi/lib/thumb/v6-m/nofp/crt0.o
                0x00000000000004a8                _stack_init
                0x00000000000004b4                _mainCRTStartup
                0x00000000000004b4                _start
 .text          0x000000000000051c       0x30 CMakeFiles/Warp.dir/home/students/lpb32/Warp-Coursework-2/build/ksdk1.1/work/platform/startup/MKL03Z4/gcc/startup_MKL03Z4.S.obj
                0x000000000000051c                Reset_Handler
                0x0000000000000544                Reserved18_IRQHandler
                0x0000000000000544                Reserved16_IRQHandler
                0x0000000000000544                HardFault_Handler
                0x0000000000000544                SysTick_Handler
                0x0000000000000544                PendSV_Handler
                0x0000000000000544                NMI_Handler
                0x0000000000000544                Reserved19_IRQHandler
                0x0000000000000544                Reserved29_IRQHandler
                0x0000000000000544                TPM0_IRQHandler
                0x0000000000000544                Reserved42_IRQHandler
                0x0000000000000544                ADC0_IRQHandler
                0x0000000000000544                Reserved39_IRQHandler
                0x0000000000000544                DefaultISR
                0x0000000000000544                Reserved25_IRQHandler
                0x0000000000000544                PORTB_IRQHandler
                0x0000000000000544                Reserved43_IRQHandler
                0x0000000000000544                Reserved27_IRQHandler
                0x0000000000000544                Reserved35_IRQHandler
                0x0000000000000544                Reserved20_IRQHandler
                0x0000000000000544                Reserved17_IRQHandler
                0x0000000000000544                Reserved41_IRQHandler
                0x0000000000000544                SVC_Handler
                0x0000000000000544                Reserved45_IRQHandler
                0x0000000000000544                Reserved30_IRQHandler
                0x0000000000000544                PMC_IRQHandler
                0x0000000000000544                TPM1_IRQHandler
                0x0000000000000544                FTFA_IRQHandler
                0x0000000000000544                Reserved40_IRQHandler
                0x0000000000000544                Reserved38_IRQHandler
                0x0000000000000544                LPTMR0_IRQHandler
                0x0000000000000544                CMP0_IRQHandler
 .text          0x000000000000054c        0x8 /usr/lib/gcc/arm-none-eabi/9.2.1/../../../arm-none-eabi/lib/thumb/v6-m/nofp/libc_nano.a(lib_a-abs.o)
                0x000000000000054c                abs
 .text          0x0000000000000554       0x10 /usr/lib/gcc/arm-none-eabi/9.2.1/../../../arm-none-eabi/lib/thumb/v6-m/nofp/libc_nano.a(lib_a-atexit.o)
                0x0000000000000554                atexit
 .text          0x0000000000000564        0xc /usr/lib/gcc/arm-none-eabi/9.2.1/../../../arm-none-eabi/lib/thumb/v6-m/nofp/libc_nano.a(lib_a-bzero.o)
                0x0000000000000564                bzero
 .text          0x0000000000000570        0xc /usr/lib/gcc/arm-none-eabi/9.2.1/../../../arm-none-eabi/lib/thumb/v6-m/nofp/libc_nano.a(lib_a-errno.o)
                0x0000000000000570                __errno
 .text          0x000000000000057c       0x2c /usr/lib/gcc/arm-none-eabi/9.2.1/../../../arm-none-eabi/lib/thumb/v6-m/nofp/libc_nano.a(lib_a-exit.o)
                0x000000000000057c                exit
 .text          0x00000000000005a8       0x28 /usr/lib/gcc/arm-none-eabi/9.2.1/../../../arm-none-eabi/lib/thumb/v6-m/nofp/libc_nano.a(lib_a-fini.o)
                0x00000000000005a8                __libc_fini_array
 .text          0x00000000000005d0       0x44 /usr/lib/gcc/arm-none-eabi/9.2.1/../../../arm-none-eabi/lib/thumb/v6-m/nofp/libc_nano.a(lib_a-init.o)
                0x00000000000005d0                __libc_init_array
 .text          0x0000000000000614       0x28 /usr/lib/gcc/arm-none-eabi/9.2.1/../../../arm-none-eabi/lib/thumb/v6-m/nofp/libc_nano.a(lib_a-malloc.o)
                0x0000000000000614                malloc
                0x0000000000000628                free
 .text          0x000000000000063c       0xa8 /usr/lib/gcc/arm-none-eabi/9.2.1/../../../arm-none-eabi/lib/thumb/v6-m/nofp/libc_nano.a(lib_a-memcpy-stub.o)
                0x000000000000063c                memcpy
 .text          0x00000000000006e4       0xa8 /usr/lib/gcc/arm-none-eabi/9.2.1/../../../arm-none-eabi/lib/thumb/v6-m/nofp/libc_nano.a(lib_a-memset.o)
                0x00000000000006e4                memset
 .text          0x000000000000078c       0xac /usr/lib/gcc/arm-none-eabi/9.2.1/../../../arm-none-eabi/lib/thumb/v6-m/nofp/libc_nano.a(lib_a-nano-freer.o)
                0x000000000000078c                _free_r
 .text          0x0000000000000838       0xcc /usr/lib/gcc/arm-none-eabi/9.2.1/../../../arm-none-eabi/lib/thumb/v6-m/nofp/libc_nano.a(lib_a-nano-mallocr.o)
                0x0000000000000838                _malloc_r
 .text          0x0000000000000904       0x24 /usr/lib/gcc/arm-none-eabi/9.2.1/../../../arm-none-eabi/lib/thumb/v6-m/nofp/libc_nano.a(lib_a-sbrkr.o)
                0x0000000000000904                _sbrk_r
 .text          0x0000000000000928       0x10 /usr/lib/gcc/arm-none-eabi/9.2.1/../../../arm-none-eabi/lib/thumb/v6-m/nofp/libc_nano.a(lib_a-strcpy.o)
                0x0000000000000928                strcpy
 .text          0x0000000000000938       0x68 /usr/lib/gcc/arm-none-eabi/9.2.1/../../../arm-none-eabi/lib/thumb/v6-m/nofp/libc_nano.a(lib_a-strlen-stub.o)
                0x0000000000000938                strlen
 .text          0x00000000000009a0       0xdc /usr/lib/gcc/arm-none-eabi/9.2.1/../../../arm-none-eabi/lib/thumb/v6-m/nofp/libc_nano.a(lib_a-__atexit.o)
                0x00000000000009a0                __register_exitproc
 .text          0x0000000000000a7c       0xbc /usr/lib/gcc/arm-none-eabi/9.2.1/../../../arm-none-eabi/lib/thumb/v6-m/nofp/libc_nano.a(lib_a-__call_atexit.o)
                0x0000000000000a7c                __call_exitprocs
 .text          0x0000000000000b38        0x8 /usr/lib/gcc/arm-none-eabi/9.2.1/../../../arm-none-eabi/lib/thumb/v6-m/nofp/libc_nano.a(lib_a-mlock.o)
                0x0000000000000b38                __malloc_lock
                0x0000000000000b3c                __malloc_unlock
 .text          0x0000000000000b40       0x14 /usr/lib/gcc/arm-none-eabi/9.2.1/thumb/v6-m/nofp/libgcc.a(_thumb1_case_uqi.o)
                0x0000000000000b40                __gnu_thumb1_case_uqi
 .text          0x0000000000000b54       0x14 /usr/lib/gcc/arm-none-eabi/9.2.1/thumb/v6-m/nofp/libgcc.a(_thumb1_case_shi.o)
                0x0000000000000b54                __gnu_thumb1_case_shi
 .text          0x0000000000000b68      0x114 /usr/lib/gcc/arm-none-eabi/9.2.1/thumb/v6-m/nofp/libgcc.a(_udivsi3.o)
                0x0000000000000b68                __udivsi3
                0x0000000000000b68                __aeabi_uidiv
                0x0000000000000c74                __aeabi_uidivmod
 .text          0x0000000000000c7c      0x1d4 /usr/lib/gcc/arm-none-eabi/9.2.1/thumb/v6-m/nofp/libgcc.a(_divsi3.o)
                0x0000000000000c7c                __aeabi_idiv
                0x0000000000000c7c                __divsi3
                0x0000000000000e48                __aeabi_idivmod
 .text          0x0000000000000e50        0x4 /usr/lib/gcc/arm-none-eabi/9.2.1/thumb/v6-m/nofp/libgcc.a(_dvmd_tls.o)
                0x0000000000000e50                __aeabi_ldiv0
                0x0000000000000e50                __aeabi_idiv0
 .text          0x0000000000000e54        0x4 /usr/lib/gcc/arm-none-eabi/9.2.1/../../../arm-none-eabi/lib/thumb/v6-m/nofp/libnosys.a(_exit.o)
                0x0000000000000e54                _exit
 *(.text*)
 .text._sbrk    0x0000000000000e58       0x38 CMakeFiles/Warp.dir/home/students/lpb32/Warp-Coursework-2/build/ksdk1.1/work/platform/utilities/src/fsl_misc_utilities.c.obj
                0x0000000000000e58                _sbrk
 .text.clockManagerCallbackRoutine
                0x0000000000000e90        0xc CMakeFiles/Warp.dir/home/students/lpb32/Warp-Coursework-2/build/ksdk1.1/work/demos/Warp/src/boot.c.obj
                0x0000000000000e90                clockManagerCallbackRoutine
 .text.callback0
                0x0000000000000e9c       0x14 CMakeFiles/Warp.dir/home/students/lpb32/Warp-Coursework-2/build/ksdk1.1/work/demos/Warp/src/boot.c.obj
                0x0000000000000e9c                callback0
 .text.lowPowerPinStates
                0x0000000000000eb0       0xb8 CMakeFiles/Warp.dir/home/students/lpb32/Warp-Coursework-2/build/ksdk1.1/work/demos/Warp/src/boot.c.obj
 .text.char2int
                0x0000000000000f68       0x24 CMakeFiles/Warp.dir/home/students/lpb32/Warp-Coursework-2/build/ksdk1.1/work/demos/Warp/src/boot.c.obj
 .text.RTC_IRQHandler
                0x0000000000000f8c       0x16 CMakeFiles/Warp.dir/home/students/lpb32/Warp-Coursework-2/build/ksdk1.1/work/demos/Warp/src/boot.c.obj
                0x0000000000000f8c                RTC_IRQHandler
 *fill*         0x0000000000000fa2        0x2 
 .text.RTC_Seconds_IRQHandler
                0x0000000000000fa4       0x10 CMakeFiles/Warp.dir/home/students/lpb32/Warp-Coursework-2/build/ksdk1.1/work/demos/Warp/src/boot.c.obj
                0x0000000000000fa4                RTC_Seconds_IRQHandler
 .text.LLWU_IRQHandler
                0x0000000000000fb4       0x10 CMakeFiles/Warp.dir/home/students/lpb32/Warp-Coursework-2/build/ksdk1.1/work/demos/Warp/src/boot.c.obj
                0x0000000000000fb4                LLWU_IRQHandler
 .text.PORTA_IRQHandler
                0x0000000000000fc4       0x10 CMakeFiles/Warp.dir/home/students/lpb32/Warp-Coursework-2/build/ksdk1.1/work/demos/Warp/src/boot.c.obj
                0x0000000000000fc4                PORTA_IRQHandler
 .text.warpEnableSPIpins
                0x0000000000000fd4       0x5c CMakeFiles/Warp.dir/home/students/lpb32/Warp-Coursework-2/build/ksdk1.1/work/demos/Warp/src/boot.c.obj
                0x0000000000000fd4                warpEnableSPIpins
 .text.warpDisableSPIpins
                0x0000000000001030       0x40 CMakeFiles/Warp.dir/home/students/lpb32/Warp-Coursework-2/build/ksdk1.1/work/demos/Warp/src/boot.c.obj
                0x0000000000001030                warpDisableSPIpins
 .text.warpEnableI2Cpins
                0x0000000000001070       0x2c CMakeFiles/Warp.dir/home/students/lpb32/Warp-Coursework-2/build/ksdk1.1/work/demos/Warp/src/boot.c.obj
                0x0000000000001070                warpEnableI2Cpins
 .text.warpDisableI2Cpins
                0x000000000000109c       0x20 CMakeFiles/Warp.dir/home/students/lpb32/Warp-Coursework-2/build/ksdk1.1/work/demos/Warp/src/boot.c.obj
                0x000000000000109c                warpDisableI2Cpins
 .text.warpScaleSupplyVoltage
                0x00000000000010bc        0xc CMakeFiles/Warp.dir/home/students/lpb32/Warp-Coursework-2/build/ksdk1.1/work/demos/Warp/src/boot.c.obj
                0x00000000000010bc                warpScaleSupplyVoltage
 .text.warpPrint
                0x00000000000010c8       0x4c CMakeFiles/Warp.dir/home/students/lpb32/Warp-Coursework-2/build/ksdk1.1/work/demos/Warp/src/boot.c.obj
                0x00000000000010c8                warpPrint
 .text.warpLowPowerSecondsSleep
                0x0000000000001114       0x2c CMakeFiles/Warp.dir/home/students/lpb32/Warp-Coursework-2/build/ksdk1.1/work/demos/Warp/src/boot.c.obj
                0x0000000000001114                warpLowPowerSecondsSleep
 .text.printBootSplash
                0x0000000000001140      0x104 CMakeFiles/Warp.dir/home/students/lpb32/Warp-Coursework-2/build/ksdk1.1/work/demos/Warp/src/boot.c.obj
                0x0000000000001140                printBootSplash
 .text.warpWaitKey
                0x0000000000001244        0xc CMakeFiles/Warp.dir/home/students/lpb32/Warp-Coursework-2/build/ksdk1.1/work/demos/Warp/src/boot.c.obj
                0x0000000000001244                warpWaitKey
 .text.readHexByte
                0x0000000000001250       0x2a CMakeFiles/Warp.dir/home/students/lpb32/Warp-Coursework-2/build/ksdk1.1/work/demos/Warp/src/boot.c.obj
 .text.read4digits
                0x000000000000127a       0x40 CMakeFiles/Warp.dir/home/students/lpb32/Warp-Coursework-2/build/ksdk1.1/work/demos/Warp/src/boot.c.obj
 *fill*         0x00000000000012ba        0x2 
 .text.loopForSensor
                0x00000000000012bc      0x1c4 CMakeFiles/Warp.dir/home/students/lpb32/Warp-Coursework-2/build/ksdk1.1/work/demos/Warp/src/boot.c.obj
                0x00000000000012bc                loopForSensor
 .text.writeByteToI2cDeviceRegister
                0x0000000000001480       0x44 CMakeFiles/Warp.dir/home/students/lpb32/Warp-Coursework-2/build/ksdk1.1/work/demos/Warp/src/boot.c.obj
                0x0000000000001480                writeByteToI2cDeviceRegister
 .text.writeBytesToSpi
                0x00000000000014c4       0x44 CMakeFiles/Warp.dir/home/students/lpb32/Warp-Coursework-2/build/ksdk1.1/work/demos/Warp/src/boot.c.obj
                0x00000000000014c4                writeBytesToSpi
 .text.startup.main
                0x0000000000001508      0xabc CMakeFiles/Warp.dir/home/students/lpb32/Warp-Coursework-2/build/ksdk1.1/work/demos/Warp/src/boot.c.obj
                0x0000000000001508                main
 .text.setSleepRtcAlarm
                0x0000000000001fc4       0x2e CMakeFiles/Warp.dir/home/students/lpb32/Warp-Coursework-2/build/ksdk1.1/work/demos/Warp/src/powermodes.c.obj
 *fill*         0x0000000000001ff2        0x2 
 .text.gpioDisableWakeUp
                0x0000000000001ff4       0x18 CMakeFiles/Warp.dir/home/students/lpb32/Warp-Coursework-2/build/ksdk1.1/work/demos/Warp/src/powermodes.c.obj
                0x0000000000001ff4                gpioDisableWakeUp
 .text.warpSetLowPowerMode
                0x000000000000200c      0x110 CMakeFiles/Warp.dir/home/students/lpb32/Warp-Coursework-2/build/ksdk1.1/work/demos/Warp/src/powermodes.c.obj
                0x000000000000200c                warpSetLowPowerMode
 .text.writeSensorRegisterMMA8451Q.part.0
                0x000000000000211c       0x58 CMakeFiles/Warp.dir/home/students/lpb32/Warp-Coursework-2/build/ksdk1.1/work/demos/Warp/src/devMMA8451Q.c.obj
 .text.configureSensorMMA8451Q
                0x0000000000002174       0x5c CMakeFiles/Warp.dir/home/students/lpb32/Warp-Coursework-2/build/ksdk1.1/work/demos/Warp/src/devMMA8451Q.c.obj
                0x0000000000002174                configureSensorMMA8451Q
 .text.initMMA8451Q
                0x00000000000021d0       0x5c CMakeFiles/Warp.dir/home/students/lpb32/Warp-Coursework-2/build/ksdk1.1/work/demos/Warp/src/devMMA8451Q.c.obj
                0x00000000000021d0                initMMA8451Q
 .text.readSensorRegisterMMA8451Q
                0x000000000000222c       0x7c CMakeFiles/Warp.dir/home/students/lpb32/Warp-Coursework-2/build/ksdk1.1/work/demos/Warp/src/devMMA8451Q.c.obj
                0x000000000000222c                readSensorRegisterMMA8451Q
 .text.printSensorDataMMA8451Q
                0x00000000000022a8       0xe0 CMakeFiles/Warp.dir/home/students/lpb32/Warp-Coursework-2/build/ksdk1.1/work/demos/Warp/src/devMMA8451Q.c.obj
                0x00000000000022a8                printSensorDataMMA8451Q
 .text._GetAvailWriteSpace
                0x0000000000002388       0x12 CMakeFiles/Warp.dir/home/students/lpb32/Warp-Coursework-2/build/ksdk1.1/work/demos/Warp/src/SEGGER_RTT.c.obj
 .text._WriteNoCheck
                0x000000000000239a       0x30 CMakeFiles/Warp.dir/home/students/lpb32/Warp-Coursework-2/build/ksdk1.1/work/demos/Warp/src/SEGGER_RTT.c.obj
 .text._WriteBlocking
                0x00000000000023ca       0x5a CMakeFiles/Warp.dir/home/students/lpb32/Warp-Coursework-2/build/ksdk1.1/work/demos/Warp/src/SEGGER_RTT.c.obj
 .text._DoInit  0x0000000000002424       0x5c CMakeFiles/Warp.dir/home/students/lpb32/Warp-Coursework-2/build/ksdk1.1/work/demos/Warp/src/SEGGER_RTT.c.obj
 .text.SEGGER_RTT_ReadNoLock
                0x0000000000002480       0xa4 CMakeFiles/Warp.dir/home/students/lpb32/Warp-Coursework-2/build/ksdk1.1/work/demos/Warp/src/SEGGER_RTT.c.obj
                0x0000000000002480                SEGGER_RTT_ReadNoLock
 .text.SEGGER_RTT_Read
                0x0000000000002524       0x1a CMakeFiles/Warp.dir/home/students/lpb32/Warp-Coursework-2/build/ksdk1.1/work/demos/Warp/src/SEGGER_RTT.c.obj
                0x0000000000002524                SEGGER_RTT_Read
 *fill*         0x000000000000253e        0x2 
 .text.SEGGER_RTT_WriteNoLock
                0x0000000000002540       0x6c CMakeFiles/Warp.dir/home/students/lpb32/Warp-Coursework-2/build/ksdk1.1/work/demos/Warp/src/SEGGER_RTT.c.obj
                0x0000000000002540                SEGGER_RTT_WriteNoLock
 .text.SEGGER_RTT_Write
                0x00000000000025ac       0x34 CMakeFiles/Warp.dir/home/students/lpb32/Warp-Coursework-2/build/ksdk1.1/work/demos/Warp/src/SEGGER_RTT.c.obj
                0x00000000000025ac                SEGGER_RTT_Write
 .text.SEGGER_RTT_WriteString
                0x00000000000025e0       0x18 CMakeFiles/Warp.dir/home/students/lpb32/Warp-Coursework-2/build/ksdk1.1/work/demos/Warp/src/SEGGER_RTT.c.obj
                0x00000000000025e0                SEGGER_RTT_WriteString
 .text.SEGGER_RTT_GetKey
                0x00000000000025f8       0x1e CMakeFiles/Warp.dir/home/students/lpb32/Warp-Coursework-2/build/ksdk1.1/work/demos/Warp/src/SEGGER_RTT.c.obj
                0x00000000000025f8                SEGGER_RTT_GetKey
 *fill*         0x0000000000002616        0x2 
 .text.SEGGER_RTT_ConfigUpBuffer
                0x0000000000002618       0x60 CMakeFiles/Warp.dir/home/students/lpb32/Warp-Coursework-2/build/ksdk1.1/work/demos/Warp/src/SEGGER_RTT.c.obj
                0x0000000000002618                SEGGER_RTT_ConfigUpBuffer
 .text._StoreChar
                0x0000000000002678       0x3e CMakeFiles/Warp.dir/home/students/lpb32/Warp-Coursework-2/build/ksdk1.1/work/demos/Warp/src/SEGGER_RTT_printf.c.obj
 *fill*         0x00000000000026b6        0x2 
 .text._PrintUnsigned
                0x00000000000026b8       0xe0 CMakeFiles/Warp.dir/home/students/lpb32/Warp-Coursework-2/build/ksdk1.1/work/demos/Warp/src/SEGGER_RTT_printf.c.obj
 .text.SEGGER_RTT_vprintf
                0x0000000000002798      0x26e CMakeFiles/Warp.dir/home/students/lpb32/Warp-Coursework-2/build/ksdk1.1/work/demos/Warp/src/SEGGER_RTT_printf.c.obj
                0x0000000000002798                SEGGER_RTT_vprintf
 .text.sqrtInt  0x0000000000002a06       0x28 CMakeFiles/Warp.dir/home/students/lpb32/Warp-Coursework-2/build/ksdk1.1/work/demos/Warp/src/activityClassifier.c.obj
                0x0000000000002a06                sqrtInt
 *fill*         0x0000000000002a2e        0x2 
 .text.shiftBuffer
                0x0000000000002a30       0x30 CMakeFiles/Warp.dir/home/students/lpb32/Warp-Coursework-2/build/ksdk1.1/work/demos/Warp/src/activityClassifier.c.obj
                0x0000000000002a30                shiftBuffer
 .text.applyLPF
                0x0000000000002a60       0x40 CMakeFiles/Warp.dir/home/students/lpb32/Warp-Coursework-2/build/ksdk1.1/work/demos/Warp/src/activityClassifier.c.obj
                0x0000000000002a60                applyLPF
 .text.simpleDiff
                0x0000000000002aa0      0x170 CMakeFiles/Warp.dir/home/students/lpb32/Warp-Coursework-2/build/ksdk1.1/work/demos/Warp/src/activityClassifier.c.obj
                0x0000000000002aa0                simpleDiff
 .text.calculateSpeed
                0x0000000000002c10       0x8c CMakeFiles/Warp.dir/home/students/lpb32/Warp-Coursework-2/build/ksdk1.1/work/demos/Warp/src/activityClassifier.c.obj
                0x0000000000002c10                calculateSpeed
 .text.identifyActivity
                0x0000000000002c9c       0x8c CMakeFiles/Warp.dir/home/students/lpb32/Warp-Coursework-2/build/ksdk1.1/work/demos/Warp/src/activityClassifier.c.obj
                0x0000000000002c9c                identifyActivity
 .text.classifierAlgorithm
                0x0000000000002d28      0x188 CMakeFiles/Warp.dir/home/students/lpb32/Warp-Coursework-2/build/ksdk1.1/work/demos/Warp/src/activityClassifier.c.obj
                0x0000000000002d28                classifierAlgorithm
 .text.I2C0_IRQHandler
                0x0000000000002eb0        0xa CMakeFiles/Warp.dir/home/students/lpb32/Warp-Coursework-2/build/ksdk1.1/work/platform/drivers/src/i2c/fsl_i2c_irq.c.obj
                0x0000000000002eb0                I2C0_IRQHandler
 .text.SPI0_IRQHandler
                0x0000000000002eba        0xa CMakeFiles/Warp.dir/home/students/lpb32/Warp-Coursework-2/build/ksdk1.1/work/platform/drivers/src/spi/fsl_spi_irq.c.obj
                0x0000000000002eba                SPI0_IRQHandler
 .text.LPUART0_IRQHandler
                0x0000000000002ec4        0xa CMakeFiles/Warp.dir/home/students/lpb32/Warp-Coursework-2/build/ksdk1.1/work/platform/drivers/src/lpuart/fsl_lpuart_irq.c.obj
                0x0000000000002ec4                LPUART0_IRQHandler
 *fill*         0x0000000000002ece        0x2 
 .text.SystemInit
                0x0000000000002ed0       0x84 CMakeFiles/Warp.dir/home/students/lpb32/Warp-Coursework-2/build/ksdk1.1/work/platform/startup/MKL03Z4/system_MKL03Z4.c.obj
                0x0000000000002ed0                SystemInit
 .text.init_data_bss
                0x0000000000002f54       0x70 CMakeFiles/Warp.dir/home/students/lpb32/Warp-Coursework-2/build/ksdk1.1/work/platform/startup/startup.c.obj
                0x0000000000002f54                init_data_bss
 .text.OSA_SemaCreate
                0x0000000000002fc4        0xe ../../../../lib/ksdk_platform_lib/armgcc/KL03Z4/release/libksdk_platform.a(fsl_os_abstraction_bm.c.obj)
                0x0000000000002fc4                OSA_SemaCreate
 .text.OSA_SemaPost
                0x0000000000002fd2       0x20 ../../../../lib/ksdk_platform_lib/armgcc/KL03Z4/release/libksdk_platform.a(fsl_os_abstraction_bm.c.obj)
                0x0000000000002fd2                OSA_SemaPost
 .text.OSA_SemaDestroy
                0x0000000000002ff2        0x4 ../../../../lib/ksdk_platform_lib/armgcc/KL03Z4/release/libksdk_platform.a(fsl_os_abstraction_bm.c.obj)
                0x0000000000002ff2                OSA_SemaDestroy
 .text.OSA_EventSet
                0x0000000000002ff6       0x18 ../../../../lib/ksdk_platform_lib/armgcc/KL03Z4/release/libksdk_platform.a(fsl_os_abstraction_bm.c.obj)
                0x0000000000002ff6                OSA_EventSet
 *fill*         0x000000000000300e        0x2 
 .text.task_init
                0x0000000000003010       0x38 ../../../../lib/ksdk_platform_lib/armgcc/KL03Z4/release/libksdk_platform.a(fsl_os_abstraction_bm.c.obj)
                0x0000000000003010                task_init
 .text.OSA_TimeGetMsec
                0x0000000000003048       0x10 ../../../../lib/ksdk_platform_lib/armgcc/KL03Z4/release/libksdk_platform.a(fsl_os_abstraction_bm.c.obj)
                0x0000000000003048                OSA_TimeGetMsec
 .text.OSA_SemaWait
                0x0000000000003058       0x7a ../../../../lib/ksdk_platform_lib/armgcc/KL03Z4/release/libksdk_platform.a(fsl_os_abstraction_bm.c.obj)
                0x0000000000003058                OSA_SemaWait
 .text.OSA_TimeDelay
                0x00000000000030d2       0x26 ../../../../lib/ksdk_platform_lib/armgcc/KL03Z4/release/libksdk_platform.a(fsl_os_abstraction_bm.c.obj)
                0x00000000000030d2                OSA_TimeDelay
 .text.OSA_EnterCritical
                0x00000000000030f8        0xc ../../../../lib/ksdk_platform_lib/armgcc/KL03Z4/release/libksdk_platform.a(fsl_os_abstraction_bm.c.obj)
                0x00000000000030f8                OSA_EnterCritical
 .text.OSA_ExitCritical
                0x0000000000003104        0xc ../../../../lib/ksdk_platform_lib/armgcc/KL03Z4/release/libksdk_platform.a(fsl_os_abstraction_bm.c.obj)
                0x0000000000003104                OSA_ExitCritical
 .text.OSA_Init
                0x0000000000003110       0x48 ../../../../lib/ksdk_platform_lib/armgcc/KL03Z4/release/libksdk_platform.a(fsl_os_abstraction_bm.c.obj)
                0x0000000000003110                OSA_Init
 .text.CLOCK_SYS_Init
                0x0000000000003158       0x18 ../../../../lib/ksdk_platform_lib/armgcc/KL03Z4/release/libksdk_platform.a(fsl_clock_manager.c.obj)
                0x0000000000003158                CLOCK_SYS_Init
 .text.CLOCK_SYS_UpdateConfiguration
                0x0000000000003170       0xfc ../../../../lib/ksdk_platform_lib/armgcc/KL03Z4/release/libksdk_platform.a(fsl_clock_manager.c.obj)
                0x0000000000003170                CLOCK_SYS_UpdateConfiguration
 .text.CLOCK_SYS_GetCurrentConfiguration
                0x000000000000326c        0xc ../../../../lib/ksdk_platform_lib/armgcc/KL03Z4/release/libksdk_platform.a(fsl_clock_manager.c.obj)
                0x000000000000326c                CLOCK_SYS_GetCurrentConfiguration
 .text.CLOCK_SYS_SetMcgliteMode
                0x0000000000003278       0x84 ../../../../lib/ksdk_platform_lib/armgcc/KL03Z4/release/libksdk_platform.a(fsl_clock_manager.c.obj)
                0x0000000000003278                CLOCK_SYS_SetMcgliteMode
 .text.SIM_HAL_GetGateCmd.constprop.0
                0x00000000000032fc       0x28 ../../../../lib/ksdk_platform_lib/armgcc/KL03Z4/release/libksdk_platform.a(fsl_clock_MKL03Z4.c.obj)
 .text.SIM_HAL_DisableClock.constprop.0
                0x0000000000003324       0x24 ../../../../lib/ksdk_platform_lib/armgcc/KL03Z4/release/libksdk_platform.a(fsl_clock_MKL03Z4.c.obj)
 .text.SIM_HAL_EnableClock.constprop.0
                0x0000000000003348       0x28 ../../../../lib/ksdk_platform_lib/armgcc/KL03Z4/release/libksdk_platform.a(fsl_clock_MKL03Z4.c.obj)
 .text.CLOCK_SYS_SetConfiguration
                0x0000000000003370       0x58 ../../../../lib/ksdk_platform_lib/armgcc/KL03Z4/release/libksdk_platform.a(fsl_clock_MKL03Z4.c.obj)
                0x0000000000003370                CLOCK_SYS_SetConfiguration
 .text.CLOCK_SYS_GetCoreClockFreq
                0x00000000000033c8       0x20 ../../../../lib/ksdk_platform_lib/armgcc/KL03Z4/release/libksdk_platform.a(fsl_clock_MKL03Z4.c.obj)
                0x00000000000033c8                CLOCK_SYS_GetCoreClockFreq
 .text.CLOCK_SYS_GetSystemClockFreq
                0x00000000000033e8        0x8 ../../../../lib/ksdk_platform_lib/armgcc/KL03Z4/release/libksdk_platform.a(fsl_clock_MKL03Z4.c.obj)
                0x00000000000033e8                CLOCK_SYS_GetSystemClockFreq
 .text.CLOCK_SYS_GetBusClockFreq
                0x00000000000033f0       0x20 ../../../../lib/ksdk_platform_lib/armgcc/KL03Z4/release/libksdk_platform.a(fsl_clock_MKL03Z4.c.obj)
                0x00000000000033f0                CLOCK_SYS_GetBusClockFreq
 .text.CLOCK_SYS_GetFlashClockFreq
                0x0000000000003410        0x8 ../../../../lib/ksdk_platform_lib/armgcc/KL03Z4/release/libksdk_platform.a(fsl_clock_MKL03Z4.c.obj)
                0x0000000000003410                CLOCK_SYS_GetFlashClockFreq
 .text.CLOCK_SYS_GetExternalRefClock32kFreq
                0x0000000000003418       0x3c ../../../../lib/ksdk_platform_lib/armgcc/KL03Z4/release/libksdk_platform.a(fsl_clock_MKL03Z4.c.obj)
                0x0000000000003418                CLOCK_SYS_GetExternalRefClock32kFreq
 .text.CLOCK_SYS_GetRtcFreq
                0x0000000000003454        0x8 ../../../../lib/ksdk_platform_lib/armgcc/KL03Z4/release/libksdk_platform.a(fsl_clock_MKL03Z4.c.obj)
                0x0000000000003454                CLOCK_SYS_GetRtcFreq
 .text.CLOCK_SYS_GetOsc0ExternalRefClockFreq
                0x000000000000345c       0x20 ../../../../lib/ksdk_platform_lib/armgcc/KL03Z4/release/libksdk_platform.a(fsl_clock_MKL03Z4.c.obj)
                0x000000000000345c                CLOCK_SYS_GetOsc0ExternalRefClockFreq
 .text.CLOCK_SYS_GetRtcOutFreq
                0x000000000000347c       0x18 ../../../../lib/ksdk_platform_lib/armgcc/KL03Z4/release/libksdk_platform.a(fsl_clock_MKL03Z4.c.obj)
                0x000000000000347c                CLOCK_SYS_GetRtcOutFreq
 .text.CLOCK_SYS_GetFreq
                0x0000000000003494       0x70 ../../../../lib/ksdk_platform_lib/armgcc/KL03Z4/release/libksdk_platform.a(fsl_clock_MKL03Z4.c.obj)
                0x0000000000003494                CLOCK_SYS_GetFreq
 .text.CLOCK_SYS_EnablePortClock
                0x0000000000003504       0x10 ../../../../lib/ksdk_platform_lib/armgcc/KL03Z4/release/libksdk_platform.a(fsl_clock_MKL03Z4.c.obj)
                0x0000000000003504                CLOCK_SYS_EnablePortClock
 .text.CLOCK_SYS_GetPortGateCmd
                0x0000000000003514       0x10 ../../../../lib/ksdk_platform_lib/armgcc/KL03Z4/release/libksdk_platform.a(fsl_clock_MKL03Z4.c.obj)
                0x0000000000003514                CLOCK_SYS_GetPortGateCmd
 .text.CLOCK_SYS_GetAdcGateCmd
                0x0000000000003524        0xa ../../../../lib/ksdk_platform_lib/armgcc/KL03Z4/release/libksdk_platform.a(fsl_clock_MKL03Z4.c.obj)
                0x0000000000003524                CLOCK_SYS_GetAdcGateCmd
 .text.CLOCK_SYS_EnableSpiClock
                0x000000000000352e        0xa ../../../../lib/ksdk_platform_lib/armgcc/KL03Z4/release/libksdk_platform.a(fsl_clock_MKL03Z4.c.obj)
                0x000000000000352e                CLOCK_SYS_EnableSpiClock
 .text.CLOCK_SYS_DisableSpiClock
                0x0000000000003538        0xa ../../../../lib/ksdk_platform_lib/armgcc/KL03Z4/release/libksdk_platform.a(fsl_clock_MKL03Z4.c.obj)
                0x0000000000003538                CLOCK_SYS_DisableSpiClock
 .text.CLOCK_SYS_GetSpiGateCmd
                0x0000000000003542        0xa ../../../../lib/ksdk_platform_lib/armgcc/KL03Z4/release/libksdk_platform.a(fsl_clock_MKL03Z4.c.obj)
                0x0000000000003542                CLOCK_SYS_GetSpiGateCmd
 .text.CLOCK_SYS_EnableI2cClock
                0x000000000000354c        0xa ../../../../lib/ksdk_platform_lib/armgcc/KL03Z4/release/libksdk_platform.a(fsl_clock_MKL03Z4.c.obj)
                0x000000000000354c                CLOCK_SYS_EnableI2cClock
 .text.CLOCK_SYS_DisableI2cClock
                0x0000000000003556        0xa ../../../../lib/ksdk_platform_lib/armgcc/KL03Z4/release/libksdk_platform.a(fsl_clock_MKL03Z4.c.obj)
                0x0000000000003556                CLOCK_SYS_DisableI2cClock
 .text.CLOCK_SYS_GetI2cGateCmd
                0x0000000000003560        0xa ../../../../lib/ksdk_platform_lib/armgcc/KL03Z4/release/libksdk_platform.a(fsl_clock_MKL03Z4.c.obj)
                0x0000000000003560                CLOCK_SYS_GetI2cGateCmd
 .text.CLOCK_SYS_GetLpuartGateCmd
                0x000000000000356a        0xa ../../../../lib/ksdk_platform_lib/armgcc/KL03Z4/release/libksdk_platform.a(fsl_clock_MKL03Z4.c.obj)
                0x000000000000356a                CLOCK_SYS_GetLpuartGateCmd
 .text.CLOCK_SYS_GetTpmGateCmd
                0x0000000000003574       0x10 ../../../../lib/ksdk_platform_lib/armgcc/KL03Z4/release/libksdk_platform.a(fsl_clock_MKL03Z4.c.obj)
                0x0000000000003574                CLOCK_SYS_GetTpmGateCmd
 .text.INT_SYS_EnableIRQGlobal
                0x0000000000003584       0x18 ../../../../lib/ksdk_platform_lib/armgcc/KL03Z4/release/libksdk_platform.a(fsl_interrupt_manager.c.obj)
                0x0000000000003584                INT_SYS_EnableIRQGlobal
 .text.INT_SYS_DisableIRQGlobal
                0x000000000000359c       0x10 ../../../../lib/ksdk_platform_lib/armgcc/KL03Z4/release/libksdk_platform.a(fsl_interrupt_manager.c.obj)
                0x000000000000359c                INT_SYS_DisableIRQGlobal
 .text.POWER_SYS_WaitForVlprStatus
                0x00000000000035ac       0x24 ../../../../lib/ksdk_platform_lib/armgcc/KL03Z4/release/libksdk_platform.a(fsl_power_manager.c.obj)
 .text.POWER_SYS_WaitForRunStatus
                0x00000000000035d0       0x3c ../../../../lib/ksdk_platform_lib/armgcc/KL03Z4/release/libksdk_platform.a(fsl_power_manager.c.obj)
 .text.POWER_SYS_Init
                0x000000000000360c       0x44 ../../../../lib/ksdk_platform_lib/armgcc/KL03Z4/release/libksdk_platform.a(fsl_power_manager.c.obj)
                0x000000000000360c                POWER_SYS_Init
 .text.POWER_SYS_SetMode
                0x0000000000003650      0x2e8 ../../../../lib/ksdk_platform_lib/armgcc/KL03Z4/release/libksdk_platform.a(fsl_power_manager.c.obj)
                0x0000000000003650                POWER_SYS_SetMode
 .text.POWER_SYS_GetCurrentMode
                0x0000000000003938       0x20 ../../../../lib/ksdk_platform_lib/armgcc/KL03Z4/release/libksdk_platform.a(fsl_power_manager.c.obj)
                0x0000000000003938                POWER_SYS_GetCurrentMode
 .text.GPIO_DRV_InputPinInit
                0x0000000000003958       0x90 ../../../../lib/ksdk_platform_lib/armgcc/KL03Z4/release/libksdk_platform.a(fsl_gpio_driver.c.obj)
                0x0000000000003958                GPIO_DRV_InputPinInit
 .text.GPIO_DRV_OutputPinInit
                0x00000000000039e8       0x58 ../../../../lib/ksdk_platform_lib/armgcc/KL03Z4/release/libksdk_platform.a(fsl_gpio_driver.c.obj)
                0x00000000000039e8                GPIO_DRV_OutputPinInit
 .text.GPIO_DRV_Init
                0x0000000000003a40       0x34 ../../../../lib/ksdk_platform_lib/armgcc/KL03Z4/release/libksdk_platform.a(fsl_gpio_driver.c.obj)
                0x0000000000003a40                GPIO_DRV_Init
 .text.GPIO_DRV_ClearPinOutput
                0x0000000000003a74       0x1c ../../../../lib/ksdk_platform_lib/armgcc/KL03Z4/release/libksdk_platform.a(fsl_gpio_driver.c.obj)
                0x0000000000003a74                GPIO_DRV_ClearPinOutput
 .text.I2C_DRV_IRQHandler
                0x0000000000003a90       0x28 ../../../../lib/ksdk_platform_lib/armgcc/KL03Z4/release/libksdk_platform.a(fsl_i2c_shared_function.c.obj)
                0x0000000000003a90                I2C_DRV_IRQHandler
 .text.I2C_HAL_WriteByte
                0x0000000000003ab8       0x14 ../../../../lib/ksdk_platform_lib/armgcc/KL03Z4/release/libksdk_platform.a(fsl_i2c_master_driver.c.obj)
 .text.I2C_DRV_MasterWait
                0x0000000000003acc       0x2c ../../../../lib/ksdk_platform_lib/armgcc/KL03Z4/release/libksdk_platform.a(fsl_i2c_master_driver.c.obj)
 .text.I2C_DRV_CompleteTransfer
                0x0000000000003af8       0x4c ../../../../lib/ksdk_platform_lib/armgcc/KL03Z4/release/libksdk_platform.a(fsl_i2c_master_driver.c.obj)
 .text.I2C_DRV_SendAddress.isra.0
                0x0000000000003b44       0xe8 ../../../../lib/ksdk_platform_lib/armgcc/KL03Z4/release/libksdk_platform.a(fsl_i2c_master_driver.c.obj)
 .text.I2C_DRV_MasterInit
                0x0000000000003c2c       0x78 ../../../../lib/ksdk_platform_lib/armgcc/KL03Z4/release/libksdk_platform.a(fsl_i2c_master_driver.c.obj)
                0x0000000000003c2c                I2C_DRV_MasterInit
 .text.I2C_DRV_MasterDeinit
                0x0000000000003ca4       0x4c ../../../../lib/ksdk_platform_lib/armgcc/KL03Z4/release/libksdk_platform.a(fsl_i2c_master_driver.c.obj)
                0x0000000000003ca4                I2C_DRV_MasterDeinit
 .text.I2C_DRV_MasterSetBaudRate
                0x0000000000003cf0       0x34 ../../../../lib/ksdk_platform_lib/armgcc/KL03Z4/release/libksdk_platform.a(fsl_i2c_master_driver.c.obj)
                0x0000000000003cf0                I2C_DRV_MasterSetBaudRate
 .text.I2C_DRV_MasterSend
                0x0000000000003d24       0xe0 ../../../../lib/ksdk_platform_lib/armgcc/KL03Z4/release/libksdk_platform.a(fsl_i2c_master_driver.c.obj)
 .text.I2C_DRV_MasterReceive
                0x0000000000003e04       0xf0 ../../../../lib/ksdk_platform_lib/armgcc/KL03Z4/release/libksdk_platform.a(fsl_i2c_master_driver.c.obj)
 .text.I2C_DRV_MasterSendDataBlocking
                0x0000000000003ef4       0x1a ../../../../lib/ksdk_platform_lib/armgcc/KL03Z4/release/libksdk_platform.a(fsl_i2c_master_driver.c.obj)
                0x0000000000003ef4                I2C_DRV_MasterSendDataBlocking
 .text.I2C_DRV_MasterReceiveDataBlocking
                0x0000000000003f0e       0x1a ../../../../lib/ksdk_platform_lib/armgcc/KL03Z4/release/libksdk_platform.a(fsl_i2c_master_driver.c.obj)
                0x0000000000003f0e                I2C_DRV_MasterReceiveDataBlocking
 .text.I2C_DRV_MasterIRQHandler
                0x0000000000003f28       0x9c ../../../../lib/ksdk_platform_lib/armgcc/KL03Z4/release/libksdk_platform.a(fsl_i2c_master_driver.c.obj)
                0x0000000000003f28                I2C_DRV_MasterIRQHandler
 .text.I2C_HAL_ClearInt
                0x0000000000003fc4        0xe ../../../../lib/ksdk_platform_lib/armgcc/KL03Z4/release/libksdk_platform.a(fsl_i2c_slave_driver.c.obj)
 *fill*         0x0000000000003fd2        0x2 
 .text.I2C_DRV_SlaveIRQHandler
                0x0000000000003fd4      0x250 ../../../../lib/ksdk_platform_lib/armgcc/KL03Z4/release/libksdk_platform.a(fsl_i2c_slave_driver.c.obj)
                0x0000000000003fd4                I2C_DRV_SlaveIRQHandler
 .text.LLWU_HAL_ClearExternalPinWakeupFlag
                0x0000000000004224       0x24 ../../../../lib/ksdk_platform_lib/armgcc/KL03Z4/release/libksdk_platform.a(fsl_llwu_hal.c.obj)
                0x0000000000004224                LLWU_HAL_ClearExternalPinWakeupFlag
 .text.LPUART_DRV_CompleteSendData
                0x0000000000004248       0x34 ../../../../lib/ksdk_platform_lib/armgcc/KL03Z4/release/libksdk_platform.a(fsl_lpuart_driver.c.obj)
 .text.LPUART_DRV_CompleteReceiveData
                0x000000000000427c       0x40 ../../../../lib/ksdk_platform_lib/armgcc/KL03Z4/release/libksdk_platform.a(fsl_lpuart_driver.c.obj)
 .text.LPUART_DRV_IrqHandler
                0x00000000000042bc       0xbc ../../../../lib/ksdk_platform_lib/armgcc/KL03Z4/release/libksdk_platform.a(fsl_lpuart_driver.c.obj)
                0x00000000000042bc                LPUART_DRV_IrqHandler
 .text.CLOCK_HAL_GetLircClk
                0x0000000000004378       0x34 ../../../../lib/ksdk_platform_lib/armgcc/KL03Z4/release/libksdk_platform.a(fsl_mcglite_hal.c.obj)
                0x0000000000004378                CLOCK_HAL_GetLircClk
 .text.CLOCK_HAL_GetInternalRefClk
                0x00000000000043ac       0x2c ../../../../lib/ksdk_platform_lib/armgcc/KL03Z4/release/libksdk_platform.a(fsl_mcglite_hal.c.obj)
                0x00000000000043ac                CLOCK_HAL_GetInternalRefClk
 .text.CLOCK_HAL_GetOutClk
                0x00000000000043d8       0x48 ../../../../lib/ksdk_platform_lib/armgcc/KL03Z4/release/libksdk_platform.a(fsl_mcglite_hal.c.obj)
                0x00000000000043d8                CLOCK_HAL_GetOutClk
 .text.CLOCK_HAL_GetMode
                0x0000000000004420       0x38 ../../../../lib/ksdk_platform_lib/armgcc/KL03Z4/release/libksdk_platform.a(fsl_mcglite_hal_modes.c.obj)
                0x0000000000004420                CLOCK_HAL_GetMode
 .text.CLOCK_HAL_SetHircMode
                0x0000000000004458       0x38 ../../../../lib/ksdk_platform_lib/armgcc/KL03Z4/release/libksdk_platform.a(fsl_mcglite_hal_modes.c.obj)
                0x0000000000004458                CLOCK_HAL_SetHircMode
 .text.CLOCK_HAL_SetLircMode
                0x0000000000004490       0x84 ../../../../lib/ksdk_platform_lib/armgcc/KL03Z4/release/libksdk_platform.a(fsl_mcglite_hal_modes.c.obj)
                0x0000000000004490                CLOCK_HAL_SetLircMode
 .text.CLOCK_HAL_SetExtMode
                0x0000000000004514       0x38 ../../../../lib/ksdk_platform_lib/armgcc/KL03Z4/release/libksdk_platform.a(fsl_mcglite_hal_modes.c.obj)
                0x0000000000004514                CLOCK_HAL_SetExtMode
 .text.OSC_HAL_SetExternalRefClkCmd
                0x000000000000454c        0xe ../../../../lib/ksdk_platform_lib/armgcc/KL03Z4/release/libksdk_platform.a(fsl_osc_hal.c.obj)
                0x000000000000454c                OSC_HAL_SetExternalRefClkCmd
 .text.OSC_HAL_GetExternalRefClkCmd
                0x000000000000455a       0x10 ../../../../lib/ksdk_platform_lib/armgcc/KL03Z4/release/libksdk_platform.a(fsl_osc_hal.c.obj)
                0x000000000000455a                OSC_HAL_GetExternalRefClkCmd
 .text.OSC_HAL_SetExternalRefClkInStopModeCmd
                0x000000000000456a        0xe ../../../../lib/ksdk_platform_lib/armgcc/KL03Z4/release/libksdk_platform.a(fsl_osc_hal.c.obj)
                0x000000000000456a                OSC_HAL_SetExternalRefClkInStopModeCmd
 .text.RTC_HAL_ConvertSecsToDatetime
                0x0000000000004578       0x9c ../../../../lib/ksdk_platform_lib/armgcc/KL03Z4/release/libksdk_platform.a(fsl_rtc_hal.c.obj)
                0x0000000000004578                RTC_HAL_ConvertSecsToDatetime
 .text.RTC_HAL_IsDatetimeCorrectFormat
                0x0000000000004614       0x54 ../../../../lib/ksdk_platform_lib/armgcc/KL03Z4/release/libksdk_platform.a(fsl_rtc_hal.c.obj)
                0x0000000000004614                RTC_HAL_IsDatetimeCorrectFormat
 .text.RTC_HAL_ConvertDatetimeToSecs
                0x0000000000004668       0x5c ../../../../lib/ksdk_platform_lib/armgcc/KL03Z4/release/libksdk_platform.a(fsl_rtc_hal.c.obj)
                0x0000000000004668                RTC_HAL_ConvertDatetimeToSecs
 .text.RTC_HAL_Enable
                0x00000000000046c4       0x28 ../../../../lib/ksdk_platform_lib/armgcc/KL03Z4/release/libksdk_platform.a(fsl_rtc_hal.c.obj)
                0x00000000000046c4                RTC_HAL_Enable
 .text.RTC_HAL_Init
                0x00000000000046ec       0x38 ../../../../lib/ksdk_platform_lib/armgcc/KL03Z4/release/libksdk_platform.a(fsl_rtc_hal.c.obj)
                0x00000000000046ec                RTC_HAL_Init
 .text.RTC_HAL_SetDatetimeInsecs
                0x0000000000004724       0x18 ../../../../lib/ksdk_platform_lib/armgcc/KL03Z4/release/libksdk_platform.a(fsl_rtc_hal.c.obj)
                0x0000000000004724                RTC_HAL_SetDatetimeInsecs
 .text.RTC_HAL_GetDatetimeInSecs
                0x000000000000473c        0x6 ../../../../lib/ksdk_platform_lib/armgcc/KL03Z4/release/libksdk_platform.a(fsl_rtc_hal.c.obj)
                0x000000000000473c                RTC_HAL_GetDatetimeInSecs
 *fill*         0x0000000000004742        0x2 
 .text.RTC_DRV_Init
                0x0000000000004744       0x58 ../../../../lib/ksdk_platform_lib/armgcc/KL03Z4/release/libksdk_platform.a(fsl_rtc_driver.c.obj)
                0x0000000000004744                RTC_DRV_Init
 .text.RTC_DRV_SetDatetime
                0x000000000000479c       0x50 ../../../../lib/ksdk_platform_lib/armgcc/KL03Z4/release/libksdk_platform.a(fsl_rtc_driver.c.obj)
                0x000000000000479c                RTC_DRV_SetDatetime
 .text.RTC_DRV_GetDatetime
                0x00000000000047ec       0x58 ../../../../lib/ksdk_platform_lib/armgcc/KL03Z4/release/libksdk_platform.a(fsl_rtc_driver.c.obj)
                0x00000000000047ec                RTC_DRV_GetDatetime
 .text.RTC_DRV_SetAlarm
                0x0000000000004844       0x6c ../../../../lib/ksdk_platform_lib/armgcc/KL03Z4/release/libksdk_platform.a(fsl_rtc_driver.c.obj)
                0x0000000000004844                RTC_DRV_SetAlarm
 .text.RTC_DRV_SetAlarmIntCmd
                0x00000000000048b0       0x18 ../../../../lib/ksdk_platform_lib/armgcc/KL03Z4/release/libksdk_platform.a(fsl_rtc_driver.c.obj)
                0x00000000000048b0                RTC_DRV_SetAlarmIntCmd
 .text.RTC_DRV_IsAlarmPending
                0x00000000000048c8       0x1c ../../../../lib/ksdk_platform_lib/armgcc/KL03Z4/release/libksdk_platform.a(fsl_rtc_driver.c.obj)
                0x00000000000048c8                RTC_DRV_IsAlarmPending
 .text.CLOCK_HAL_SetOutDiv
                0x00000000000048e4       0x1c ../../../../lib/ksdk_platform_lib/armgcc/KL03Z4/release/libksdk_platform.a(fsl_sim_hal_MKL03Z4.c.obj)
                0x00000000000048e4                CLOCK_HAL_SetOutDiv
 .text.SPI_DRV_IRQHandler
                0x0000000000004900       0x28 ../../../../lib/ksdk_platform_lib/armgcc/KL03Z4/release/libksdk_platform.a(fsl_spi_shared_function.c.obj)
                0x0000000000004900                SPI_DRV_IRQHandler
 .text.SPI_DRV_MasterCompleteTransfer
                0x0000000000004928       0x3c ../../../../lib/ksdk_platform_lib/armgcc/KL03Z4/release/libksdk_platform.a(fsl_spi_master_driver.c.obj)
 .text.SPI_DRV_MasterInit
                0x0000000000004964       0x84 ../../../../lib/ksdk_platform_lib/armgcc/KL03Z4/release/libksdk_platform.a(fsl_spi_master_driver.c.obj)
                0x0000000000004964                SPI_DRV_MasterInit
 .text.SPI_DRV_MasterDeinit
                0x00000000000049e8       0x48 ../../../../lib/ksdk_platform_lib/armgcc/KL03Z4/release/libksdk_platform.a(fsl_spi_master_driver.c.obj)
                0x00000000000049e8                SPI_DRV_MasterDeinit
 .text.SPI_DRV_MasterConfigureBus
                0x0000000000004a30       0x34 ../../../../lib/ksdk_platform_lib/armgcc/KL03Z4/release/libksdk_platform.a(fsl_spi_master_driver.c.obj)
                0x0000000000004a30                SPI_DRV_MasterConfigureBus
 .text.SPI_DRV_MasterStartTransfer
                0x0000000000004a64       0x84 ../../../../lib/ksdk_platform_lib/armgcc/KL03Z4/release/libksdk_platform.a(fsl_spi_master_driver.c.obj)
 .text.SPI_DRV_MasterTransferBlocking
                0x0000000000004ae8       0x58 ../../../../lib/ksdk_platform_lib/armgcc/KL03Z4/release/libksdk_platform.a(fsl_spi_master_driver.c.obj)
                0x0000000000004ae8                SPI_DRV_MasterTransferBlocking
 .text.SPI_DRV_MasterIRQHandler
                0x0000000000004b40       0x84 ../../../../lib/ksdk_platform_lib/armgcc/KL03Z4/release/libksdk_platform.a(fsl_spi_master_driver.c.obj)
                0x0000000000004b40                SPI_DRV_MasterIRQHandler
 .text.SPI_DRV_SlaveCompleteTransfer
                0x0000000000004bc4       0x4c ../../../../lib/ksdk_platform_lib/armgcc/KL03Z4/release/libksdk_platform.a(fsl_spi_slave_driver.c.obj)
 .text.SPI_DRV_SlaveIRQHandler
                0x0000000000004c10       0xa0 ../../../../lib/ksdk_platform_lib/armgcc/KL03Z4/release/libksdk_platform.a(fsl_spi_slave_driver.c.obj)
                0x0000000000004c10                SPI_DRV_SlaveIRQHandler
 .text.SMC_HAL_GetProtectionMode
                0x0000000000004cb0       0x20 ../../../../lib/ksdk_platform_lib/armgcc/KL03Z4/release/libksdk_platform.a(fsl_smc_hal.c.obj)
                0x0000000000004cb0                SMC_HAL_GetProtectionMode
 .text.SMC_HAL_SetRunMode
                0x0000000000004cd0       0x14 ../../../../lib/ksdk_platform_lib/armgcc/KL03Z4/release/libksdk_platform.a(fsl_smc_hal.c.obj)
                0x0000000000004cd0                SMC_HAL_SetRunMode
 .text.SMC_HAL_SetPorMode
                0x0000000000004ce4       0x10 ../../../../lib/ksdk_platform_lib/armgcc/KL03Z4/release/libksdk_platform.a(fsl_smc_hal.c.obj)
                0x0000000000004ce4                SMC_HAL_SetPorMode
 .text.SMC_HAL_SetPstopMode
                0x0000000000004cf4       0x14 ../../../../lib/ksdk_platform_lib/armgcc/KL03Z4/release/libksdk_platform.a(fsl_smc_hal.c.obj)
                0x0000000000004cf4                SMC_HAL_SetPstopMode
 .text.SMC_HAL_SetLpoMode
                0x0000000000004d08       0x10 ../../../../lib/ksdk_platform_lib/armgcc/KL03Z4/release/libksdk_platform.a(fsl_smc_hal.c.obj)
                0x0000000000004d08                SMC_HAL_SetLpoMode
 .text.SMC_HAL_SetMode
                0x0000000000004d18       0xf0 ../../../../lib/ksdk_platform_lib/armgcc/KL03Z4/release/libksdk_platform.a(fsl_smc_hal.c.obj)
                0x0000000000004d18                SMC_HAL_SetMode
 .text.SMC_HAL_GetStat
                0x0000000000004e08       0x10 ../../../../lib/ksdk_platform_lib/armgcc/KL03Z4/release/libksdk_platform.a(fsl_smc_hal.c.obj)
                0x0000000000004e08                SMC_HAL_GetStat
 .text.GPIO_HAL_SetPinDir
                0x0000000000004e18       0x1e ../../../../lib/ksdk_platform_lib/armgcc/KL03Z4/release/libksdk_platform.a(fsl_gpio_hal.c.obj)
                0x0000000000004e18                GPIO_HAL_SetPinDir
 .text.GPIO_HAL_WritePinOutput
                0x0000000000004e36       0x10 ../../../../lib/ksdk_platform_lib/armgcc/KL03Z4/release/libksdk_platform.a(fsl_gpio_hal.c.obj)
                0x0000000000004e36                GPIO_HAL_WritePinOutput
 .text.I2C_HAL_Init
                0x0000000000004e46       0x1c ../../../../lib/ksdk_platform_lib/armgcc/KL03Z4/release/libksdk_platform.a(fsl_i2c_hal.c.obj)
                0x0000000000004e46                I2C_HAL_Init
 *fill*         0x0000000000004e62        0x2 
 .text.I2C_HAL_SetBaudRate
                0x0000000000004e64       0x8c ../../../../lib/ksdk_platform_lib/armgcc/KL03Z4/release/libksdk_platform.a(fsl_i2c_hal.c.obj)
                0x0000000000004e64                I2C_HAL_SetBaudRate
 .text.I2C_HAL_SendStart
                0x0000000000004ef0       0x24 ../../../../lib/ksdk_platform_lib/armgcc/KL03Z4/release/libksdk_platform.a(fsl_i2c_hal.c.obj)
                0x0000000000004ef0                I2C_HAL_SendStart
 .text.I2C_HAL_SendStop
                0x0000000000004f14       0x42 ../../../../lib/ksdk_platform_lib/armgcc/KL03Z4/release/libksdk_platform.a(fsl_i2c_hal.c.obj)
                0x0000000000004f14                I2C_HAL_SendStop
 .text.LPUART_HAL_SetIntMode
                0x0000000000004f56       0x50 ../../../../lib/ksdk_platform_lib/armgcc/KL03Z4/release/libksdk_platform.a(fsl_lpuart_hal.c.obj)
                0x0000000000004f56                LPUART_HAL_SetIntMode
 .text.LPUART_HAL_GetIntMode
                0x0000000000004fa6       0x32 ../../../../lib/ksdk_platform_lib/armgcc/KL03Z4/release/libksdk_platform.a(fsl_lpuart_hal.c.obj)
                0x0000000000004fa6                LPUART_HAL_GetIntMode
 .text.LPUART_HAL_GetStatusFlag
                0x0000000000004fd8        0x8 ../../../../lib/ksdk_platform_lib/armgcc/KL03Z4/release/libksdk_platform.a(fsl_lpuart_hal.c.obj)
                0x0000000000004fd8                LPUART_HAL_GetStatusFlag
 .text.LPUART_HAL_ClearStatusFlag
                0x0000000000004fe0       0xac ../../../../lib/ksdk_platform_lib/armgcc/KL03Z4/release/libksdk_platform.a(fsl_lpuart_hal.c.obj)
                0x0000000000004fe0                LPUART_HAL_ClearStatusFlag
 .text.SPI_HAL_Init
                0x000000000000508c        0xe ../../../../lib/ksdk_platform_lib/armgcc/KL03Z4/release/libksdk_platform.a(fsl_spi_hal.c.obj)
                0x000000000000508c                SPI_HAL_Init
 .text.SPI_HAL_SetBaud
                0x000000000000509a       0x6e ../../../../lib/ksdk_platform_lib/armgcc/KL03Z4/release/libksdk_platform.a(fsl_spi_hal.c.obj)
                0x000000000000509a                SPI_HAL_SetBaud
 .text.SPI_HAL_SetSlaveSelectOutputMode
                0x0000000000005108       0x24 ../../../../lib/ksdk_platform_lib/armgcc/KL03Z4/release/libksdk_platform.a(fsl_spi_hal.c.obj)
                0x0000000000005108                SPI_HAL_SetSlaveSelectOutputMode
 .text.SPI_HAL_SetDataFormat
                0x000000000000512c       0x26 ../../../../lib/ksdk_platform_lib/armgcc/KL03Z4/release/libksdk_platform.a(fsl_spi_hal.c.obj)
                0x000000000000512c                SPI_HAL_SetDataFormat
 .text.SPI_HAL_SetPinMode
                0x0000000000005152       0x1e ../../../../lib/ksdk_platform_lib/armgcc/KL03Z4/release/libksdk_platform.a(fsl_spi_hal.c.obj)
                0x0000000000005152                SPI_HAL_SetPinMode
 *(.rodata)
 .rodata        0x0000000000005170        0x4 /usr/lib/gcc/arm-none-eabi/9.2.1/../../../arm-none-eabi/lib/thumb/v6-m/nofp/libc_nano.a(lib_a-impure.o)
                0x0000000000005170                _global_impure_ptr
 *(.rodata*)
 .rodata.debugPrintSPIsinkBuffer.str1.1
                0x0000000000005174       0x2a CMakeFiles/Warp.dir/home/students/lpb32/Warp-Coursework-2/build/ksdk1.1/work/demos/Warp/src/boot.c.obj
                                         0x2c (size before relaxing)
 .rodata.warpLowPowerSecondsSleep.str1.1
                0x000000000000519e       0x5e CMakeFiles/Warp.dir/home/students/lpb32/Warp-Coursework-2/build/ksdk1.1/work/demos/Warp/src/boot.c.obj
 .rodata.printBootSplash.str1.1
                0x00000000000051fc      0x24b CMakeFiles/Warp.dir/home/students/lpb32/Warp-Coursework-2/build/ksdk1.1/work/demos/Warp/src/boot.c.obj
 .rodata.loopForSensor.str1.1
                0x0000000000005447       0xd8 CMakeFiles/Warp.dir/home/students/lpb32/Warp-Coursework-2/build/ksdk1.1/work/demos/Warp/src/boot.c.obj
 .rodata.main.str1.1
                0x000000000000551f     0x12b7 CMakeFiles/Warp.dir/home/students/lpb32/Warp-Coursework-2/build/ksdk1.1/work/demos/Warp/src/boot.c.obj
                                       0x12c6 (size before relaxing)
 .rodata.gWarpEfmt
                0x00000000000067d6       0x26 CMakeFiles/Warp.dir/home/students/lpb32/Warp-Coursework-2/build/ksdk1.1/work/demos/Warp/src/errstrsEN.c.obj
                0x00000000000067d6                gWarpEfmt
 .rodata.initMMA8451Q.str1.1
                0x00000000000067fc       0x68 CMakeFiles/Warp.dir/home/students/lpb32/Warp-Coursework-2/build/ksdk1.1/work/demos/Warp/src/devMMA8451Q.c.obj
 .rodata.readSensorRegisterMMA8451Q.str1.1
                0x0000000000006864        0x2 CMakeFiles/Warp.dir/home/students/lpb32/Warp-Coursework-2/build/ksdk1.1/work/demos/Warp/src/devMMA8451Q.c.obj
 .rodata.printSensorDataMMA8451Q.str1.1
                0x0000000000006866       0x1c CMakeFiles/Warp.dir/home/students/lpb32/Warp-Coursework-2/build/ksdk1.1/work/demos/Warp/src/devMMA8451Q.c.obj
 .rodata._DoInit.str1.1
                0x0000000000006882       0x14 CMakeFiles/Warp.dir/home/students/lpb32/Warp-Coursework-2/build/ksdk1.1/work/demos/Warp/src/SEGGER_RTT.c.obj
 .rodata._aV2C.4439
                0x0000000000006896       0x10 CMakeFiles/Warp.dir/home/students/lpb32/Warp-Coursework-2/build/ksdk1.1/work/demos/Warp/src/SEGGER_RTT_printf.c.obj
 .rodata.classifierAlgorithm.str1.1
                0x00000000000068a6       0x9e CMakeFiles/Warp.dir/home/students/lpb32/Warp-Coursework-2/build/ksdk1.1/work/demos/Warp/src/activityClassifier.c.obj
 .rodata.portGateTable
                0x0000000000006944        0x2 ../../../../lib/ksdk_platform_lib/armgcc/KL03Z4/release/libksdk_platform.a(fsl_clock_MKL03Z4.c.obj)
 .rodata.tpmGateTable
                0x0000000000006946        0x2 ../../../../lib/ksdk_platform_lib/armgcc/KL03Z4/release/libksdk_platform.a(fsl_clock_MKL03Z4.c.obj)
 .rodata.g_i2cBaseAddr
                0x0000000000006948        0x4 ../../../../lib/ksdk_platform_lib/armgcc/KL03Z4/release/libksdk_platform.a(fsl_i2c_common.c.obj)
                0x0000000000006948                g_i2cBaseAddr
 .rodata.g_i2cIrqId
                0x000000000000694c        0x1 ../../../../lib/ksdk_platform_lib/armgcc/KL03Z4/release/libksdk_platform.a(fsl_i2c_common.c.obj)
                0x000000000000694c                g_i2cIrqId
 *fill*         0x000000000000694d        0x3 
 .rodata.g_lpuartBaseAddr
                0x0000000000006950        0x4 ../../../../lib/ksdk_platform_lib/armgcc/KL03Z4/release/libksdk_platform.a(fsl_lpuart_common.c.obj)
                0x0000000000006950                g_lpuartBaseAddr
 .rodata.LY     0x0000000000006954        0xd ../../../../lib/ksdk_platform_lib/armgcc/KL03Z4/release/libksdk_platform.a(fsl_rtc_hal.c.obj)
 *fill*         0x0000000000006961        0x1 
 .rodata.MONTH_DAYS
                0x0000000000006962       0x1a ../../../../lib/ksdk_platform_lib/armgcc/KL03Z4/release/libksdk_platform.a(fsl_rtc_hal.c.obj)
 .rodata.ULY    0x000000000000697c        0xd ../../../../lib/ksdk_platform_lib/armgcc/KL03Z4/release/libksdk_platform.a(fsl_rtc_hal.c.obj)
 *fill*         0x0000000000006989        0x3 
 .rodata.g_rtcBaseAddr
                0x000000000000698c        0x4 ../../../../lib/ksdk_platform_lib/armgcc/KL03Z4/release/libksdk_platform.a(fsl_rtc_common.c.obj)
                0x000000000000698c                g_rtcBaseAddr
 .rodata.g_rtcIrqId
                0x0000000000006990        0x1 ../../../../lib/ksdk_platform_lib/armgcc/KL03Z4/release/libksdk_platform.a(fsl_rtc_common.c.obj)
                0x0000000000006990                g_rtcIrqId
 .rodata.g_rtcSecondsIrqId
                0x0000000000006991        0x1 ../../../../lib/ksdk_platform_lib/armgcc/KL03Z4/release/libksdk_platform.a(fsl_rtc_common.c.obj)
                0x0000000000006991                g_rtcSecondsIrqId
 *fill*         0x0000000000006992        0x2 
 .rodata.g_spiBaseAddr
                0x0000000000006994        0x4 ../../../../lib/ksdk_platform_lib/armgcc/KL03Z4/release/libksdk_platform.a(fsl_spi_common.c.obj)
                0x0000000000006994                g_spiBaseAddr
 .rodata.g_spiIrqId
                0x0000000000006998        0x1 ../../../../lib/ksdk_platform_lib/armgcc/KL03Z4/release/libksdk_platform.a(fsl_spi_common.c.obj)
                0x0000000000006998                g_spiIrqId
 *fill*         0x0000000000006999        0x3 
 .rodata.g_oscBaseAddr
                0x000000000000699c        0x4 ../../../../lib/ksdk_platform_lib/armgcc/KL03Z4/release/libksdk_platform.a(fsl_clock_manager_common.c.obj)
                0x000000000000699c                g_oscBaseAddr
 .rodata.g_gpioBaseAddr
                0x00000000000069a0        0x8 ../../../../lib/ksdk_platform_lib/armgcc/KL03Z4/release/libksdk_platform.a(fsl_gpio_common.c.obj)
                0x00000000000069a0                g_gpioBaseAddr
 .rodata.g_portBaseAddr
                0x00000000000069a8        0x8 ../../../../lib/ksdk_platform_lib/armgcc/KL03Z4/release/libksdk_platform.a(fsl_gpio_common.c.obj)
                0x00000000000069a8                g_portBaseAddr
 .rodata.g_portIrqId
                0x00000000000069b0        0x2 ../../../../lib/ksdk_platform_lib/armgcc/KL03Z4/release/libksdk_platform.a(fsl_gpio_common.c.obj)
                0x00000000000069b0                g_portIrqId
 .rodata.kI2CDividerTable
                0x00000000000069b2       0xc8 ../../../../lib/ksdk_platform_lib/armgcc/KL03Z4/release/libksdk_platform.a(fsl_i2c_hal.c.obj)
                0x00000000000069b2                kI2CDividerTable
 *(.glue_7)
 .glue_7        0x0000000000006a7a        0x0 linker stubs
 *(.glue_7t)
 .glue_7t       0x0000000000006a7a        0x0 linker stubs
 *(.eh_frame)
 *fill*         0x0000000000006a7a        0x2 
 .eh_frame      0x0000000000006a7c        0x0 /usr/lib/gcc/arm-none-eabi/9.2.1/thumb/v6-m/nofp/crtbegin.o
 *(.init)
 .init          0x0000000000006a7c        0x4 /usr/lib/gcc/arm-none-eabi/9.2.1/thumb/v6-m/nofp/crti.o
                0x0000000000006a7c                _init
 .init          0x0000000000006a80        0x8 /usr/lib/gcc/arm-none-eabi/9.2.1/thumb/v6-m/nofp/crtn.o
 *(.fini)
 .fini          0x0000000000006a88        0x4 /usr/lib/gcc/arm-none-eabi/9.2.1/thumb/v6-m/nofp/crti.o
                0x0000000000006a88                _fini
 .fini          0x0000000000006a8c        0x8 /usr/lib/gcc/arm-none-eabi/9.2.1/thumb/v6-m/nofp/crtn.o
                0x0000000000006a94                . = ALIGN (0x4)

.vfp11_veneer   0x0000000000006a94        0x0
 .vfp11_veneer  0x0000000000006a94        0x0 linker stubs

.v4_bx          0x0000000000006a94        0x0
 .v4_bx         0x0000000000006a94        0x0 linker stubs

.iplt           0x0000000000006a94        0x0
 .iplt          0x0000000000006a94        0x0 /usr/lib/gcc/arm-none-eabi/9.2.1/thumb/v6-m/nofp/crtbegin.o

.ARM.extab
 *(.ARM.extab* .gnu.linkonce.armextab.*)

.ARM            0x0000000000006a94        0x8
                0x0000000000006a94                __exidx_start = .
 *(.ARM.exidx*)
 .ARM.exidx     0x0000000000006a94        0x8 /usr/lib/gcc/arm-none-eabi/9.2.1/../../../arm-none-eabi/lib/thumb/v6-m/nofp/crt0.o
                                         0x10 (size before relaxing)
                0x0000000000006a9c                __exidx_end = .

.rel.dyn        0x0000000000006a9c        0x0
 .rel.iplt      0x0000000000006a9c        0x0 /usr/lib/gcc/arm-none-eabi/9.2.1/thumb/v6-m/nofp/crtbegin.o

.ctors          0x0000000000006a9c        0x0
                0x0000000000006a9c                __CTOR_LIST__ = .
 *crtbegin.o(.ctors)
 *crtbegin?.o(.ctors)
 *(EXCLUDE_FILE(*crtend.o *crtend?.o) .ctors)
 *(SORT_BY_NAME(.ctors.*))
 *(.ctors)
                0x0000000000006a9c                __CTOR_END__ = .

.dtors          0x0000000000006a9c        0x0
                0x0000000000006a9c                __DTOR_LIST__ = .
 *crtbegin.o(.dtors)
 *crtbegin?.o(.dtors)
 *(EXCLUDE_FILE(*crtend.o *crtend?.o) .dtors)
 *(SORT_BY_NAME(.dtors.*))
 *(.dtors)
                0x0000000000006a9c                __DTOR_END__ = .

.preinit_array  0x0000000000006a9c        0x0
                0x0000000000006a9c                PROVIDE (__preinit_array_start = .)
 *(.preinit_array*)
                0x0000000000006a9c                PROVIDE (__preinit_array_end = .)

.init_array     0x0000000000006a9c        0x4
                0x0000000000006a9c                PROVIDE (__init_array_start = .)
 *(SORT_BY_NAME(.init_array.*))
 *(.init_array*)
 .init_array    0x0000000000006a9c        0x4 /usr/lib/gcc/arm-none-eabi/9.2.1/thumb/v6-m/nofp/crtbegin.o
                0x0000000000006aa0                PROVIDE (__init_array_end = .)

.fini_array     0x0000000000006aa0        0x4
                0x0000000000006aa0                PROVIDE (__fini_array_start = .)
 *(SORT_BY_NAME(.fini_array.*))
 *(.fini_array*)
 .fini_array    0x0000000000006aa0        0x4 /usr/lib/gcc/arm-none-eabi/9.2.1/thumb/v6-m/nofp/crtbegin.o
                0x0000000000006aa4                PROVIDE (__fini_array_end = .)
                0x0000000000006aa4                __etext = .
                0x0000000000006aa4                __DATA_ROM = .

.mtb            0x000000001ffffe00        0x0
                0x000000001ffffe00                . = ALIGN (0x8)
                0x000000001ffffe00                _mtb_start = .
 *(.mtb_buf)
                0x000000001ffffe00                . = ALIGN (0x8)
                0x000000001ffffe00                _mtb_end = .

.interrupts_ram
                0x000000001ffffe00        0x0
                0x000000001ffffe00                . = ALIGN (0x4)
                0x000000001ffffe00                __VECTOR_RAM__ = .
                0x000000001ffffe00                __interrupts_ram_start__ = .
 *(.m_interrupts_ram)
                0x000000001ffffe00                . = (. + M_VECTOR_RAM_SIZE)
                0x000000001ffffe00                . = ALIGN (0x4)
                0x000000001ffffe00                __interrupts_ram_end__ = .
                0x0000000000000000                __VECTOR_RAM = DEFINED (__ram_vector_table__)?__VECTOR_RAM__:ORIGIN (m_interrupts)
                0x0000000000000000                __RAM_VECTOR_TABLE_SIZE_BYTES = DEFINED (__ram_vector_table__)?(__interrupts_ram_end__ - __interrupts_ram_start__):0x0

.data           0x000000001ffffe00      0x160 load address 0x0000000000006aa4
                0x000000001ffffe00                . = ALIGN (0x4)
                0x000000001ffffe00                __DATA_RAM = .
                0x000000001ffffe00                __data_start__ = .
 *(.data)
 .data          0x000000001ffffe00       0x64 /usr/lib/gcc/arm-none-eabi/9.2.1/../../../arm-none-eabi/lib/thumb/v6-m/nofp/libc_nano.a(lib_a-impure.o)
                0x000000001ffffe00                _impure_ptr
 *(.data*)
 .data.clockCallbackTable
                0x000000001ffffe64        0x4 CMakeFiles/Warp.dir/home/students/lpb32/Warp-Coursework-2/build/ksdk1.1/work/demos/Warp/src/boot.c.obj
 .data.clockManagerCallbackUserlevelStructure
                0x000000001ffffe68        0xc CMakeFiles/Warp.dir/home/students/lpb32/Warp-Coursework-2/build/ksdk1.1/work/demos/Warp/src/boot.c.obj
                0x000000001ffffe68                clockManagerCallbackUserlevelStructure
 .data.gWarpCurrentSupplyVoltage
                0x000000001ffffe74        0x2 CMakeFiles/Warp.dir/home/students/lpb32/Warp-Coursework-2/build/ksdk1.1/work/demos/Warp/src/boot.c.obj
                0x000000001ffffe74                gWarpCurrentSupplyVoltage
 .data.gWarpExtraQuietMode
                0x000000001ffffe76        0x1 CMakeFiles/Warp.dir/home/students/lpb32/Warp-Coursework-2/build/ksdk1.1/work/demos/Warp/src/boot.c.obj
                0x000000001ffffe76                gWarpExtraQuietMode
 *fill*         0x000000001ffffe77        0x1 
 .data.gWarpI2cBaudRateKbps
                0x000000001ffffe78        0x4 CMakeFiles/Warp.dir/home/students/lpb32/Warp-Coursework-2/build/ksdk1.1/work/demos/Warp/src/boot.c.obj
                0x000000001ffffe78                gWarpI2cBaudRateKbps
 .data.gWarpI2cTimeoutMilliseconds
                0x000000001ffffe7c        0x4 CMakeFiles/Warp.dir/home/students/lpb32/Warp-Coursework-2/build/ksdk1.1/work/demos/Warp/src/boot.c.obj
                0x000000001ffffe7c                gWarpI2cTimeoutMilliseconds
 .data.gWarpSleeptimeSeconds
                0x000000001ffffe80        0x4 CMakeFiles/Warp.dir/home/students/lpb32/Warp-Coursework-2/build/ksdk1.1/work/demos/Warp/src/boot.c.obj
                0x000000001ffffe80                gWarpSleeptimeSeconds
 .data.gWarpSpiBaudRateKbps
                0x000000001ffffe84        0x4 CMakeFiles/Warp.dir/home/students/lpb32/Warp-Coursework-2/build/ksdk1.1/work/demos/Warp/src/boot.c.obj
                0x000000001ffffe84                gWarpSpiBaudRateKbps
 .data.gWarpSpiTimeoutMicroseconds
                0x000000001ffffe88        0x4 CMakeFiles/Warp.dir/home/students/lpb32/Warp-Coursework-2/build/ksdk1.1/work/demos/Warp/src/boot.c.obj
                0x000000001ffffe88                gWarpSpiTimeoutMicroseconds
 .data.gWarpUartBaudRateBps
                0x000000001ffffe8c        0x4 CMakeFiles/Warp.dir/home/students/lpb32/Warp-Coursework-2/build/ksdk1.1/work/demos/Warp/src/boot.c.obj
                0x000000001ffffe8c                gWarpUartBaudRateBps
 .data.LPFWeights
                0x000000001ffffe90       0x4e CMakeFiles/Warp.dir/home/students/lpb32/Warp-Coursework-2/build/ksdk1.1/work/demos/Warp/src/activityClassifier.c.obj
 .data.firstExcessTest
                0x000000001ffffede        0x1 CMakeFiles/Warp.dir/home/students/lpb32/Warp-Coursework-2/build/ksdk1.1/work/demos/Warp/src/activityClassifier.c.obj
 .data.firstTimeRunning
                0x000000001ffffedf        0x1 CMakeFiles/Warp.dir/home/students/lpb32/Warp-Coursework-2/build/ksdk1.1/work/demos/Warp/src/activityClassifier.c.obj
 .data.inputPins
                0x000000001ffffee0        0x8 CMakeFiles/Warp.dir/home/students/lpb32/Warp-Coursework-2/build/ksdk1.1/work/boards/Warp/gpio_pins.c.obj
                0x000000001ffffee0                inputPins
 .data.outputPins
                0x000000001ffffee8       0x60 CMakeFiles/Warp.dir/home/students/lpb32/Warp-Coursework-2/build/ksdk1.1/work/boards/Warp/gpio_pins.c.obj
                0x000000001ffffee8                outputPins
 .data.g_defaultClockConfigurations
                0x000000001fffff48       0x18 ../../../../lib/ksdk_platform_lib/armgcc/KL03Z4/release/libksdk_platform.a(fsl_clock_MKL03Z4.c.obj)
                0x000000001fffff48                g_defaultClockConfigurations
 *(.jcr*)
                0x000000001fffff60                . = ALIGN (0x4)
                0x000000001fffff60                __data_end__ = .
                0x0000000000006c04                __DATA_END = (__DATA_ROM + (__data_end__ - __data_start__))

.tm_clone_table
                0x000000001fffff60        0x0 load address 0x0000000000006c04
 .tm_clone_table
                0x000000001fffff60        0x0 /usr/lib/gcc/arm-none-eabi/9.2.1/thumb/v6-m/nofp/crtbegin.o
 .tm_clone_table
                0x000000001fffff60        0x0 /usr/lib/gcc/arm-none-eabi/9.2.1/thumb/v6-m/nofp/crtend.o

.igot.plt       0x000000001fffff60        0x0 load address 0x0000000000006c04
 .igot.plt      0x000000001fffff60        0x0 /usr/lib/gcc/arm-none-eabi/9.2.1/thumb/v6-m/nofp/crtbegin.o

.bss            0x000000001fffff60      0x458 load address 0x0000000000006c04
                0x000000001fffff60                . = ALIGN (0x4)
                0x000000001fffff60                __START_BSS = .
                0x000000001fffff60                __bss_start__ = .
 *(.bss)
 .bss           0x000000001fffff60       0x1c /usr/lib/gcc/arm-none-eabi/9.2.1/thumb/v6-m/nofp/crtbegin.o
 .bss           0x000000001fffff7c        0x8 /usr/lib/gcc/arm-none-eabi/9.2.1/../../../arm-none-eabi/lib/thumb/v6-m/nofp/libc_nano.a(lib_a-nano-mallocr.o)
                0x000000001fffff7c                __malloc_free_list
                0x000000001fffff80                __malloc_sbrk_start
 .bss           0x000000001fffff84       0x8c /usr/lib/gcc/arm-none-eabi/9.2.1/../../../arm-none-eabi/lib/thumb/v6-m/nofp/libc_nano.a(lib_a-__atexit.o)
 .bss           0x0000000020000010        0x4 /usr/lib/gcc/arm-none-eabi/9.2.1/../../../arm-none-eabi/lib/thumb/v6-m/nofp/libc_nano.a(lib_a-__call_atexit.o)
                0x0000000020000010                _global_atexit
 *(.bss*)
 .bss.heap_end.5296
                0x0000000020000014        0x4 CMakeFiles/Warp.dir/home/students/lpb32/Warp-Coursework-2/build/ksdk1.1/work/platform/utilities/src/fsl_misc_utilities.c.obj
 .bss.AccelerationBuffer
                0x0000000020000018       0x9c CMakeFiles/Warp.dir/home/students/lpb32/Warp-Coursework-2/build/ksdk1.1/work/demos/Warp/src/boot.c.obj
                0x0000000020000018                AccelerationBuffer
 .bss.LPFBuffer
                0x00000000200000b4       0x9c CMakeFiles/Warp.dir/home/students/lpb32/Warp-Coursework-2/build/ksdk1.1/work/demos/Warp/src/boot.c.obj
                0x00000000200000b4                LPFBuffer
 .bss.deviceMMA8451QState
                0x0000000020000150        0xa CMakeFiles/Warp.dir/home/students/lpb32/Warp-Coursework-2/build/ksdk1.1/work/demos/Warp/src/boot.c.obj
                0x0000000020000150                deviceMMA8451QState
 .bss.gWarpBooted
                0x000000002000015a        0x1 CMakeFiles/Warp.dir/home/students/lpb32/Warp-Coursework-2/build/ksdk1.1/work/demos/Warp/src/boot.c.obj
                0x000000002000015a                gWarpBooted
 .bss.gWarpPrintBuffer
                0x000000002000015b       0x40 CMakeFiles/Warp.dir/home/students/lpb32/Warp-Coursework-2/build/ksdk1.1/work/demos/Warp/src/boot.c.obj
                0x000000002000015b                gWarpPrintBuffer
 *fill*         0x000000002000019b        0x1 
 .bss.i2cMasterState
                0x000000002000019c       0x24 CMakeFiles/Warp.dir/home/students/lpb32/Warp-Coursework-2/build/ksdk1.1/work/demos/Warp/src/boot.c.obj
                0x000000002000019c                i2cMasterState
 .bss.spiMasterState
                0x00000000200001c0       0x30 CMakeFiles/Warp.dir/home/students/lpb32/Warp-Coursework-2/build/ksdk1.1/work/demos/Warp/src/boot.c.obj
                0x00000000200001c0                spiMasterState
 .bss.spiUserConfig
                0x00000000200001f0        0x8 CMakeFiles/Warp.dir/home/students/lpb32/Warp-Coursework-2/build/ksdk1.1/work/demos/Warp/src/boot.c.obj
                0x00000000200001f0                spiUserConfig
 .bss.timeAfter
                0x00000000200001f8        0x2 CMakeFiles/Warp.dir/home/students/lpb32/Warp-Coursework-2/build/ksdk1.1/work/demos/Warp/src/boot.c.obj
                0x00000000200001f8                timeAfter
 .bss.timeBefore
                0x00000000200001fa        0x2 CMakeFiles/Warp.dir/home/students/lpb32/Warp-Coursework-2/build/ksdk1.1/work/demos/Warp/src/boot.c.obj
                0x00000000200001fa                timeBefore
 .bss.timeDifference
                0x00000000200001fc        0x2 CMakeFiles/Warp.dir/home/students/lpb32/Warp-Coursework-2/build/ksdk1.1/work/demos/Warp/src/boot.c.obj
                0x00000000200001fc                timeDifference
 *fill*         0x00000000200001fe        0x2 
 .bss._SEGGER_RTT
                0x0000000020000200       0x78 CMakeFiles/Warp.dir/home/students/lpb32/Warp-Coursework-2/build/ksdk1.1/work/demos/Warp/src/SEGGER_RTT.c.obj
                0x0000000020000200                _SEGGER_RTT
 .bss._acDownBuffer
                0x0000000020000278        0x4 CMakeFiles/Warp.dir/home/students/lpb32/Warp-Coursework-2/build/ksdk1.1/work/demos/Warp/src/SEGGER_RTT.c.obj
 .bss._acUpBuffer
                0x000000002000027c       0x64 CMakeFiles/Warp.dir/home/students/lpb32/Warp-Coursework-2/build/ksdk1.1/work/demos/Warp/src/SEGGER_RTT.c.obj
 .bss.XCombined
                0x00000000200002e0        0x2 CMakeFiles/Warp.dir/home/students/lpb32/Warp-Coursework-2/build/ksdk1.1/work/demos/Warp/src/activityClassifier.c.obj
 .bss.YCombined
                0x00000000200002e2        0x2 CMakeFiles/Warp.dir/home/students/lpb32/Warp-Coursework-2/build/ksdk1.1/work/demos/Warp/src/activityClassifier.c.obj
 .bss.ZCombined
                0x00000000200002e4        0x2 CMakeFiles/Warp.dir/home/students/lpb32/Warp-Coursework-2/build/ksdk1.1/work/demos/Warp/src/activityClassifier.c.obj
 *fill*         0x00000000200002e6        0x2 
 .bss.accelerationMagnitude
                0x00000000200002e8        0x4 CMakeFiles/Warp.dir/home/students/lpb32/Warp-Coursework-2/build/ksdk1.1/work/demos/Warp/src/activityClassifier.c.obj
 .bss.activityReading
                0x00000000200002ec        0x1 CMakeFiles/Warp.dir/home/students/lpb32/Warp-Coursework-2/build/ksdk1.1/work/demos/Warp/src/activityClassifier.c.obj
 *fill*         0x00000000200002ed        0x1 
 .bss.characteristicUncertainty
                0x00000000200002ee        0x2 CMakeFiles/Warp.dir/home/students/lpb32/Warp-Coursework-2/build/ksdk1.1/work/demos/Warp/src/activityClassifier.c.obj
 .bss.cumulativeInflectionPoints
                0x00000000200002f0        0x2 CMakeFiles/Warp.dir/home/students/lpb32/Warp-Coursework-2/build/ksdk1.1/work/demos/Warp/src/activityClassifier.c.obj
 .bss.cumulativeSteps
                0x00000000200002f2        0x2 CMakeFiles/Warp.dir/home/students/lpb32/Warp-Coursework-2/build/ksdk1.1/work/demos/Warp/src/activityClassifier.c.obj
 .bss.cycleCounter
                0x00000000200002f4        0x1 CMakeFiles/Warp.dir/home/students/lpb32/Warp-Coursework-2/build/ksdk1.1/work/demos/Warp/src/activityClassifier.c.obj
 .bss.dataValid
                0x00000000200002f5        0x1 CMakeFiles/Warp.dir/home/students/lpb32/Warp-Coursework-2/build/ksdk1.1/work/demos/Warp/src/activityClassifier.c.obj
 *fill*         0x00000000200002f6        0x2 
 .bss.distance  0x00000000200002f8        0x4 CMakeFiles/Warp.dir/home/students/lpb32/Warp-Coursework-2/build/ksdk1.1/work/demos/Warp/src/activityClassifier.c.obj
 .bss.finalExcessTime
                0x00000000200002fc        0x2 CMakeFiles/Warp.dir/home/students/lpb32/Warp-Coursework-2/build/ksdk1.1/work/demos/Warp/src/activityClassifier.c.obj
 .bss.finalInflectionTime
                0x00000000200002fe        0x2 CMakeFiles/Warp.dir/home/students/lpb32/Warp-Coursework-2/build/ksdk1.1/work/demos/Warp/src/activityClassifier.c.obj
 .bss.firstExcessTime
                0x0000000020000300        0x2 CMakeFiles/Warp.dir/home/students/lpb32/Warp-Coursework-2/build/ksdk1.1/work/demos/Warp/src/activityClassifier.c.obj
 *fill*         0x0000000020000302        0x2 
 .bss.lastElement
                0x0000000020000304        0x4 CMakeFiles/Warp.dir/home/students/lpb32/Warp-Coursework-2/build/ksdk1.1/work/demos/Warp/src/activityClassifier.c.obj
 .bss.numberOfCycles
                0x0000000020000308        0x1 CMakeFiles/Warp.dir/home/students/lpb32/Warp-Coursework-2/build/ksdk1.1/work/demos/Warp/src/activityClassifier.c.obj
 *fill*         0x0000000020000309        0x1 
 .bss.numberOfInflectionPoints
                0x000000002000030a        0x2 CMakeFiles/Warp.dir/home/students/lpb32/Warp-Coursework-2/build/ksdk1.1/work/demos/Warp/src/activityClassifier.c.obj
 .bss.secondToLastElement
                0x000000002000030c        0x4 CMakeFiles/Warp.dir/home/students/lpb32/Warp-Coursework-2/build/ksdk1.1/work/demos/Warp/src/activityClassifier.c.obj
 .bss.speed     0x0000000020000310        0x4 CMakeFiles/Warp.dir/home/students/lpb32/Warp-Coursework-2/build/ksdk1.1/work/demos/Warp/src/activityClassifier.c.obj
 .bss.time      0x0000000020000314        0x4 CMakeFiles/Warp.dir/home/students/lpb32/Warp-Coursework-2/build/ksdk1.1/work/demos/Warp/src/activityClassifier.c.obj
 .bss.g_freeTaskControlBlock
                0x0000000020000318        0x4 ../../../../lib/ksdk_platform_lib/armgcc/KL03Z4/release/libksdk_platform.a(fsl_os_abstraction_bm.c.obj)
 .bss.g_taskControlBlockPool
                0x000000002000031c       0x50 ../../../../lib/ksdk_platform_lib/armgcc/KL03Z4/release/libksdk_platform.a(fsl_os_abstraction_bm.c.obj)
 .bss.g_taskListHead
                0x000000002000036c       0x10 ../../../../lib/ksdk_platform_lib/armgcc/KL03Z4/release/libksdk_platform.a(fsl_os_abstraction_bm.c.obj)
 .bss.g_clockState
                0x000000002000037c       0x10 ../../../../lib/ksdk_platform_lib/armgcc/KL03Z4/release/libksdk_platform.a(fsl_clock_manager.c.obj)
 .bss.g_interruptDisableCount
                0x000000002000038c        0x4 ../../../../lib/ksdk_platform_lib/armgcc/KL03Z4/release/libksdk_platform.a(fsl_interrupt_manager.c.obj)
                0x000000002000038c                g_interruptDisableCount
 .bss.gPowerManagerState
                0x0000000020000390       0x10 ../../../../lib/ksdk_platform_lib/armgcc/KL03Z4/release/libksdk_platform.a(fsl_power_manager.c.obj)
 .bss.g_i2cStatePtr
                0x00000000200003a0        0x4 ../../../../lib/ksdk_platform_lib/armgcc/KL03Z4/release/libksdk_platform.a(fsl_i2c_common.c.obj)
                0x00000000200003a0                g_i2cStatePtr
 .bss.g_lpuartStatePtr
                0x00000000200003a4        0x4 ../../../../lib/ksdk_platform_lib/armgcc/KL03Z4/release/libksdk_platform.a(fsl_lpuart_common.c.obj)
                0x00000000200003a4                g_lpuartStatePtr
 .bss.g_xtal0ClkFreq
                0x00000000200003a8        0x4 ../../../../lib/ksdk_platform_lib/armgcc/KL03Z4/release/libksdk_platform.a(fsl_mcglite_hal.c.obj)
                0x00000000200003a8                g_xtal0ClkFreq
 .bss.g_xtalRtcClkFreq
                0x00000000200003ac        0x4 ../../../../lib/ksdk_platform_lib/armgcc/KL03Z4/release/libksdk_platform.a(fsl_mcglite_hal.c.obj)
                0x00000000200003ac                g_xtalRtcClkFreq
 .bss.g_spiStatePtr
                0x00000000200003b0        0x4 ../../../../lib/ksdk_platform_lib/armgcc/KL03Z4/release/libksdk_platform.a(fsl_spi_shared_function.c.obj)
                0x00000000200003b0                g_spiStatePtr
 *(COMMON)
 COMMON         0x00000000200003b4        0x4 /usr/lib/gcc/arm-none-eabi/9.2.1/../../../arm-none-eabi/lib/thumb/v6-m/nofp/libc_nano.a(lib_a-reent.o)
                0x00000000200003b4                errno
                0x00000000200003b8                . = ALIGN (0x4)
                0x00000000200003b8                __bss_end__ = .
                0x00000000200003b8                __END_BSS = .

.heap           0x00000000200003b8        0x0
                0x00000000200003b8                . = ALIGN (0x8)
                0x00000000200003b8                __end__ = .
                0x00000000200003b8                PROVIDE (end = .)
                0x00000000200003b8                __HeapBase = .
                0x00000000200003b8                . = (. + HEAP_SIZE)
                0x00000000200003b8                __HeapLimit = .

.stack          0x00000000200003b8      0x200 load address 0x000000000000705c
                0x00000000200003b8                . = ALIGN (0x8)
                0x00000000200005b8                . = (. + STACK_SIZE)
 *fill*         0x00000000200003b8      0x200 
                0x0000000020000600                __StackTop = (ORIGIN (m_data) + LENGTH (m_data))
                0x0000000020000400                __StackLimit = (__StackTop - STACK_SIZE)
                0x0000000020000600                PROVIDE (__stack = __StackTop)

.ARM.attributes
                0x0000000000000000       0x28
 *(.ARM.attributes)
 .ARM.attributes
                0x0000000000000000       0x1e /usr/lib/gcc/arm-none-eabi/9.2.1/thumb/v6-m/nofp/crti.o
 .ARM.attributes
                0x000000000000001e       0x2c /usr/lib/gcc/arm-none-eabi/9.2.1/thumb/v6-m/nofp/crtbegin.o
 .ARM.attributes
                0x000000000000004a       0x1b /usr/lib/gcc/arm-none-eabi/9.2.1/../../../arm-none-eabi/lib/thumb/v6-m/nofp/crt0.o
 .ARM.attributes
                0x0000000000000065       0x2c CMakeFiles/Warp.dir/home/students/lpb32/Warp-Coursework-2/build/ksdk1.1/work/platform/utilities/src/fsl_misc_utilities.c.obj
 .ARM.attributes
                0x0000000000000091       0x1b CMakeFiles/Warp.dir/home/students/lpb32/Warp-Coursework-2/build/ksdk1.1/work/platform/startup/MKL03Z4/gcc/startup_MKL03Z4.S.obj
 .ARM.attributes
                0x00000000000000ac       0x2c CMakeFiles/Warp.dir/home/students/lpb32/Warp-Coursework-2/build/ksdk1.1/work/demos/Warp/src/boot.c.obj
 .ARM.attributes
                0x00000000000000d8       0x32 CMakeFiles/Warp.dir/home/students/lpb32/Warp-Coursework-2/build/ksdk1.1/work/demos/Warp/src/errstrsEN.c.obj
 .ARM.attributes
                0x000000000000010a       0x2c CMakeFiles/Warp.dir/home/students/lpb32/Warp-Coursework-2/build/ksdk1.1/work/demos/Warp/src/powermodes.c.obj
 .ARM.attributes
                0x0000000000000136       0x2c CMakeFiles/Warp.dir/home/students/lpb32/Warp-Coursework-2/build/ksdk1.1/work/demos/Warp/src/devMMA8451Q.c.obj
 .ARM.attributes
                0x0000000000000162       0x2c CMakeFiles/Warp.dir/home/students/lpb32/Warp-Coursework-2/build/ksdk1.1/work/demos/Warp/src/SEGGER_RTT.c.obj
 .ARM.attributes
                0x000000000000018e       0x2c CMakeFiles/Warp.dir/home/students/lpb32/Warp-Coursework-2/build/ksdk1.1/work/demos/Warp/src/SEGGER_RTT_printf.c.obj
 .ARM.attributes
                0x00000000000001ba       0x2c CMakeFiles/Warp.dir/home/students/lpb32/Warp-Coursework-2/build/ksdk1.1/work/demos/Warp/src/activityClassifier.c.obj
 .ARM.attributes
                0x00000000000001e6       0x2c CMakeFiles/Warp.dir/home/students/lpb32/Warp-Coursework-2/build/ksdk1.1/work/platform/drivers/src/i2c/fsl_i2c_irq.c.obj
 .ARM.attributes
                0x0000000000000212       0x2c CMakeFiles/Warp.dir/home/students/lpb32/Warp-Coursework-2/build/ksdk1.1/work/platform/drivers/src/spi/fsl_spi_irq.c.obj
 .ARM.attributes
                0x000000000000023e       0x2c CMakeFiles/Warp.dir/home/students/lpb32/Warp-Coursework-2/build/ksdk1.1/work/platform/drivers/src/lpuart/fsl_lpuart_irq.c.obj
 .ARM.attributes
                0x000000000000026a       0x2c CMakeFiles/Warp.dir/home/students/lpb32/Warp-Coursework-2/build/ksdk1.1/work/platform/startup/MKL03Z4/system_MKL03Z4.c.obj
 .ARM.attributes
                0x0000000000000296       0x2c CMakeFiles/Warp.dir/home/students/lpb32/Warp-Coursework-2/build/ksdk1.1/work/platform/startup/startup.c.obj
 .ARM.attributes
                0x00000000000002c2       0x32 CMakeFiles/Warp.dir/home/students/lpb32/Warp-Coursework-2/build/ksdk1.1/work/boards/Warp/gpio_pins.c.obj
 .ARM.attributes
                0x00000000000002f4       0x2c ../../../../lib/ksdk_platform_lib/armgcc/KL03Z4/release/libksdk_platform.a(fsl_os_abstraction_bm.c.obj)
 .ARM.attributes
                0x0000000000000320       0x2c ../../../../lib/ksdk_platform_lib/armgcc/KL03Z4/release/libksdk_platform.a(fsl_clock_manager.c.obj)
 .ARM.attributes
                0x000000000000034c       0x2c ../../../../lib/ksdk_platform_lib/armgcc/KL03Z4/release/libksdk_platform.a(fsl_clock_MKL03Z4.c.obj)
 .ARM.attributes
                0x0000000000000378       0x2c ../../../../lib/ksdk_platform_lib/armgcc/KL03Z4/release/libksdk_platform.a(fsl_interrupt_manager.c.obj)
 .ARM.attributes
                0x00000000000003a4       0x2c ../../../../lib/ksdk_platform_lib/armgcc/KL03Z4/release/libksdk_platform.a(fsl_power_manager.c.obj)
 .ARM.attributes
                0x00000000000003d0       0x2c ../../../../lib/ksdk_platform_lib/armgcc/KL03Z4/release/libksdk_platform.a(fsl_gpio_driver.c.obj)
 .ARM.attributes
                0x00000000000003fc       0x2c ../../../../lib/ksdk_platform_lib/armgcc/KL03Z4/release/libksdk_platform.a(fsl_i2c_shared_function.c.obj)
 .ARM.attributes
                0x0000000000000428       0x32 ../../../../lib/ksdk_platform_lib/armgcc/KL03Z4/release/libksdk_platform.a(fsl_i2c_common.c.obj)
 .ARM.attributes
                0x000000000000045a       0x2c ../../../../lib/ksdk_platform_lib/armgcc/KL03Z4/release/libksdk_platform.a(fsl_i2c_master_driver.c.obj)
 .ARM.attributes
                0x0000000000000486       0x2c ../../../../lib/ksdk_platform_lib/armgcc/KL03Z4/release/libksdk_platform.a(fsl_i2c_slave_driver.c.obj)
 .ARM.attributes
                0x00000000000004b2       0x2c ../../../../lib/ksdk_platform_lib/armgcc/KL03Z4/release/libksdk_platform.a(fsl_llwu_hal.c.obj)
 .ARM.attributes
                0x00000000000004de       0x2c ../../../../lib/ksdk_platform_lib/armgcc/KL03Z4/release/libksdk_platform.a(fsl_lpuart_driver.c.obj)
 .ARM.attributes
                0x000000000000050a       0x32 ../../../../lib/ksdk_platform_lib/armgcc/KL03Z4/release/libksdk_platform.a(fsl_lpuart_common.c.obj)
 .ARM.attributes
                0x000000000000053c       0x2c ../../../../lib/ksdk_platform_lib/armgcc/KL03Z4/release/libksdk_platform.a(fsl_mcglite_hal.c.obj)
 .ARM.attributes
                0x0000000000000568       0x2c ../../../../lib/ksdk_platform_lib/armgcc/KL03Z4/release/libksdk_platform.a(fsl_mcglite_hal_modes.c.obj)
 .ARM.attributes
                0x0000000000000594       0x2c ../../../../lib/ksdk_platform_lib/armgcc/KL03Z4/release/libksdk_platform.a(fsl_osc_hal.c.obj)
 .ARM.attributes
                0x00000000000005c0       0x2c ../../../../lib/ksdk_platform_lib/armgcc/KL03Z4/release/libksdk_platform.a(fsl_rtc_hal.c.obj)
 .ARM.attributes
                0x00000000000005ec       0x2c ../../../../lib/ksdk_platform_lib/armgcc/KL03Z4/release/libksdk_platform.a(fsl_rtc_driver.c.obj)
 .ARM.attributes
                0x0000000000000618       0x32 ../../../../lib/ksdk_platform_lib/armgcc/KL03Z4/release/libksdk_platform.a(fsl_rtc_common.c.obj)
 .ARM.attributes
                0x000000000000064a       0x2c ../../../../lib/ksdk_platform_lib/armgcc/KL03Z4/release/libksdk_platform.a(fsl_sim_hal_MKL03Z4.c.obj)
 .ARM.attributes
                0x0000000000000676       0x2c ../../../../lib/ksdk_platform_lib/armgcc/KL03Z4/release/libksdk_platform.a(fsl_spi_shared_function.c.obj)
 .ARM.attributes
                0x00000000000006a2       0x2c ../../../../lib/ksdk_platform_lib/armgcc/KL03Z4/release/libksdk_platform.a(fsl_spi_master_driver.c.obj)
 .ARM.attributes
                0x00000000000006ce       0x2c ../../../../lib/ksdk_platform_lib/armgcc/KL03Z4/release/libksdk_platform.a(fsl_spi_slave_driver.c.obj)
 .ARM.attributes
                0x00000000000006fa       0x32 ../../../../lib/ksdk_platform_lib/armgcc/KL03Z4/release/libksdk_platform.a(fsl_spi_common.c.obj)
 .ARM.attributes
                0x000000000000072c       0x2c ../../../../lib/ksdk_platform_lib/armgcc/KL03Z4/release/libksdk_platform.a(fsl_smc_hal.c.obj)
 .ARM.attributes
                0x0000000000000758       0x32 ../../../../lib/ksdk_platform_lib/armgcc/KL03Z4/release/libksdk_platform.a(fsl_clock_manager_common.c.obj)
 .ARM.attributes
                0x000000000000078a       0x2c ../../../../lib/ksdk_platform_lib/armgcc/KL03Z4/release/libksdk_platform.a(fsl_gpio_hal.c.obj)
 .ARM.attributes
                0x00000000000007b6       0x32 ../../../../lib/ksdk_platform_lib/armgcc/KL03Z4/release/libksdk_platform.a(fsl_gpio_common.c.obj)
 .ARM.attributes
                0x00000000000007e8       0x2c ../../../../lib/ksdk_platform_lib/armgcc/KL03Z4/release/libksdk_platform.a(fsl_i2c_hal.c.obj)
 .ARM.attributes
                0x0000000000000814       0x2c ../../../../lib/ksdk_platform_lib/armgcc/KL03Z4/release/libksdk_platform.a(fsl_lpuart_hal.c.obj)
 .ARM.attributes
                0x0000000000000840       0x2c ../../../../lib/ksdk_platform_lib/armgcc/KL03Z4/release/libksdk_platform.a(fsl_spi_hal.c.obj)
 .ARM.attributes
                0x000000000000086c       0x2c /usr/lib/gcc/arm-none-eabi/9.2.1/../../../arm-none-eabi/lib/thumb/v6-m/nofp/libc_nano.a(lib_a-abs.o)
 .ARM.attributes
                0x0000000000000898       0x2c /usr/lib/gcc/arm-none-eabi/9.2.1/../../../arm-none-eabi/lib/thumb/v6-m/nofp/libc_nano.a(lib_a-atexit.o)
 .ARM.attributes
                0x00000000000008c4       0x2c /usr/lib/gcc/arm-none-eabi/9.2.1/../../../arm-none-eabi/lib/thumb/v6-m/nofp/libc_nano.a(lib_a-bzero.o)
 .ARM.attributes
                0x00000000000008f0       0x2c /usr/lib/gcc/arm-none-eabi/9.2.1/../../../arm-none-eabi/lib/thumb/v6-m/nofp/libc_nano.a(lib_a-errno.o)
 .ARM.attributes
                0x000000000000091c       0x2c /usr/lib/gcc/arm-none-eabi/9.2.1/../../../arm-none-eabi/lib/thumb/v6-m/nofp/libc_nano.a(lib_a-exit.o)
 .ARM.attributes
                0x0000000000000948       0x2c /usr/lib/gcc/arm-none-eabi/9.2.1/../../../arm-none-eabi/lib/thumb/v6-m/nofp/libc_nano.a(lib_a-fini.o)
 .ARM.attributes
                0x0000000000000974       0x2c /usr/lib/gcc/arm-none-eabi/9.2.1/../../../arm-none-eabi/lib/thumb/v6-m/nofp/libc_nano.a(lib_a-impure.o)
 .ARM.attributes